// Vitest Snapshot v1, https://vitest.dev/guide/snapshot.html

exports[`displayClimateInfo - VPCI50 観測点の値表示 + 値なし観測点 > NO_COLOR snapshot: VPCI50 東北 30_02 (降水量 + 平年値) 1`] = `
"
┌──────────────────────────────────────────────────────────────────────────────┐
│ 地方天候情報  発表  [情報]                                                   │
│ 梅雨の時期に関する東北地方気象情報                                           │
├──────────────────────────────────────────────────────────────────────────────┤
│ [ヘッドライン]                                                               │
│   東北南部と東北北部は、梅雨明けしたとみられます。                           │
├──────────────────────────────────────────────────────────────────────────────┤
│ [対象地域]                                                                   │
│   東北地方                                                                   │
├──────────────────────────────────────────────────────────────────────────────┤
│ [本文]                                                                       │
│   ▸ 本文                                                                     │
│     梅雨前線の活動が弱まり、東北地方は、現在晴れているところが多くなっていま │
│     す。                                                                     │
│      向こう１週間は、期間の後半は湿った気流の影響で雲が広がりやすくにわか雨  │
│      の降る日もありますが、前半は太平洋高気圧に覆われておおむねはれる見込み  │
│      です。                                                                  │
│      このため、東北南部・東北北部は８月５日ごろ梅雨明けしたとみられます。    │
├──────────────────────────────────────────────────────────────────────────────┤
│   ▸ 梅雨明け ８月５日ごろ (平年 ７月２７日ごろ)                              │
│     対象: 東北北部                                                           │
│   ▸ 梅雨明け ８月５日ごろ (平年 ７月２３日ごろ / 昨年 ８月１日ごろ)          │
│     対象: 東北南部                                                           │
├──────────────────────────────────────────────────────────────────────────────┤
│ [観測点別気候値] ６月２０日から８月４日まで                                  │
│   青森     降水 132.5mm (平年 153.0mm)                                       │
│   秋田     降水 283.0mm (平年 265.4mm)                                       │
│   盛岡     降水 189.5mm (平年 240.6mm)                                       │
│   仙台     降水 451.0mm (平年 280.3mm)                                       │
│   山形     降水 328.0mm (平年 232.8mm)                                       │
│   福島     降水 425.5mm (平年 249.7mm)                                       │
├──────────────────────────────────────────────────────────────────────────────┤
│ VPCI50  2008-08-05 11:00:00  気象庁                                          │
└──────────────────────────────────────────────────────────────────────────────┘
"
`;

exports[`displayClimateInfo - controlTitle 出し分け + seasonEvents > NO_COLOR snapshot: VPCI50 地方天候情報 1`] = `
"
┌──────────────────────────────────────────────────────────────────────────────┐
│ 地方天候情報  発表  [情報]                                                   │
│ 梅雨の時期に関する関東甲信地方気象情報                                       │
├──────────────────────────────────────────────────────────────────────────────┤
│ [ヘッドライン]                                                               │
│   関東甲信地方は梅雨明けしたとみられます。                                   │
├──────────────────────────────────────────────────────────────────────────────┤
│ [対象地域]                                                                   │
│   関東甲信地方                                                               │
├──────────────────────────────────────────────────────────────────────────────┤
│ [本文]                                                                       │
│   ▸ 本文                                                                     │
│     梅雨前線の活動が弱まり、関東甲信地方は、現在晴れているところが多くなって │
│     います。                                                                 │
│      向こう１週間は、期間の後半は湿った気流の影響で雲が広がりやすくにわか雨  │
│      の降る日もありますが、前半は太平洋高気圧に覆われておおむねはれる見込み  │
│      です。                                                                  │
│      このため、関東甲信地方は７月１９日ごろ梅雨明けしたとみられます。        │
├──────────────────────────────────────────────────────────────────────────────┤
│   ▸ 梅雨明け ７月１９日ごろ (平年 ７月２０日ごろ / 昨年 ８月１日ごろ)        │
├──────────────────────────────────────────────────────────────────────────────┤
│ [観測点別気候値] ６月２日から７月１８日まで                                  │
│   水戸     降水 140.0mm (平年 231.8mm)                                       │
│   宇都宮   降水 156.0mm (平年 302.9mm)                                       │
│   前橋     降水 309.0mm (平年 262.1mm)                                       │
│   熊谷     降水 203.5mm (平年 255.1mm)                                       │
│   東京     降水 262.0mm (平年 275.0mm)                                       │
│   銚子     降水 301.0mm (平年 232.8mm)                                       │
│   横浜     降水 227.0mm (平年 306.6mm)                                       │
│   長野     降水 164.5mm (平年 207.4mm)                                       │
│   甲府     降水 249.0mm (平年 214.4mm)                                       │
│   八丈島   降水 458.5mm (平年 525.1mm)                                       │
├──────────────────────────────────────────────────────────────────────────────┤
│ VPCI50  2008-07-19 11:00:00  気象庁                                          │
└──────────────────────────────────────────────────────────────────────────────┘
"
`;

exports[`displayClimateInfo - controlTitle 出し分け + seasonEvents > NO_COLOR snapshot: VPZI50 既存表示 (controlTitle 化の退行ガード) 1`] = `
"
┌──────────────────────────────────────────────────────────────────────────────┐
│ 全般天候情報  発表  [情報]                                                   │
│ 東日本と西日本の長期間の高温と少雨に関する全般気象情報                       │
├──────────────────────────────────────────────────────────────────────────────┤
│ [ヘッドライン]                                                               │
│   東日本と西日本では、１１月下旬頃から気温が高く降水量の少ない状態が続いてい │
│   ます。この状態は、今後１週間程度は続く見込みです。農作物の管理等十分に注意 │
│   してください。                                                             │
├──────────────────────────────────────────────────────────────────────────────┤
│ [対象地域]                                                                   │
│   全国                                                                       │
├──────────────────────────────────────────────────────────────────────────────┤
│ [本文]                                                                       │
│   ▸ 概況                                                                     │
│     東日本と西日本では１１月下旬頃から、移動性の高気圧に覆われて晴れる日が多 │
│     く、気温が高く降水量の少ない状態が続いています。                         │
│     対象: 東日本, 西日本                                                     │
│   ▸ 今後の見通し                                                             │
│     この状態は、今後１週間程度は続く見込みです。                             │
│     対象: 東日本, 西日本                                                     │
│   ▸ 防災事項                                                                 │
│     農作物の管理等に十分注意してください。                                   │
│     対象: 東日本, 西日本                                                     │
├──────────────────────────────────────────────────────────────────────────────┤
│ [観測点別気候値] １１月２６日から１月９日まで                                │
│   東京     気温  9.2℃ +1.6℃  降水 19.5mm 平年比 23%                          │
│   名古屋   気温  8.3℃ +1.2℃  降水 61.5mm 平年比 74%                          │
│   大阪     気温  9.2℃ +0.6℃  降水 20.5mm 平年比 26%                          │
│   広島     気温  8.3℃ +0.7℃  降水 58.0mm 平年比 78%                          │
│   高松     気温  8.6℃ +0.5℃  降水 24.5mm 平年比 39%                          │
│   福岡     気温  9.9℃ +0.8℃  降水 59.5mm 平年比 58%                          │
│   鹿児島   気温 11.4℃ +0.5℃  降水 99.5mm 平年比 79%                          │
├──────────────────────────────────────────────────────────────────────────────┤
│ [末文]                                                                       │
│   今後の気象情報等に留意してください。                                       │
│   観測値と平年比（平年差）は、気象庁ホームページに掲載しています。           │
│   気象庁ホームページ ＞ 各種データ・資料 ＞ 最新の気象データ ＞ 天候の状況   │
│   を参照ください。                                                           │
├──────────────────────────────────────────────────────────────────────────────┤
│ VPZI50  2024-01-10 16:00:00  気象庁                                          │
└──────────────────────────────────────────────────────────────────────────────┘
"
`;

exports[`displayClimateInfo - seasonEvents 発表なし + 地域表示 (30_03 東北) > NO_COLOR snapshot: VPCI50 東北 梅雨明け非発表 (seasonEvents 地域表示つき) 1`] = `
"
┌──────────────────────────────────────────────────────────────────────────────┐
│ 地方天候情報  発表  [情報]                                                   │
│ 梅雨の時期に関する東北地方気象情報                                           │
├──────────────────────────────────────────────────────────────────────────────┤
│ [ヘッドライン]                                                               │
│   東北南部と東北北部は、今年の梅雨明けの発表を行わないこととしました。       │
├──────────────────────────────────────────────────────────────────────────────┤
│ [対象地域]                                                                   │
│   東北地方                                                                   │
├──────────────────────────────────────────────────────────────────────────────┤
│ [本文]                                                                       │
│   ▸ 本文                                                                     │
│     東北南部は６月１０日ごろに、東北北部は６月１１日ごろに梅雨入り以降、     │
│     梅雨前線やオホーツク海高気圧の影響でぐずついた天気が続き、               │
│     ８月に入っても晴れの日は長続きせず、これまでのところ明確に梅雨明けと判断 │
│     できる時期はありませんでした。                                           │
│      このため、東北南部と東北北部については今年の梅雨明けの発表を行わないこ  │
│      ととしました。                                                          │
├──────────────────────────────────────────────────────────────────────────────┤
│   ▸ 梅雨明け （発表なし） (平年 ７月２７日ごろ / 昨年 ８月５日ごろ)          │
│     対象: 東北北部                                                           │
│   ▸ 梅雨明け （発表なし） (平年 ７月２３日ごろ / 昨年 ８月６日ごろ)          │
│     対象: 東北南部                                                           │
├──────────────────────────────────────────────────────────────────────────────┤
│ [末文]                                                                       │
│   梅雨明けを特定しなかった年                                                 │
│     東北北部 １９９３年（平成５年）、１９９８年（平成１０年）、              │
│     ２００１年（平成１３年）、２００３年（平成１５年）                       │
│     東北南部 １９９３年（平成５年）、１９９８年（平成１０年）、              │
│     ２００３年（平成１５年）                                                 │
│      ※統計開始は１９５１年（昭和２６年）からです。                           │
├──────────────────────────────────────────────────────────────────────────────┤
│ VPCI50  2009-08-10 11:00:00  気象庁                                          │
└──────────────────────────────────────────────────────────────────────────────┘
"
`;
