// Vitest Snapshot v1, https://vitest.dev/guide/snapshot.html

exports[`detail output contract before holder/UI separation > tsunami 1`] = `
[
  [],
  [
    "                                                                                ",
  ],
  [
    " 津波警報                                                                       ",
  ],
  [
    "                                                                                ",
  ],
  [
    "╔══════════════════════════════════════════════════════════════════════════════╗",
  ],
  [
    "║ 津波警報・注意報・予報  発表  [警告]                                         ║",
  ],
  [
    "╠══════════════════════════════════════════════════════════════════════════════╣",
  ],
  [
    "║ 津波警報を発表しました。                                                     ║",
  ],
  [
    "╠ 予報区 ══════════════════════════════════════════════════════════════════════╣",
  ],
  [
    "║ 区分               │ 地域名               │ 波高                             ║",
  ],
  [
    "║ 津波警報           │ 石川県能登           │ ３ｍ                             ║",
  ],
  [
    "╠ [詳細] ══════════════════════════════════════════════════════════════════════╣",
  ],
  [
    "║ 【予報区】石川県能登                                                         ║",
  ],
  [
    "║     到達予想: ただちに津波来襲と予測                                         ║",
  ],
  [
    "╠ サマリ ══════════════════════════════════════════════════════════════════════╣",
  ],
  [
    "║ 津波警報 1 区                                                                ║",
  ],
  [
    "╠══════════════════════════════════════════════════════════════════════════════╣",
  ],
  [
    "║ 海岸から離れてください。                                                     ║",
  ],
  [
    "╠══════════════════════════════════════════════════════════════════════════════╣",
  ],
  [
    "║ VTSE41  2025-01-01 00:00:00  気象庁                                          ║",
  ],
  [
    "╚══════════════════════════════════════════════════════════════════════════════╝",
  ],
  [],
]
`;

exports[`detail output contract before holder/UI separation > volcano 1`] = `
[
  [
    "",
  ],
  [
    "  継続中の火山警報:",
  ],
  [
    "",
  ],
  [
    "    桜島  Lv3  噴火警報（入山規制）",
  ],
  [
    "",
  ],
]
`;

exports[`detail output contract before holder/UI separation > vpwp50 1`] = `
[
  [
    "┌──────────────────────────────────────────────────────────────────────────────┐",
  ],
  [
    "│ [detail] VPWP50 長野県 (発表)  保存 2026-06-06 00:00:00                      │",
  ],
  [
    "└──────────────────────────────────────────────────────────────────────────────┘",
  ],
]
`;

exports[`detail output contract before holder/UI separation > vpws50 waits only for the pre-refactor dynamic import 1`] = `
[
  [],
  [
    "┌──────────────────────────────────────────────────────────────────────────────┐",
  ],
  [
    "│ 気象警報・注意報（全国集約） [情報]                                          │",
  ],
  [
    "│   最新受信内容 (REPL detail)                                                 │",
  ],
  [
    "├──────────────────────────────────────────────────────────────────────────────┤",
  ],
  [
    "│ ■ 現況サマリ  1予報区  特0 / 警1 / 注0  (詳細: \`detail vpws50\`)              │",
  ],
  [
    "├     ☆ 警報 (L3)      ────────────────────────────────────────────────────────┤",
  ],
  [
    "│   ☆大雨(L3) / 神奈川県                                                       │",
  ],
  [
    "└──────────────────────────────────────────────────────────────────────────────┘",
  ],
  [],
]
`;
