// Vitest Snapshot v1, https://vitest.dev/guide/snapshot.html

exports[`NO_COLOR golden snapshot (chalk.level=0) > VXSE51-shindo @ standard=140 1`] = `
"
╔══════════════════════════════════════════════════════════════════════════════════════════════════════════════════════════════════════════╗
║ 震度速報  発表  [警告]                                                                                                                   ║
╠══════════════════════════════════════════════════════════════════════════════════════════════════════════════════════════════════════════╣
║ ５日０６時５５分ころ、地震による強い揺れを感じました。震度３以上が観測された地域をお知らせします。                                       ║
╠══════════════════════════════════════════════════════════════════════════════════════════════════════════════════════════════════════════╣
║ 最大震度 4                                                                                                                               ║
╠══════════════════════════════════════════════════════════════════════════════════════════════════════════════════════════════════════════╣
║ ※ 震源についてはただいま調査中です                                                                                                       ║
╠ 震度分布 ════════════════════════════════════════════════════════════════════════════════════════════════════════════════════════════════╣
║ 震度       │ 地域数   │ 地域名                                                                                                           ║
║ 震度4      │ 4        │ 岩手県沿岸南部, 岩手県内陸北部, 宮城県北部, 宮城県中部                                                           ║
║ 震度3      │ 7        │ 岩手県沿岸北部, 岩手県内陸南部, 宮城県南部, 青森県津軽北部, 青森県三八上北, 青森県下北,                          ║
║            │          │ 秋田県内陸南部                                                                                                   ║
╠══════════════════════════════════════════════════════════════════════════════════════════════════════════════════════════════════════════╣
║ EventID: 20100705065511                                                                                                                  ║
╠══════════════════════════════════════════════════════════════════════════════════════════════════════════════════════════════════════════╣
║ VXSE51  2010-07-05 06:58:00  気象庁                                                                                                      ║
╚══════════════════════════════════════════════════════════════════════════════════════════════════════════════════════════════════════════╝
"
`;

exports[`NO_COLOR golden snapshot (chalk.level=0) > VXSE51-shindo @ ultra-narrow=60 1`] = `
"
╔══════════════════════════════════════════════════════════╗
║ 震度速報  発表  [警告]                                   ║
╠══════════════════════════════════════════════════════════╣
║ ５日０６時５５分ころ、地震による強い揺れを感じました。   ║
║ 震度３以上が観測された地域をお知らせします。             ║
╠══════════════════════════════════════════════════════════╣
║ 最大震度 4                                               ║
╠══════════════════════════════════════════════════════════╣
║ ※ 震源についてはただいま調査中です                       ║
╠ 震度分布 ════════════════════════════════════════════════╣
║ 震度       │ 地域名                                      ║
║ 震度4      │ 岩手県沿岸南部, 岩手県内陸北部, 宮城県北部, ║
║            │ 宮城県中部                                  ║
║ 震度3      │ 岩手県沿岸北部, 岩手県内陸南部, 宮城県南部, ║
║            │ 青森県津軽北部, 青森県三八上北,             ║
║            │ 青森県下北, 秋田県内陸南部                  ║
╠══════════════════════════════════════════════════════════╣
║ EventID: 20100705065511                                  ║
╠══════════════════════════════════════════════════════════╣
║ VXSE51  2010-07-05 06:58:00  気象庁                      ║
╚══════════════════════════════════════════════════════════╝
"
`;

exports[`NO_COLOR golden snapshot (chalk.level=0) > VXSE51-shindo @ wide=180 1`] = `
"
╔══════════════════════════════════════════════════════════════════════════════════════════════════════════════════════════════════════════════════════════════════════════════════╗
║ 震度速報  発表  [警告]                                                                                                                                                           ║
╠══════════════════════════════════════════════════════════════════════════════════════════════════════════════════════════════════════════════════════════════════════════════════╣
║ ５日０６時５５分ころ、地震による強い揺れを感じました。震度３以上が観測された地域をお知らせします。                                                                               ║
╠══════════════════════════════════════════════════════════════════════════════════════════════════════════════════════════════════════════════════════════════════════════════════╣
║ 最大震度 4                                                                                                                                                                       ║
╠══════════════════════════════════════════════════════════════════════════════════════════════════════════════════════════════════════════════════════════════════════════════════╣
║ ※ 震源についてはただいま調査中です                                                                                                                                               ║
╠ 震度分布 ════════════════════════════════════════════════════════════════════════════════════════════════════════════════════════════════════════════════════════════════════════╣
║ 震度       │ 地域数   │ 地域名                                                                                                                                                   ║
║ 震度4      │ 4        │ 岩手県沿岸南部, 岩手県内陸北部, 宮城県北部, 宮城県中部                                                                                                   ║
║ 震度3      │ 7        │ 岩手県沿岸北部, 岩手県内陸南部, 宮城県南部, 青森県津軽北部, 青森県三八上北, 青森県下北, 秋田県内陸南部                                                   ║
╠══════════════════════════════════════════════════════════════════════════════════════════════════════════════════════════════════════════════════════════════════════════════════╣
║ EventID: 20100705065511                                                                                                                                                          ║
╠══════════════════════════════════════════════════════════════════════════════════════════════════════════════════════════════════════════════════════════════════════════════════╣
║ VXSE51  2010-07-05 06:58:00  気象庁                                                                                                                                              ║
╚══════════════════════════════════════════════════════════════════════════════════════════════════════════════════════════════════════════════════════════════════════════════════╝
"
`;

exports[`NO_COLOR golden snapshot (chalk.level=0) > VXSE52-hypo-no-banner @ standard=140 1`] = `
"
┌──────────────────────────────────────────────────────────────────────────────────────────────────────────────────────────────────────────┐
│ 震源に関する情報  発表  [情報]                                                                                                           │
├──────────────────────────────────────────────────────────────────────────────────────────────────────────────────────────────────────────┤
│ １日１３時４５分ころ、地震がありました。                                                                                                 │
├──────────────────────────────────────────────────────────────────────────────────────────────────────────────────────────────────────────┤
│ M6.6  │  深さ 10km  │  津波なし                                                                                                          │
├──────────────────────────────────────────────────────────────────────────────────────────────────────────────────────────────────────────┤
│ 震源地: 駿河湾                                                                                                                           │
│ 発生: 2009-10-01 13:45:00                                                                                                                │
│ 位置: N34.8 E138.5                                                                                                                       │
├──────────────────────────────────────────────────────────────────────────────────────────────────────────────────────────────────────────┤
│ この地震による津波の心配はありません。                                                                                                   │
├──────────────────────────────────────────────────────────────────────────────────────────────────────────────────────────────────────────┤
│ EventID: 20091001134500                                                                                                                  │
├──────────────────────────────────────────────────────────────────────────────────────────────────────────────────────────────────────────┤
│ VXSE52  2009-10-01 13:48:00  気象庁                                                                                                      │
└──────────────────────────────────────────────────────────────────────────────────────────────────────────────────────────────────────────┘
"
`;

exports[`NO_COLOR golden snapshot (chalk.level=0) > VXSE52-hypo-no-banner @ ultra-narrow=60 1`] = `
"
┌──────────────────────────────────────────────────────────┐
│ 震源に関する情報  発表  [情報]                           │
├──────────────────────────────────────────────────────────┤
│ １日１３時４５分ころ、地震がありました。                 │
├──────────────────────────────────────────────────────────┤
│ M6.6  │  深さ 10km  │  津波なし                          │
├──────────────────────────────────────────────────────────┤
│ 震源地: 駿河湾                                           │
│ 発生: 2009-10-01 13:45:00                                │
│ 位置: N34.8 E138.5                                       │
├──────────────────────────────────────────────────────────┤
│ この地震による津波の心配はありません。                   │
├──────────────────────────────────────────────────────────┤
│ EventID: 20091001134500                                  │
├──────────────────────────────────────────────────────────┤
│ VXSE52  2009-10-01 13:48:00  気象庁                      │
└──────────────────────────────────────────────────────────┘
"
`;

exports[`NO_COLOR golden snapshot (chalk.level=0) > VXSE52-hypo-no-banner @ wide=180 1`] = `
"
┌──────────────────────────────────────────────────────────────────────────────────────────────────────────────────────────────────────────────────────────────────────────────────┐
│ 震源に関する情報  発表  [情報]                                                                                                                                                   │
├──────────────────────────────────────────────────────────────────────────────────────────────────────────────────────────────────────────────────────────────────────────────────┤
│ １日１３時４５分ころ、地震がありました。                                                                                                                                         │
├──────────────────────────────────────────────────────────────────────────────────────────────────────────────────────────────────────────────────────────────────────────────────┤
│ M6.6  │  深さ 10km  │  津波なし                                                                                                                                                  │
├──────────────────────────────────────────────────────────────────────────────────────────────────────────────────────────────────────────────────────────────────────────────────┤
│ 震源地: 駿河湾                                                                                                                                                                   │
│ 発生: 2009-10-01 13:45:00                                                                                                                                                        │
│ 位置: N34.8 E138.5                                                                                                                                                               │
├──────────────────────────────────────────────────────────────────────────────────────────────────────────────────────────────────────────────────────────────────────────────────┤
│ この地震による津波の心配はありません。                                                                                                                                           │
├──────────────────────────────────────────────────────────────────────────────────────────────────────────────────────────────────────────────────────────────────────────────────┤
│ EventID: 20091001134500                                                                                                                                                          │
├──────────────────────────────────────────────────────────────────────────────────────────────────────────────────────────────────────────────────────────────────────────────────┤
│ VXSE52  2009-10-01 13:48:00  気象庁                                                                                                                                              │
└──────────────────────────────────────────────────────────────────────────────────────────────────────────────────────────────────────────────────────────────────────────────────┘
"
`;

exports[`NO_COLOR golden snapshot (chalk.level=0) > VXSE53-cancel @ standard=140 1`] = `
"
┌──────────────────────────────────────────────────────────────────────────────────────────────────────────────────────────────────────────┐
│ 震源・震度に関する情報  取消  [取消]                                                                                                     │
├──────────────────────────────────────────────────────────────────────────────────────────────────────────────────────────────────────────┤
│ 遠地地震に関する情報を取り消します。                                                                                                     │
├──────────────────────────────────────────────────────────────────────────────────────────────────────────────────────────────────────────┤
│ EventID: 20100227153529                                                                                                                  │
├──────────────────────────────────────────────────────────────────────────────────────────────────────────────────────────────────────────┤
│ VXSE53  2010-02-28 09:50:00  気象庁                                                                                                      │
└──────────────────────────────────────────────────────────────────────────────────────────────────────────────────────────────────────────┘
"
`;

exports[`NO_COLOR golden snapshot (chalk.level=0) > VXSE53-cancel @ ultra-narrow=60 1`] = `
"
┌──────────────────────────────────────────────────────────┐
│ 震源・震度に関する情報  取消  [取消]                     │
├──────────────────────────────────────────────────────────┤
│ 遠地地震に関する情報を取り消します。                     │
├──────────────────────────────────────────────────────────┤
│ EventID: 20100227153529                                  │
├──────────────────────────────────────────────────────────┤
│ VXSE53  2010-02-28 09:50:00  気象庁                      │
└──────────────────────────────────────────────────────────┘
"
`;

exports[`NO_COLOR golden snapshot (chalk.level=0) > VXSE53-cancel @ wide=180 1`] = `
"
┌──────────────────────────────────────────────────────────────────────────────────────────────────────────────────────────────────────────────────────────────────────────────────┐
│ 震源・震度に関する情報  取消  [取消]                                                                                                                                             │
├──────────────────────────────────────────────────────────────────────────────────────────────────────────────────────────────────────────────────────────────────────────────────┤
│ 遠地地震に関する情報を取り消します。                                                                                                                                             │
├──────────────────────────────────────────────────────────────────────────────────────────────────────────────────────────────────────────────────────────────────────────────────┤
│ EventID: 20100227153529                                                                                                                                                          │
├──────────────────────────────────────────────────────────────────────────────────────────────────────────────────────────────────────────────────────────────────────────────────┤
│ VXSE53  2010-02-28 09:50:00  気象庁                                                                                                                                              │
└──────────────────────────────────────────────────────────────────────────────────────────────────────────────────────────────────────────────────────────────────────────────────┘
"
`;

exports[`NO_COLOR golden snapshot (chalk.level=0) > VXSE53-critical-synthetic @ standard=140 1`] = `
"
╔══════════════════════════════════════════════════════════════════════════════════════════════════════════════════════════════════════════╗
║ 震源・震度に関する情報  発表  [緊急]                                                                                                     ║
╠══════════════════════════════════════════════════════════════════════════════════════════════════════════════════════════════════════════╣
║ 石川県能登地方で強い地震がありました                                                                                                     ║
╠══════════════════════════════════════════════════════════════════════════════════════════════════════════════════════════════════════════╣
║ 最大震度 7  │  長周期階級 4  │  M7.6  │  深さ 10km  │  津波警報                                                                          ║
╠══════════════════════════════════════════════════════════════════════════════════════════════════════════════════════════════════════════╣
║ 震源地: 石川県能登地方                                                                                                                   ║
║ 発生: 2024-01-01 16:10:09                                                                                                                ║
║ 位置: N37.5 E137.3                                                                                                                       ║
╠ 震度分布 ════════════════════════════════════════════════════════════════════════════════════════════════════════════════════════════════╣
║ 震度       │ 地域数   │ 地域名                                                                                                           ║
║ 震度7      │ 1        │ 石川県能登 [長周期4]                                                                                             ║
║ 震度5強    │ 2        │ 新潟県上越 [長周期3], 石川県加賀                                                                                 ║
║ 震度5弱    │ 5        │ 富山県東部 [長周期1], 富山県西部, 福井県嶺北, 岐阜県飛騨, 長野県北部                                             ║
╠══════════════════════════════════════════════════════════════════════════════════════════════════════════════════════════════════════════╣
║ 日本海沿岸では津波警報を発表中です。                                                                                                     ║
╠══════════════════════════════════════════════════════════════════════════════════════════════════════════════════════════════════════════╣
║ EventID: 20240101161009                                                                                                                  ║
╠══════════════════════════════════════════════════════════════════════════════════════════════════════════════════════════════════════════╣
║ VXSE53  2024-01-01 16:15:00  気象庁                                                                                                      ║
╚══════════════════════════════════════════════════════════════════════════════════════════════════════════════════════════════════════════╝
"
`;

exports[`NO_COLOR golden snapshot (chalk.level=0) > VXSE53-critical-synthetic @ ultra-narrow=60 1`] = `
"
╔══════════════════════════════════════════════════════════╗
║ 震源・震度に関する情報  発表  [緊急]                     ║
╠══════════════════════════════════════════════════════════╣
║ 石川県能登地方で強い地震がありました                     ║
╠══════════════════════════════════════════════════════════╣
║ 最大震度 7  │  長周期階級 4  │  M7.6  │  深さ 10km  │  … ║
╠══════════════════════════════════════════════════════════╣
║ 震源地: 石川県能登地方                                   ║
║ 発生: 2024-01-01 16:10:09                                ║
║ 位置: N37.5 E137.3                                       ║
╠ 震度分布 ════════════════════════════════════════════════╣
║ 震度       │ 地域名                                      ║
║ 震度7      │ 石川県能登 [長周期4]                        ║
║ 震度5強    │ 新潟県上越 [長周期3], 石川県加賀            ║
║ 震度5弱    │ 富山県東部 [長周期1], 富山県西部,           ║
║            │ 福井県嶺北, 岐阜県飛騨, 長野県北部          ║
╠══════════════════════════════════════════════════════════╣
║ 日本海沿岸では津波警報を発表中です。                     ║
╠══════════════════════════════════════════════════════════╣
║ EventID: 20240101161009                                  ║
╠══════════════════════════════════════════════════════════╣
║ VXSE53  2024-01-01 16:15:00  気象庁                      ║
╚══════════════════════════════════════════════════════════╝
"
`;

exports[`NO_COLOR golden snapshot (chalk.level=0) > VXSE53-critical-synthetic @ wide=180 1`] = `
"
╔══════════════════════════════════════════════════════════════════════════════════════════════════════════════════════════════════════════════════════════════════════════════════╗
║ 震源・震度に関する情報  発表  [緊急]                                                                                                                                             ║
╠══════════════════════════════════════════════════════════════════════════════════════════════════════════════════════════════════════════════════════════════════════════════════╣
║ 石川県能登地方で強い地震がありました                                                                                                                                             ║
╠══════════════════════════════════════════════════════════════════════════════════════════════════════════════════════════════════════════════════════════════════════════════════╣
║ 最大震度 7  │  長周期階級 4  │  M7.6  │  深さ 10km  │  津波警報                                                                                                                  ║
╠══════════════════════════════════════════════════════════════════════════════════════════════════════════════════════════════════════════════════════════════════════════════════╣
║ 震源地: 石川県能登地方                                                                                                                                                           ║
║ 発生: 2024-01-01 16:10:09                                                                                                                                                        ║
║ 位置: N37.5 E137.3                                                                                                                                                               ║
╠ 震度分布 ════════════════════════════════════════════════════════════════════════════════════════════════════════════════════════════════════════════════════════════════════════╣
║ 震度       │ 地域数   │ 地域名                                                                                                                                                   ║
║ 震度7      │ 1        │ 石川県能登 [長周期4]                                                                                                                                     ║
║ 震度5強    │ 2        │ 新潟県上越 [長周期3], 石川県加賀                                                                                                                         ║
║ 震度5弱    │ 5        │ 富山県東部 [長周期1], 富山県西部, 福井県嶺北, 岐阜県飛騨, 長野県北部                                                                                     ║
╠══════════════════════════════════════════════════════════════════════════════════════════════════════════════════════════════════════════════════════════════════════════════════╣
║ 日本海沿岸では津波警報を発表中です。                                                                                                                                             ║
╠══════════════════════════════════════════════════════════════════════════════════════════════════════════════════════════════════════════════════════════════════════════════════╣
║ EventID: 20240101161009                                                                                                                                                          ║
╠══════════════════════════════════════════════════════════════════════════════════════════════════════════════════════════════════════════════════════════════════════════════════╣
║ VXSE53  2024-01-01 16:15:00  気象庁                                                                                                                                              ║
╚══════════════════════════════════════════════════════════════════════════════════════════════════════════════════════════════════════════════════════════════════════════════════╝
"
`;
