// Vitest Snapshot v1, https://vitest.dev/guide/snapshot.html

exports[`EEW NO_COLOR golden snapshot (chalk.level=0) > PLUM-VXSE45 @ standard=140 1`] = `
"

 緊急地震速報（予報） #3 石川県能登地方

╔══════════════════════════════════════════════════════════════════════════════════════════════════════════════════════════════════════════╗
║ PLUM法 による予測震度変化                                                                                                                ║
╠══════════════════════════════════════════════════════════════════════════════════════════════════════════════════════════════════════════╣
║ 発表  │  最大予測震度 5弱                                                                                                                ║
╠══════════════════════════════════════════════════════════════════════════════════════════════════════════════════════════════════════════╣
║ 仮定震源要素 (震源未確定・PLUM法による推定)                                                                                              ║
║ 震源地: 石川県能登地方（内陸）                                                                                                           ║
║ 検知: 2026-01-01 09:00:05                                                                                                                ║
║ 発生: 2026-01-01 09:00:00 (仮定)                                                                                                         ║
║ 位置: N37.5 E137.3                                                                                                                       ║
║ 精度: 震央 P波/S波レベル越え・IPF法(1点)・仮定震源要素 / 深さ P波/S波レベル越え・IPF法(1点)・仮定震源要素 / M P波/S波レベル越え・仮定震… ║
╠ 予測震度 ════════════════════════════════════════════════════════════════════════════════════════════════════════════════════════════════╣
║ 震度           │ 地域                                     │ 状態                                                                         ║
║ 5弱            │ 石川県能登                               │ PLUM                                                                         ║
║ 4              │ 富山県東部                               │ 到達済                                                                       ║
╠══════════════════════════════════════════════════════════════════════════════════════════════════════════════════════════════════════════╣
║ EventID: 20260101090005                                                                                                                  ║
╠══════════════════════════════════════════════════════════════════════════════════════════════════════════════════════════════════════════╣
║ VXSE45  2026-01-01 09:00:10  気象庁                                                                                                      ║
╚══════════════════════════════════════════════════════════════════════════════════════════════════════════════════════════════════════════╝
"
`;

exports[`EEW NO_COLOR golden snapshot (chalk.level=0) > PLUM-VXSE45 @ ultra-narrow=60 1`] = `
"

 緊急地震速報（予報） #3 石川県能登地方

╔══════════════════════════════════════════════════════════╗
║ PLUM法 による予測震度変化                                ║
╠══════════════════════════════════════════════════════════╣
║ 発表  │  最大予測震度 5弱                                ║
╠══════════════════════════════════════════════════════════╣
║ 仮定震源要素 (震源未確定・PLUM法による推定)              ║
║ 震源地: 石川県能登地方（内陸）                           ║
║ 検知: 2026-01-01 09:00:05                                ║
║ 発生: 2026-01-01 09:00:00 (仮定)                         ║
║ 位置: N37.5 E137.3                                       ║
║ 精度: 震央 P波/S波レベル越え・IPF法(1点)・仮定震源要素 … ║
╠ 予測震度 ════════════════════════════════════════════════╣
║ 震度          │ 地域                  │ 状態             ║
║ 5弱           │ 石川県能登            │ PLUM             ║
║ 4             │ 富山県東部            │ 到達済           ║
╠══════════════════════════════════════════════════════════╣
║ EventID: 20260101090005                                  ║
╠══════════════════════════════════════════════════════════╣
║ VXSE45  2026-01-01 09:00:10  気象庁                      ║
╚══════════════════════════════════════════════════════════╝
"
`;

exports[`EEW NO_COLOR golden snapshot (chalk.level=0) > PLUM-VXSE45 @ wide=180 1`] = `
"

 緊急地震速報（予報） #3 石川県能登地方

╔══════════════════════════════════════════════════════════════════════════════════════════════════════════════════════════════════════════════════════════════════════════════════╗
║ PLUM法 による予測震度変化                                                                                                                                                        ║
╠══════════════════════════════════════════════════════════════════════════════════════════════════════════════════════════════════════════════════════════════════════════════════╣
║ 発表  │  最大予測震度 5弱                                                                                                                                                        ║
╠══════════════════════════════════════════════════════════════════════════════════════════════════════════════════════════════════════════════════════════════════════════════════╣
║ 仮定震源要素 (震源未確定・PLUM法による推定)                                                                                                                                      ║
║ 震源地: 石川県能登地方（内陸）                                                                                                                                                   ║
║ 検知: 2026-01-01 09:00:05                                                                                                                                                        ║
║ 発生: 2026-01-01 09:00:00 (仮定)                                                                                                                                                 ║
║ 位置: N37.5 E137.3                                                                                                                                                               ║
║ 精度: 震央 P波/S波レベル越え・IPF法(1点)・仮定震源要素 / 深さ P波/S波レベル越え・IPF法(1点)・仮定震源要素 / M P波/S波レベル越え・仮定震源要素(M不定)(0点)                        ║
╠ 予測震度 ════════════════════════════════════════════════════════════════════════════════════════════════════════════════════════════════════════════════════════════════════════╣
║ 震度           │ 地域                                                         │ 状態                                                                                             ║
║ 5弱            │ 石川県能登                                                   │ PLUM                                                                                             ║
║ 4              │ 富山県東部                                                   │ 到達済                                                                                           ║
╠══════════════════════════════════════════════════════════════════════════════════════════════════════════════════════════════════════════════════════════════════════════════════╣
║ EventID: 20260101090005                                                                                                                                                          ║
╠══════════════════════════════════════════════════════════════════════════════════════════════════════════════════════════════════════════════════════════════════════════════════╣
║ VXSE45  2026-01-01 09:00:10  気象庁                                                                                                                                              ║
╚══════════════════════════════════════════════════════════════════════════════════════════════════════════════════════════════════════════════════════════════════════════════════╝
"
`;

exports[`EEW NO_COLOR golden snapshot (chalk.level=0) > diff付き第2報-VXSE43 @ standard=140 1`] = `
"

 緊急地震速報（警報） #2 豊後水道

╔══════════════════════════════════════════════════════════════════════════════════════════════════════════════════════════════════════════╗
║ 発表  │  最大予測震度 4 → 6弱  │  長周期階級 2  │  M6.6  │  深さ 40km                                                                    ║
╠══════════════════════════════════════════════════════════════════════════════════════════════════════════════════════════════════════════╣
║ 豊後水道で地震　四国　九州　中国で強い揺れ                                                                                               ║
╠══════════════════════════════════════════════════════════════════════════════════════════════════════════════════════════════════════════╣
║ 震源地: 豊後水道 (変更)（海域）                                                                                                          ║
║ 発生: 2024-04-17 23:14:47                                                                                                                ║
║ 検知: 2024-04-17 23:14:54                                                                                                                ║
║ 位置: N33.2 E132.4                                                                                                                       ║
║ 規模: M6.4 → M6.6                                                                                                                        ║
║ 深さ: 30km → 40km                                                                                                                        ║
║ 精度: 震央 IPF法(5点以上) / 深さ IPF法(5点以上) / M P相/全相混在(5点)                                                                    ║
╠ 予測震度 ════════════════════════════════════════════════════════════════════════════════════════════════════════════════════════════════╣
║ 震度           │ 地域                                     │ 長周期   │ 状態                                                              ║
║ 6弱            │ 愛媛県南予                               │ 階級1    │ 23:15:04 到達予測                                                 ║
║ 5強            │ 高知県西部                               │ 階級1    │ 23:15:05 到達予測                                                 ║
║ 5弱            │ 愛媛県中予                               │ ―        │ 到達済                                                            ║
║ 5弱            │ 宮崎県北部平野部                         │ 階級1    │ 23:15:10 到達予測                                                 ║
║ 4〜5弱         │ 大分県中部                               │ 階級2    │ 到達済                                                            ║
║ 5弱            │ 大分県南部                               │ 階級1    │ 到達済                                                            ║
║ 4              │ 愛媛県東予                               │ ―        │ 23:15:12 到達予測                                                 ║
║ 4              │ 岡山県南部                               │ ―        │ 23:15:36 到達予測                                                 ║
║ 4              │ 宮崎県南部平野部                         │ ―        │ 23:15:31 到達予測                                                 ║
║ 4              │ 宮崎県北部山沿い                         │ ―        │ 23:15:20 到達予測                                                 ║
║ 4              │ 熊本県阿蘇                               │ 階級1    │ 23:15:18 到達予測                                                 ║
║ 4              │ 熊本県熊本                               │ ―        │ 23:15:25 到達予測                                                 ║
║ 4              │ 熊本県天草・芦北                         │ ―        │ 23:15:42 到達予測                                                 ║
║ 4              │ 広島県南西部                             │ ―        │ 23:15:20 到達予測                                                 ║
║ 4              │ 広島県南東部                             │ ―        │ 23:15:27 到達予測                                                 ║
║ 4              │ 広島県北部                               │ ―        │ 23:15:28 到達予測                                                 ║
║ 4              │ 香川県西部                               │ ―        │ 23:15:34 到達予測                                                 ║
║ 4              │ 香川県東部                               │ ―        │ 23:15:35 到達予測                                                 ║
║ 4              │ 高知県中部                               │ 階級1    │ 23:15:12 到達予測                                                 ║
║ 4              │ 高知県東部                               │ 階級1    │ 23:15:23 到達予測                                                 ║
║ 4              │ 佐賀県南部                               │ 階級1    │ 23:15:35 到達予測                                                 ║
║ 3〜4           │ 佐賀県北部                               │ ―        │ 23:15:47 到達予測                                                 ║
║ 4              │ 山口県西部                               │ ―        │ 23:15:24 到達予測                                                 ║
║ 4              │ 山口県中部                               │ ―        │ 23:15:20 到達予測                                                 ║
║ 4              │ 山口県東部                               │ 階級1    │ 到達済                                                            ║
║ 4              │ 山口県北部                               │ ―        │ 23:15:29 到達予測                                                 ║
║ 4              │ 大分県西部                               │ 階級1    │ 23:15:16 到達予測                                                 ║
║ 4              │ 大分県北部                               │ 階級1    │ 到達済                                                            ║
║ 3〜4           │ 長崎県島原半島                           │ ―        │ 23:15:42 到達予測                                                 ║
║ 3〜4           │ 島根県西部                               │ ―        │ 23:15:23 到達予測                                                 ║
║ 4              │ 徳島県南部                               │ ―        │ 23:15:35 到達予測                                                 ║
║ 4              │ 福岡県筑後                               │ 階級1    │ 23:15:31 到達予測                                                 ║
║ 4              │ 福岡県筑豊                               │ ―        │ 23:15:28 到達予測                                                 ║
║ 4              │ 福岡県福岡                               │ ―        │ 23:15:35 到達予測                                                 ║
║ 4              │ 福岡県北九州                             │ ―        │ 23:15:23 到達予測                                                 ║
╠══════════════════════════════════════════════════════════════════════════════════════════════════════════════════════════════════════════╣
║ EventID: 20240417231454                                                                                                                  ║
╠══════════════════════════════════════════════════════════════════════════════════════════════════════════════════════════════════════════╣
║ VXSE43  2024-04-17 23:15:10  気象庁                                                                                                      ║
╚══════════════════════════════════════════════════════════════════════════════════════════════════════════════════════════════════════════╝
"
`;

exports[`EEW NO_COLOR golden snapshot (chalk.level=0) > diff付き第2報-VXSE43 @ ultra-narrow=60 1`] = `
"

 緊急地震速報（警報） #2 豊後水道

╔══════════════════════════════════════════════════════════╗
║ 発表  │  最大予測震度 4 → 6弱  │  M6.6  │  深さ 40km     ║
╠══════════════════════════════════════════════════════════╣
║ 豊後水道で地震　四国　九州　中国で強い揺れ               ║
╠══════════════════════════════════════════════════════════╣
║ 震源地: 豊後水道 (変更)（海域）                          ║
║ 発生: 2024-04-17 23:14:47                                ║
║ 検知: 2024-04-17 23:14:54                                ║
║ 位置: N33.2 E132.4                                       ║
║ 規模: M6.4 → M6.6                                        ║
║ 深さ: 30km → 40km                                        ║
║ 精度: 震央 IPF法(5点以上) / 深さ IPF法(5点以上) / M P相… ║
╠ 予測震度 ════════════════════════════════════════════════╣
║ 震度          │ 地域                  │ 状態             ║
║ 6弱           │ 愛媛県南予            │ 23:15:04 到達予… ║
║ 5強           │ 高知県西部            │ 23:15:05 到達予… ║
║ 5弱           │ 愛媛県中予            │ 到達済           ║
║ 5弱           │ 宮崎県北部平野部      │ 23:15:10 到達予… ║
║ 4〜5弱        │ 大分県中部            │ 到達済           ║
║ 5弱           │ 大分県南部            │ 到達済           ║
║ 4             │ 愛媛県東予            │ 23:15:12 到達予… ║
║ 4             │ 岡山県南部            │ 23:15:36 到達予… ║
║ 4             │ 宮崎県南部平野部      │ 23:15:31 到達予… ║
║ 4             │ 宮崎県北部山沿い      │ 23:15:20 到達予… ║
║ 4             │ 熊本県阿蘇            │ 23:15:18 到達予… ║
║ 4             │ 熊本県熊本            │ 23:15:25 到達予… ║
║ 4             │ 熊本県天草・芦北      │ 23:15:42 到達予… ║
║ 4             │ 広島県南西部          │ 23:15:20 到達予… ║
║ 4             │ 広島県南東部          │ 23:15:27 到達予… ║
║ 4             │ 広島県北部            │ 23:15:28 到達予… ║
║ 4             │ 香川県西部            │ 23:15:34 到達予… ║
║ 4             │ 香川県東部            │ 23:15:35 到達予… ║
║ 4             │ 高知県中部            │ 23:15:12 到達予… ║
║ 4             │ 高知県東部            │ 23:15:23 到達予… ║
║ 4             │ 佐賀県南部            │ 23:15:35 到達予… ║
║ 3〜4          │ 佐賀県北部            │ 23:15:47 到達予… ║
║ 4             │ 山口県西部            │ 23:15:24 到達予… ║
║ 4             │ 山口県中部            │ 23:15:20 到達予… ║
║ 4             │ 山口県東部            │ 到達済           ║
║ 4             │ 山口県北部            │ 23:15:29 到達予… ║
║ 4             │ 大分県西部            │ 23:15:16 到達予… ║
║ 4             │ 大分県北部            │ 到達済           ║
║ 3〜4          │ 長崎県島原半島        │ 23:15:42 到達予… ║
║ 3〜4          │ 島根県西部            │ 23:15:23 到達予… ║
║ 4             │ 徳島県南部            │ 23:15:35 到達予… ║
║ 4             │ 福岡県筑後            │ 23:15:31 到達予… ║
║ 4             │ 福岡県筑豊            │ 23:15:28 到達予… ║
║ 4             │ 福岡県福岡            │ 23:15:35 到達予… ║
║ 4             │ 福岡県北九州          │ 23:15:23 到達予… ║
╠══════════════════════════════════════════════════════════╣
║ EventID: 20240417231454                                  ║
╠══════════════════════════════════════════════════════════╣
║ VXSE43  2024-04-17 23:15:10  気象庁                      ║
╚══════════════════════════════════════════════════════════╝
"
`;

exports[`EEW NO_COLOR golden snapshot (chalk.level=0) > diff付き第2報-VXSE43 @ wide=180 1`] = `
"

 緊急地震速報（警報） #2 豊後水道

╔══════════════════════════════════════════════════════════════════════════════════════════════════════════════════════════════════════════════════════════════════════════════════╗
║ 発表  │  最大予測震度 4 → 6弱  │  長周期階級 2  │  M6.6  │  深さ 40km                                                                                                            ║
╠══════════════════════════════════════════════════════════════════════════════════════════════════════════════════════════════════════════════════════════════════════════════════╣
║ 豊後水道で地震　四国　九州　中国で強い揺れ                                                                                                                                       ║
╠══════════════════════════════════════════════════════════════════════════════════════════════════════════════════════════════════════════════════════════════════════════════════╣
║ 震源地: 豊後水道 (変更)（海域）                                                                                                                                                  ║
║ 発生: 2024-04-17 23:14:47                                                                                                                                                        ║
║ 検知: 2024-04-17 23:14:54                                                                                                                                                        ║
║ 位置: N33.2 E132.4                                                                                                                                                               ║
║ 規模: M6.4 → M6.6                                                                                                                                                                ║
║ 深さ: 30km → 40km                                                                                                                                                                ║
║ 精度: 震央 IPF法(5点以上) / 深さ IPF法(5点以上) / M P相/全相混在(5点)                                                                                                            ║
╠ 予測震度 ════════════════════════════════════════════════════════════════════════════════════════════════════════════════════════════════════════════════════════════════════════╣
║ 震度           │ 地域                                                         │ 長周期   │ 状態                                                                                  ║
║ 6弱            │ 愛媛県南予                                                   │ 階級1    │ 23:15:04 到達予測                                                                     ║
║ 5強            │ 高知県西部                                                   │ 階級1    │ 23:15:05 到達予測                                                                     ║
║ 5弱            │ 愛媛県中予                                                   │ ―        │ 到達済                                                                                ║
║ 5弱            │ 宮崎県北部平野部                                             │ 階級1    │ 23:15:10 到達予測                                                                     ║
║ 4〜5弱         │ 大分県中部                                                   │ 階級2    │ 到達済                                                                                ║
║ 5弱            │ 大分県南部                                                   │ 階級1    │ 到達済                                                                                ║
║ 4              │ 愛媛県東予                                                   │ ―        │ 23:15:12 到達予測                                                                     ║
║ 4              │ 岡山県南部                                                   │ ―        │ 23:15:36 到達予測                                                                     ║
║ 4              │ 宮崎県南部平野部                                             │ ―        │ 23:15:31 到達予測                                                                     ║
║ 4              │ 宮崎県北部山沿い                                             │ ―        │ 23:15:20 到達予測                                                                     ║
║ 4              │ 熊本県阿蘇                                                   │ 階級1    │ 23:15:18 到達予測                                                                     ║
║ 4              │ 熊本県熊本                                                   │ ―        │ 23:15:25 到達予測                                                                     ║
║ 4              │ 熊本県天草・芦北                                             │ ―        │ 23:15:42 到達予測                                                                     ║
║ 4              │ 広島県南西部                                                 │ ―        │ 23:15:20 到達予測                                                                     ║
║ 4              │ 広島県南東部                                                 │ ―        │ 23:15:27 到達予測                                                                     ║
║ 4              │ 広島県北部                                                   │ ―        │ 23:15:28 到達予測                                                                     ║
║ 4              │ 香川県西部                                                   │ ―        │ 23:15:34 到達予測                                                                     ║
║ 4              │ 香川県東部                                                   │ ―        │ 23:15:35 到達予測                                                                     ║
║ 4              │ 高知県中部                                                   │ 階級1    │ 23:15:12 到達予測                                                                     ║
║ 4              │ 高知県東部                                                   │ 階級1    │ 23:15:23 到達予測                                                                     ║
║ 4              │ 佐賀県南部                                                   │ 階級1    │ 23:15:35 到達予測                                                                     ║
║ 3〜4           │ 佐賀県北部                                                   │ ―        │ 23:15:47 到達予測                                                                     ║
║ 4              │ 山口県西部                                                   │ ―        │ 23:15:24 到達予測                                                                     ║
║ 4              │ 山口県中部                                                   │ ―        │ 23:15:20 到達予測                                                                     ║
║ 4              │ 山口県東部                                                   │ 階級1    │ 到達済                                                                                ║
║ 4              │ 山口県北部                                                   │ ―        │ 23:15:29 到達予測                                                                     ║
║ 4              │ 大分県西部                                                   │ 階級1    │ 23:15:16 到達予測                                                                     ║
║ 4              │ 大分県北部                                                   │ 階級1    │ 到達済                                                                                ║
║ 3〜4           │ 長崎県島原半島                                               │ ―        │ 23:15:42 到達予測                                                                     ║
║ 3〜4           │ 島根県西部                                                   │ ―        │ 23:15:23 到達予測                                                                     ║
║ 4              │ 徳島県南部                                                   │ ―        │ 23:15:35 到達予測                                                                     ║
║ 4              │ 福岡県筑後                                                   │ 階級1    │ 23:15:31 到達予測                                                                     ║
║ 4              │ 福岡県筑豊                                                   │ ―        │ 23:15:28 到達予測                                                                     ║
║ 4              │ 福岡県福岡                                                   │ ―        │ 23:15:35 到達予測                                                                     ║
║ 4              │ 福岡県北九州                                                 │ ―        │ 23:15:23 到達予測                                                                     ║
╠══════════════════════════════════════════════════════════════════════════════════════════════════════════════════════════════════════════════════════════════════════════════════╣
║ EventID: 20240417231454                                                                                                                                                          ║
╠══════════════════════════════════════════════════════════════════════════════════════════════════════════════════════════════════════════════════════════════════════════════════╣
║ VXSE43  2024-04-17 23:15:10  気象庁                                                                                                                                              ║
╚══════════════════════════════════════════════════════════════════════════════════════════════════════════════════════════════════════════════════════════════════════════════════╝
"
`;

exports[`EEW NO_COLOR golden snapshot (chalk.level=0) > 予報-VXSE45 @ standard=140 1`] = `
"

 緊急地震速報（予報） #1 豊後水道

╔══════════════════════════════════════════════════════════════════════════════════════════════════════════════════════════════════════════╗
║ 発表  │  最大予測震度 3  │  M4.2  │  深さ 40km                                                                                           ║
╠══════════════════════════════════════════════════════════════════════════════════════════════════════════════════════════════════════════╣
║ 震源地: 豊後水道（海域）                                                                                                                 ║
║ 発生: 2024-04-17 23:14:47                                                                                                                ║
║ 検知: 2024-04-17 23:14:54                                                                                                                ║
║ 位置: N33.1 E132.4                                                                                                                       ║
║ 規模: M4.2                                                                                                                               ║
║ 深さ: 40km                                                                                                                               ║
║ 精度: 震央 IPF法(5点以上) / 深さ IPF法(5点以上) / M 防災科研システム(0点)                                                                ║
╠══════════════════════════════════════════════════════════════════════════════════════════════════════════════════════════════════════════╣
║ EventID: 20240417231454                                                                                                                  ║
╠══════════════════════════════════════════════════════════════════════════════════════════════════════════════════════════════════════════╣
║ VXSE45  2024-04-17 23:14:57  気象庁                                                                                                      ║
╚══════════════════════════════════════════════════════════════════════════════════════════════════════════════════════════════════════════╝
"
`;

exports[`EEW NO_COLOR golden snapshot (chalk.level=0) > 予報-VXSE45 @ ultra-narrow=60 1`] = `
"

 緊急地震速報（予報） #1 豊後水道

╔══════════════════════════════════════════════════════════╗
║ 発表  │  最大予測震度 3  │  M4.2  │  深さ 40km           ║
╠══════════════════════════════════════════════════════════╣
║ 震源地: 豊後水道（海域）                                 ║
║ 発生: 2024-04-17 23:14:47                                ║
║ 検知: 2024-04-17 23:14:54                                ║
║ 位置: N33.1 E132.4                                       ║
║ 規模: M4.2                                               ║
║ 深さ: 40km                                               ║
║ 精度: 震央 IPF法(5点以上) / 深さ IPF法(5点以上) / M 防…  ║
╠══════════════════════════════════════════════════════════╣
║ EventID: 20240417231454                                  ║
╠══════════════════════════════════════════════════════════╣
║ VXSE45  2024-04-17 23:14:57  気象庁                      ║
╚══════════════════════════════════════════════════════════╝
"
`;

exports[`EEW NO_COLOR golden snapshot (chalk.level=0) > 予報-VXSE45 @ wide=180 1`] = `
"

 緊急地震速報（予報） #1 豊後水道

╔══════════════════════════════════════════════════════════════════════════════════════════════════════════════════════════════════════════════════════════════════════════════════╗
║ 発表  │  最大予測震度 3  │  M4.2  │  深さ 40km                                                                                                                                   ║
╠══════════════════════════════════════════════════════════════════════════════════════════════════════════════════════════════════════════════════════════════════════════════════╣
║ 震源地: 豊後水道（海域）                                                                                                                                                         ║
║ 発生: 2024-04-17 23:14:47                                                                                                                                                        ║
║ 検知: 2024-04-17 23:14:54                                                                                                                                                        ║
║ 位置: N33.1 E132.4                                                                                                                                                               ║
║ 規模: M4.2                                                                                                                                                                       ║
║ 深さ: 40km                                                                                                                                                                       ║
║ 精度: 震央 IPF法(5点以上) / 深さ IPF法(5点以上) / M 防災科研システム(0点)                                                                                                        ║
╠══════════════════════════════════════════════════════════════════════════════════════════════════════════════════════════════════════════════════════════════════════════════════╣
║ EventID: 20240417231454                                                                                                                                                          ║
╠══════════════════════════════════════════════════════════════════════════════════════════════════════════════════════════════════════════════════════════════════════════════════╣
║ VXSE45  2024-04-17 23:14:57  気象庁                                                                                                                                              ║
╚══════════════════════════════════════════════════════════════════════════════════════════════════════════════════════════════════════════════════════════════════════════════════╝
"
`;

exports[`EEW NO_COLOR golden snapshot (chalk.level=0) > 取消-VXSE45 @ standard=140 1`] = `
"

 緊急地震速報 取消 #32

┌──────────────────────────────────────────────────────────────────────────────────────────────────────────────────────────────────────────┐
│ 取消                                                                                                                                     │
├──────────────────────────────────────────────────────────────────────────────────────────────────────────────────────────────────────────┤
│ 先ほどの、緊急地震速報（地震動予報）を取り消します。                                                                                     │
├──────────────────────────────────────────────────────────────────────────────────────────────────────────────────────────────────────────┤
│ EventID: 20240417231454                                                                                                                  │
├──────────────────────────────────────────────────────────────────────────────────────────────────────────────────────────────────────────┤
│ VXSE45  2024-04-17 23:17:00  気象庁                                                                                                      │
└──────────────────────────────────────────────────────────────────────────────────────────────────────────────────────────────────────────┘
"
`;

exports[`EEW NO_COLOR golden snapshot (chalk.level=0) > 取消-VXSE45 @ ultra-narrow=60 1`] = `
"

 緊急地震速報 取消 #32

┌──────────────────────────────────────────────────────────┐
│ 取消                                                     │
├──────────────────────────────────────────────────────────┤
│ 先ほどの、緊急地震速報（地震動予報）を取り消します。     │
├──────────────────────────────────────────────────────────┤
│ EventID: 20240417231454                                  │
├──────────────────────────────────────────────────────────┤
│ VXSE45  2024-04-17 23:17:00  気象庁                      │
└──────────────────────────────────────────────────────────┘
"
`;

exports[`EEW NO_COLOR golden snapshot (chalk.level=0) > 取消-VXSE45 @ wide=180 1`] = `
"

 緊急地震速報 取消 #32

┌──────────────────────────────────────────────────────────────────────────────────────────────────────────────────────────────────────────────────────────────────────────────────┐
│ 取消                                                                                                                                                                             │
├──────────────────────────────────────────────────────────────────────────────────────────────────────────────────────────────────────────────────────────────────────────────────┤
│ 先ほどの、緊急地震速報（地震動予報）を取り消します。                                                                                                                             │
├──────────────────────────────────────────────────────────────────────────────────────────────────────────────────────────────────────────────────────────────────────────────────┤
│ EventID: 20240417231454                                                                                                                                                          │
├──────────────────────────────────────────────────────────────────────────────────────────────────────────────────────────────────────────────────────────────────────────────────┤
│ VXSE45  2024-04-17 23:17:00  気象庁                                                                                                                                              │
└──────────────────────────────────────────────────────────────────────────────────────────────────────────────────────────────────────────────────────────────────────────────────┘
"
`;

exports[`EEW NO_COLOR golden snapshot (chalk.level=0) > 最終報-VXSE45 @ standard=140 1`] = `
"

 緊急地震速報（予報） #30 テスト震源

╔══════════════════════════════════════════════════════════════════════════════════════════════════════════════════════════════════════════╗
║ 発表  │  最大予測震度 4  │  M5.0  │  深さ 10km                                                                                           ║
╠══════════════════════════════════════════════════════════════════════════════════════════════════════════════════════════════════════════╣
║ テスト地域で地震                                                                                                                         ║
╠══════════════════════════════════════════════════════════════════════════════════════════════════════════════════════════════════════════╣
║ 震源地: テスト震源                                                                                                                       ║
║ 発生: 2026-01-01 11:59:50                                                                                                                ║
║ 検知: 2026-01-01 12:00:00                                                                                                                ║
║ 位置: N35.0 E135.0                                                                                                                       ║
║ 規模: M5.0                                                                                                                               ║
║ 深さ: 10km                                                                                                                               ║
╠ 予測震度 ════════════════════════════════════════════════════════════════════════════════════════════════════════════════════════════════╣
║ 震度           │ 地域                                     │ 状態                                                                         ║
║ 4              │ テスト地域                               │ ―                                                                            ║
╠══════════════════════════════════════════════════════════════════════════════════════════════════════════════════════════════════════════╣
║ この情報をもって、緊急地震速報：最終報とします。                                                                                         ║
╠══════════════════════════════════════════════════════════════════════════════════════════════════════════════════════════════════════════╣
║ EventID: 20260101120000                                                                                                                  ║
╠══════════════════════════════════════════════════════════════════════════════════════════════════════════════════════════════════════════╣
║ VXSE45  2026-01-01 12:00:30  気象庁                                                                                                      ║
╚══════════════════════════════════════════════════════════════════════════════════════════════════════════════════════════════════════════╝
"
`;

exports[`EEW NO_COLOR golden snapshot (chalk.level=0) > 最終報-VXSE45 @ ultra-narrow=60 1`] = `
"

 緊急地震速報（予報） #30 テスト震源

╔══════════════════════════════════════════════════════════╗
║ 発表  │  最大予測震度 4  │  M5.0  │  深さ 10km           ║
╠══════════════════════════════════════════════════════════╣
║ テスト地域で地震                                         ║
╠══════════════════════════════════════════════════════════╣
║ 震源地: テスト震源                                       ║
║ 発生: 2026-01-01 11:59:50                                ║
║ 検知: 2026-01-01 12:00:00                                ║
║ 位置: N35.0 E135.0                                       ║
║ 規模: M5.0                                               ║
║ 深さ: 10km                                               ║
╠ 予測震度 ════════════════════════════════════════════════╣
║ 震度          │ 地域                  │ 状態             ║
║ 4             │ テスト地域            │ ―                ║
╠══════════════════════════════════════════════════════════╣
║ この情報をもって、緊急地震速報：最終報とします。         ║
╠══════════════════════════════════════════════════════════╣
║ EventID: 20260101120000                                  ║
╠══════════════════════════════════════════════════════════╣
║ VXSE45  2026-01-01 12:00:30  気象庁                      ║
╚══════════════════════════════════════════════════════════╝
"
`;

exports[`EEW NO_COLOR golden snapshot (chalk.level=0) > 最終報-VXSE45 @ wide=180 1`] = `
"

 緊急地震速報（予報） #30 テスト震源

╔══════════════════════════════════════════════════════════════════════════════════════════════════════════════════════════════════════════════════════════════════════════════════╗
║ 発表  │  最大予測震度 4  │  M5.0  │  深さ 10km                                                                                                                                   ║
╠══════════════════════════════════════════════════════════════════════════════════════════════════════════════════════════════════════════════════════════════════════════════════╣
║ テスト地域で地震                                                                                                                                                                 ║
╠══════════════════════════════════════════════════════════════════════════════════════════════════════════════════════════════════════════════════════════════════════════════════╣
║ 震源地: テスト震源                                                                                                                                                               ║
║ 発生: 2026-01-01 11:59:50                                                                                                                                                        ║
║ 検知: 2026-01-01 12:00:00                                                                                                                                                        ║
║ 位置: N35.0 E135.0                                                                                                                                                               ║
║ 規模: M5.0                                                                                                                                                                       ║
║ 深さ: 10km                                                                                                                                                                       ║
╠ 予測震度 ════════════════════════════════════════════════════════════════════════════════════════════════════════════════════════════════════════════════════════════════════════╣
║ 震度           │ 地域                                                         │ 状態                                                                                             ║
║ 4              │ テスト地域                                                   │ ―                                                                                                ║
╠══════════════════════════════════════════════════════════════════════════════════════════════════════════════════════════════════════════════════════════════════════════════════╣
║ この情報をもって、緊急地震速報：最終報とします。                                                                                                                                 ║
╠══════════════════════════════════════════════════════════════════════════════════════════════════════════════════════════════════════════════════════════════════════════════════╣
║ EventID: 20260101120000                                                                                                                                                          ║
╠══════════════════════════════════════════════════════════════════════════════════════════════════════════════════════════════════════════════════════════════════════════════════╣
║ VXSE45  2026-01-01 12:00:30  気象庁                                                                                                                                              ║
╚══════════════════════════════════════════════════════════════════════════════════════════════════════════════════════════════════════════════════════════════════════════════════╝
"
`;

exports[`EEW NO_COLOR golden snapshot (chalk.level=0) > 混在-VXSE45 @ standard=140 1`] = `
"

 緊急地震速報（予報） #10 石川県能登地方

╔══════════════════════════════════════════════════════════════════════════════════════════════════════════════════════════════════════════╗
║ 発表  │  最大予測震度 6弱  │  M6.5  │  深さ 10km                                                                                         ║
╠══════════════════════════════════════════════════════════════════════════════════════════════════════════════════════════════════════════╣
║ 震源地: 石川県能登地方（内陸）                                                                                                           ║
║ 発生: 2026-01-01 09:00:00                                                                                                                ║
║ 検知: 2026-01-01 09:00:05                                                                                                                ║
║ 位置: N37.5 E137.3                                                                                                                       ║
║ 規模: M6.5                                                                                                                               ║
║ 深さ: 10km                                                                                                                               ║
║ 精度: 震央 IPF法(5点以上) / 深さ IPF法(5点以上) / M P相/全相混在(5点)                                                                    ║
╠ 予測震度 ════════════════════════════════════════════════════════════════════════════════════════════════════════════════════════════════╣
║ 震度           │ 地域                                     │ 状態                                                                         ║
║ 6弱            │ 石川県能登                               │ ―                                                                            ║
║ 5弱            │ 富山県東部                               │ PLUM                                                                         ║
║ 4              │ 石川県加賀                               │ ―                                                                            ║
║ 4              │ 富山県西部                               │ 到達済                                                                       ║
╠══════════════════════════════════════════════════════════════════════════════════════════════════════════════════════════════════════════╣
║ EventID: 20260101090005                                                                                                                  ║
╠══════════════════════════════════════════════════════════════════════════════════════════════════════════════════════════════════════════╣
║ VXSE45  2026-01-01 09:00:30  気象庁                                                                                                      ║
╚══════════════════════════════════════════════════════════════════════════════════════════════════════════════════════════════════════════╝
"
`;

exports[`EEW NO_COLOR golden snapshot (chalk.level=0) > 混在-VXSE45 @ ultra-narrow=60 1`] = `
"

 緊急地震速報（予報） #10 石川県能登地方

╔══════════════════════════════════════════════════════════╗
║ 発表  │  最大予測震度 6弱  │  M6.5  │  深さ 10km         ║
╠══════════════════════════════════════════════════════════╣
║ 震源地: 石川県能登地方（内陸）                           ║
║ 発生: 2026-01-01 09:00:00                                ║
║ 検知: 2026-01-01 09:00:05                                ║
║ 位置: N37.5 E137.3                                       ║
║ 規模: M6.5                                               ║
║ 深さ: 10km                                               ║
║ 精度: 震央 IPF法(5点以上) / 深さ IPF法(5点以上) / M P相… ║
╠ 予測震度 ════════════════════════════════════════════════╣
║ 震度          │ 地域                  │ 状態             ║
║ 6弱           │ 石川県能登            │ ―                ║
║ 5弱           │ 富山県東部            │ PLUM             ║
║ 4             │ 石川県加賀            │ ―                ║
║ 4             │ 富山県西部            │ 到達済           ║
╠══════════════════════════════════════════════════════════╣
║ EventID: 20260101090005                                  ║
╠══════════════════════════════════════════════════════════╣
║ VXSE45  2026-01-01 09:00:30  気象庁                      ║
╚══════════════════════════════════════════════════════════╝
"
`;

exports[`EEW NO_COLOR golden snapshot (chalk.level=0) > 混在-VXSE45 @ wide=180 1`] = `
"

 緊急地震速報（予報） #10 石川県能登地方

╔══════════════════════════════════════════════════════════════════════════════════════════════════════════════════════════════════════════════════════════════════════════════════╗
║ 発表  │  最大予測震度 6弱  │  M6.5  │  深さ 10km                                                                                                                                 ║
╠══════════════════════════════════════════════════════════════════════════════════════════════════════════════════════════════════════════════════════════════════════════════════╣
║ 震源地: 石川県能登地方（内陸）                                                                                                                                                   ║
║ 発生: 2026-01-01 09:00:00                                                                                                                                                        ║
║ 検知: 2026-01-01 09:00:05                                                                                                                                                        ║
║ 位置: N37.5 E137.3                                                                                                                                                               ║
║ 規模: M6.5                                                                                                                                                                       ║
║ 深さ: 10km                                                                                                                                                                       ║
║ 精度: 震央 IPF法(5点以上) / 深さ IPF法(5点以上) / M P相/全相混在(5点)                                                                                                            ║
╠ 予測震度 ════════════════════════════════════════════════════════════════════════════════════════════════════════════════════════════════════════════════════════════════════════╣
║ 震度           │ 地域                                                         │ 状態                                                                                             ║
║ 6弱            │ 石川県能登                                                   │ ―                                                                                                ║
║ 5弱            │ 富山県東部                                                   │ PLUM                                                                                             ║
║ 4              │ 石川県加賀                                                   │ ―                                                                                                ║
║ 4              │ 富山県西部                                                   │ 到達済                                                                                           ║
╠══════════════════════════════════════════════════════════════════════════════════════════════════════════════════════════════════════════════════════════════════════════════════╣
║ EventID: 20260101090005                                                                                                                                                          ║
╠══════════════════════════════════════════════════════════════════════════════════════════════════════════════════════════════════════════════════════════════════════════════════╣
║ VXSE45  2026-01-01 09:00:30  気象庁                                                                                                                                              ║
╚══════════════════════════════════════════════════════════════════════════════════════════════════════════════════════════════════════════════════════════════════════════════════╝
"
`;

exports[`EEW NO_COLOR golden snapshot (chalk.level=0) > 警報-VXSE43 @ standard=140 1`] = `
"

 緊急地震速報（警報） #1 豊後水道

╔══════════════════════════════════════════════════════════════════════════════════════════════════════════════════════════════════════════╗
║ 発表  │  最大予測震度 5弱  │  長周期階級 1  │  M5.8  │  深さ 30km                                                                        ║
╠══════════════════════════════════════════════════════════════════════════════════════════════════════════════════════════════════════════╣
║ 豊後水道で地震　四国　九州　中国で強い揺れ                                                                                               ║
╠══════════════════════════════════════════════════════════════════════════════════════════════════════════════════════════════════════════╣
║ 震源地: 豊後水道（海域）                                                                                                                 ║
║ 発生: 2024-04-17 23:14:48                                                                                                                ║
║ 検知: 2024-04-17 23:14:54                                                                                                                ║
║ 位置: N33.2 E132.4                                                                                                                       ║
║ 規模: M5.8                                                                                                                               ║
║ 深さ: 30km                                                                                                                               ║
║ 精度: 震央 IPF法(5点以上) / 深さ IPF法(5点以上) / M P相/全相混在(5点)                                                                    ║
╠ 予測震度 ════════════════════════════════════════════════════════════════════════════════════════════════════════════════════════════════╣
║ 震度           │ 地域                                     │ 長周期   │ 状態                                                              ║
║ 5弱            │ 愛媛県南予                               │ ―        │ 到達済                                                            ║
║ 4              │ 愛媛県中予                               │ ―        │ 23:15:08 到達予測                                                 ║
║ 4              │ 愛媛県東予                               │ ―        │ 23:15:13 到達予測                                                 ║
║ 3〜4           │ 広島県南西部                             │ ―        │ 23:15:19 到達予測                                                 ║
║ 4              │ 高知県西部                               │ ―        │ 23:15:02 到達予測                                                 ║
║ 4              │ 山口県東部                               │ ―        │ 23:15:13 到達予測                                                 ║
║ 4              │ 大分県中部                               │ 階級1    │ 23:15:04 到達予測                                                 ║
║ 4              │ 大分県南部                               │ ―        │ 23:15:03 到達予測                                                 ║
║ 4              │ 大分県北部                               │ ―        │ 23:15:09 到達予測                                                 ║
╠══════════════════════════════════════════════════════════════════════════════════════════════════════════════════════════════════════════╣
║ EventID: 20240417231454                                                                                                                  ║
╠══════════════════════════════════════════════════════════════════════════════════════════════════════════════════════════════════════════╣
║ VXSE43  2024-04-17 23:14:59  気象庁                                                                                                      ║
╚══════════════════════════════════════════════════════════════════════════════════════════════════════════════════════════════════════════╝
"
`;

exports[`EEW NO_COLOR golden snapshot (chalk.level=0) > 警報-VXSE43 @ ultra-narrow=60 1`] = `
"

 緊急地震速報（警報） #1 豊後水道

╔══════════════════════════════════════════════════════════╗
║ 発表  │  最大予測震度 5弱  │  M5.8  │  深さ 30km         ║
╠══════════════════════════════════════════════════════════╣
║ 豊後水道で地震　四国　九州　中国で強い揺れ               ║
╠══════════════════════════════════════════════════════════╣
║ 震源地: 豊後水道（海域）                                 ║
║ 発生: 2024-04-17 23:14:48                                ║
║ 検知: 2024-04-17 23:14:54                                ║
║ 位置: N33.2 E132.4                                       ║
║ 規模: M5.8                                               ║
║ 深さ: 30km                                               ║
║ 精度: 震央 IPF法(5点以上) / 深さ IPF法(5点以上) / M P相… ║
╠ 予測震度 ════════════════════════════════════════════════╣
║ 震度          │ 地域                  │ 状態             ║
║ 5弱           │ 愛媛県南予            │ 到達済           ║
║ 4             │ 愛媛県中予            │ 23:15:08 到達予… ║
║ 4             │ 愛媛県東予            │ 23:15:13 到達予… ║
║ 3〜4          │ 広島県南西部          │ 23:15:19 到達予… ║
║ 4             │ 高知県西部            │ 23:15:02 到達予… ║
║ 4             │ 山口県東部            │ 23:15:13 到達予… ║
║ 4             │ 大分県中部            │ 23:15:04 到達予… ║
║ 4             │ 大分県南部            │ 23:15:03 到達予… ║
║ 4             │ 大分県北部            │ 23:15:09 到達予… ║
╠══════════════════════════════════════════════════════════╣
║ EventID: 20240417231454                                  ║
╠══════════════════════════════════════════════════════════╣
║ VXSE43  2024-04-17 23:14:59  気象庁                      ║
╚══════════════════════════════════════════════════════════╝
"
`;

exports[`EEW NO_COLOR golden snapshot (chalk.level=0) > 警報-VXSE43 @ wide=180 1`] = `
"

 緊急地震速報（警報） #1 豊後水道

╔══════════════════════════════════════════════════════════════════════════════════════════════════════════════════════════════════════════════════════════════════════════════════╗
║ 発表  │  最大予測震度 5弱  │  長周期階級 1  │  M5.8  │  深さ 30km                                                                                                                ║
╠══════════════════════════════════════════════════════════════════════════════════════════════════════════════════════════════════════════════════════════════════════════════════╣
║ 豊後水道で地震　四国　九州　中国で強い揺れ                                                                                                                                       ║
╠══════════════════════════════════════════════════════════════════════════════════════════════════════════════════════════════════════════════════════════════════════════════════╣
║ 震源地: 豊後水道（海域）                                                                                                                                                         ║
║ 発生: 2024-04-17 23:14:48                                                                                                                                                        ║
║ 検知: 2024-04-17 23:14:54                                                                                                                                                        ║
║ 位置: N33.2 E132.4                                                                                                                                                               ║
║ 規模: M5.8                                                                                                                                                                       ║
║ 深さ: 30km                                                                                                                                                                       ║
║ 精度: 震央 IPF法(5点以上) / 深さ IPF法(5点以上) / M P相/全相混在(5点)                                                                                                            ║
╠ 予測震度 ════════════════════════════════════════════════════════════════════════════════════════════════════════════════════════════════════════════════════════════════════════╣
║ 震度           │ 地域                                                         │ 長周期   │ 状態                                                                                  ║
║ 5弱            │ 愛媛県南予                                                   │ ―        │ 到達済                                                                                ║
║ 4              │ 愛媛県中予                                                   │ ―        │ 23:15:08 到達予測                                                                     ║
║ 4              │ 愛媛県東予                                                   │ ―        │ 23:15:13 到達予測                                                                     ║
║ 3〜4           │ 広島県南西部                                                 │ ―        │ 23:15:19 到達予測                                                                     ║
║ 4              │ 高知県西部                                                   │ ―        │ 23:15:02 到達予測                                                                     ║
║ 4              │ 山口県東部                                                   │ ―        │ 23:15:13 到達予測                                                                     ║
║ 4              │ 大分県中部                                                   │ 階級1    │ 23:15:04 到達予測                                                                     ║
║ 4              │ 大分県南部                                                   │ ―        │ 23:15:03 到達予測                                                                     ║
║ 4              │ 大分県北部                                                   │ ―        │ 23:15:09 到達予測                                                                     ║
╠══════════════════════════════════════════════════════════════════════════════════════════════════════════════════════════════════════════════════════════════════════════════════╣
║ EventID: 20240417231454                                                                                                                                                          ║
╠══════════════════════════════════════════════════════════════════════════════════════════════════════════════════════════════════════════════════════════════════════════════════╣
║ VXSE43  2024-04-17 23:14:59  気象庁                                                                                                                                              ║
╚══════════════════════════════════════════════════════════════════════════════════════════════════════════════════════════════════════════════════════════════════════════════════╝
"
`;
