// Vitest Snapshot v1, https://vitest.dev/guide/snapshot.html

exports[`NO_COLOR golden snapshot (chalk.level=0) > VXSE56-activity @ standard=140 1`] = `
"
┌──────────────────────────────────────────────────────────────────────────────────────────────────────────────────────────────────────────┐
│ 地震の活動状況等に関する情報  発表  [通知]                                                                                               │
├──────────────────────────────────────────────────────────────────────────────────────────────────────────────────────────────────────────┤
│ 伊豆東部の地震活動の見通しに関する情報を発表します。                                                                                     │
├ 本文 ────────────────────────────────────────────────────────────────────────────────────────────────────────────────────────────────────┤
│ 伊豆東部の地震活動の見通しに関する情報（第１号）                                                                                         │
│ １．見出し                                                                                                                               │
│ 　本日（１１日）昼から東伊豆奈良本（ならもと）観測点で縮みのひずみ変化が観測され始め、本日（１１日）昼からは体に感じない小さな地震が発生 │
│ し始めました。                                                                                                                           │
│ 　このことから、伊豆東部の地下でマグマの貫入と上昇が始まったと思われます。このため、今後、概ね４日、長くて１週間程度、                   │
│ 地震活動が活発になるおそれがあります。                                                                                                   │
│ ２．現状                                                                                                                                 │
│ 　伊豆東部の地下でマグマの貫入と上昇が始まったとみられ、これに伴い、地殻変動と地震活動が観測されています。                               │
│ （地殻変動の状況）                                                                                                                       │
│ 　本日（１１日）昼から東伊豆奈良本（ならもと）観測点で観測されている縮みのひずみ変化は、本日（１１日）１６時現在継続しています。         │
│ ２４時間変化量（換算値）は４００ｎｓｔｒａｉｎ（ナノストレイン）となっています。また、防災科学技術研究所及び気象庁が整備している周辺の傾 │
│ 斜計にも同期した変化が現われています。                                                                                                   │
│ 　今回のひずみ変化量に近い同様の活動は○○○○年○○月で、その時には震度１以上を観測する地震が○○回、震度３以上が○○回発生しました。             │
│ （地震活動の状況）                                                                                                                       │
│ 　本日（１１日）昼に始まった地震活動は、本日（１１日）１６時現在、活発な状態となっています。本日（１１日）１６時００分にはＭ５.          │
│ ５の地震が発生して、伊東市大原で震度５弱を観測しました。                                                                                 │
│ 　これまでに、最大震度５弱を観測する地震が１回、最大震度３が２回、最大震度２が３回、最大震度１が５回発生しました。                       │
│ 　震源はいずれも川奈東沖と川奈崎付近の深さ０から５ｋｍです。                                                                             │
│ （火山活動の状況）                                                                                                                       │
│ 　噴火に直ちに結びつくような現象は観測されていません。                                                                                   │
│ … 他 13 行（全 28 行）                                                                                                                   │
├──────────────────────────────────────────────────────────────────────────────────────────────────────────────────────────────────────────┤
│ VXSE56  2019-11-11 17:00:00  気象庁                                                                                                      │
└──────────────────────────────────────────────────────────────────────────────────────────────────────────────────────────────────────────┘
"
`;

exports[`NO_COLOR golden snapshot (chalk.level=0) > VXSE56-activity @ ultra-narrow=60 1`] = `
"
┌──────────────────────────────────────────────────────────┐
│ 地震の活動状況等に関する情報  発表  [通知]               │
├──────────────────────────────────────────────────────────┤
│ 伊豆東部の地震活動の見通しに関する情報を発表します。     │
├ 本文 ────────────────────────────────────────────────────┤
│ 伊豆東部の地震活動の見通しに関する情報（第１号）         │
│ １．見出し                                               │
│ 　本日（１１日）昼から東伊豆奈良本（ならもと）観測点で縮 │
│ みのひずみ変化が観測され始め、本日（１１日）昼からは体に │
│ 感じない小さな地震が発生し始めました。                   │
│ 　このことから、伊豆東部の地下でマグマの貫入と上昇が始   │
│ まったと思われます。このため、今後、概ね４日、           │
│ 長くて１週間程度、地震活動が活発になるおそれがあります。 │
│ ２．現状                                                 │
│ 　伊豆東部の地下でマグマの貫入と上昇が始まったとみられ、 │
│ これに伴い、地殻変動と地震活動が観測されています。       │
│ （地殻変動の状況）                                       │
│ 　本日（１１日）昼から東伊豆奈良本（ならもと）観測点で観 │
│ 測されている縮みのひずみ変化は、本日（１１日）１６時現在 │
│ 継続しています。２４時間変化量（換算値）は４００ｎｓｔｒ │
│ ａｉｎ（ナノストレイン）となっています。また、           │
│ 防災科学技術研究所及び気象庁が整備している周辺の傾斜計に │
│ も同期した変化が現われています。                         │
│ 　今回のひずみ変化量に近い同様の活動は○○○○年○○月で、     │
│ その時には震度１以上を観測する地震が○○回、               │
│ 震度３以上が○○回発生しました。                           │
│ （地震活動の状況）                                       │
│ 　本日（１１日）昼に始まった地震活動は、                 │
│ 本日（１１日）１６時現在、活発な状態となっています。     │
│ 本日（１１日）１６時００分にはＭ５.５の地震が発生して、  │
│ 伊東市大原で震度５弱を観測しました。                     │
│ 　これまでに、最大震度５弱を観測する地震が１回、         │
│ 最大震度３が２回、最大震度２が３回、                     │
│ 最大震度１が５回発生しました。                           │
│ 　震源はいずれも川奈東沖と川奈崎付近の深さ０から５ｋｍで │
│ す。                                                     │
│ （火山活動の状況）                                       │
│ 　噴火に直ちに結びつくような現象は観測されていません。   │
│ … 他 13 行（全 28 行）                                   │
├──────────────────────────────────────────────────────────┤
│ VXSE56  2019-11-11 17:00:00  気象庁                      │
└──────────────────────────────────────────────────────────┘
"
`;

exports[`NO_COLOR golden snapshot (chalk.level=0) > VXSE56-activity @ wide=180 1`] = `
"
┌──────────────────────────────────────────────────────────────────────────────────────────────────────────────────────────────────────────────────────────────────────────────────┐
│ 地震の活動状況等に関する情報  発表  [通知]                                                                                                                                       │
├──────────────────────────────────────────────────────────────────────────────────────────────────────────────────────────────────────────────────────────────────────────────────┤
│ 伊豆東部の地震活動の見通しに関する情報を発表します。                                                                                                                             │
├ 本文 ────────────────────────────────────────────────────────────────────────────────────────────────────────────────────────────────────────────────────────────────────────────┤
│ 伊豆東部の地震活動の見通しに関する情報（第１号）                                                                                                                                 │
│ １．見出し                                                                                                                                                                       │
│ 　本日（１１日）昼から東伊豆奈良本（ならもと）観測点で縮みのひずみ変化が観測され始め、本日（１１日）昼からは体に感じない小さな地震が発生し始めました。                           │
│ 　このことから、伊豆東部の地下でマグマの貫入と上昇が始まったと思われます。このため、今後、概ね４日、長くて１週間程度、地震活動が活発になるおそれがあります。                     │
│ ２．現状                                                                                                                                                                         │
│ 　伊豆東部の地下でマグマの貫入と上昇が始まったとみられ、これに伴い、地殻変動と地震活動が観測されています。                                                                       │
│ （地殻変動の状況）                                                                                                                                                               │
│ 　本日（１１日）昼から東伊豆奈良本（ならもと）観測点で観測されている縮みのひずみ変化は、本日（１１日）１６時現在継続しています。２４時間変化量（換算値）は４００ｎｓｔｒａｉｎ   │
│ （ナノストレイン）となっています。また、防災科学技術研究所及び気象庁が整備している周辺の傾斜計にも同期した変化が現われています。                                                 │
│ 　今回のひずみ変化量に近い同様の活動は○○○○年○○月で、その時には震度１以上を観測する地震が○○回、震度３以上が○○回発生しました。                                                     │
│ （地震活動の状況）                                                                                                                                                               │
│ 　本日（１１日）昼に始まった地震活動は、本日（１１日）１６時現在、活発な状態となっています。本日（１１日）１６時００分にはＭ５.５の地震が発生して、伊東市大原で震度５弱を観測し  │
│ ました。                                                                                                                                                                         │
│ 　これまでに、最大震度５弱を観測する地震が１回、最大震度３が２回、最大震度２が３回、最大震度１が５回発生しました。                                                               │
│ 　震源はいずれも川奈東沖と川奈崎付近の深さ０から５ｋｍです。                                                                                                                     │
│ （火山活動の状況）                                                                                                                                                               │
│ 　噴火に直ちに結びつくような現象は観測されていません。                                                                                                                           │
│ … 他 13 行（全 28 行）                                                                                                                                                           │
├──────────────────────────────────────────────────────────────────────────────────────────────────────────────────────────────────────────────────────────────────────────────────┤
│ VXSE56  2019-11-11 17:00:00  気象庁                                                                                                                                              │
└──────────────────────────────────────────────────────────────────────────────────────────────────────────────────────────────────────────────────────────────────────────────────┘
"
`;

exports[`NO_COLOR golden snapshot (chalk.level=0) > VZSE40-notice @ standard=140 1`] = `
"
┌──────────────────────────────────────────────────────────────────────────────────────────────────────────────────────────────────────────┐
│ 地震・津波に関するお知らせ  発表  [通知]                                                                                                 │
├──────────────────────────────────────────────────────────────────────────────────────────────────────────────────────────────────────────┤
│ 沖縄県の震度データ入電停止のお知らせ                                                                                                     │
├ 本文 ────────────────────────────────────────────────────────────────────────────────────────────────────────────────────────────────────┤
│ ◆沖縄県の震度データ入電停止のお知らせ◆                                                                                                   │
│ 　沖縄県で沖縄県本庁舎の電力設備点検のため、下記期間停電となります。                                                                     │
│ 　停電期間中は、震度を扱うシステムの運用を停止するため、当該自治体の震度データは気象庁に入電せず、気象庁発表の地震情報に反映できないので │
│ お知らせします。                                                                                                                         │
│ 　　　　　　　　　　　　　　　　記                                                                                                       │
│ ＊入電停止期間＊                                                                                                                         │
│ 　　　　　　　　　11月7日 08:00 から 20:00                                                                                               │
│ 　なお、沖縄県内69点の全震度観測点のうち入電しない自治体震度観測点は、35点です。                                                         │
│ 本件問い合わせ先：地震火山部管理課課長補佐　加藤                                                                                         │
│ 　　　　　　　　　　　　　　　　　　　03-3212-8341 （内線：4504）                                                                        │
│ 　　　　　　　　　　　　　　　　夜間休　地震火山現業                                                                                     │
│ 　　　　　　　　　　　　　　　　　　　03-3211-7952                                                                                       │
├──────────────────────────────────────────────────────────────────────────────────────────────────────────────────────────────────────────┤
│ VZSE40  2009-11-06 16:00:00  気象庁                                                                                                      │
└──────────────────────────────────────────────────────────────────────────────────────────────────────────────────────────────────────────┘
"
`;

exports[`NO_COLOR golden snapshot (chalk.level=0) > VZSE40-notice @ ultra-narrow=60 1`] = `
"
┌──────────────────────────────────────────────────────────┐
│ 地震・津波に関するお知らせ  発表  [通知]                 │
├──────────────────────────────────────────────────────────┤
│ 沖縄県の震度データ入電停止のお知らせ                     │
├ 本文 ────────────────────────────────────────────────────┤
│ ◆沖縄県の震度データ入電停止のお知らせ◆                   │
│ 　沖縄県で沖縄県本庁舎の電力設備点検のため、             │
│ 下記期間停電となります。                                 │
│ 　停電期間中は、震度を扱うシステムの運用を停止するため、 │
│ 当該自治体の震度データは気象庁に入電せず、               │
│ 気象庁発表の地震情報に反映できないのでお知らせします。   │
│ 　　　　　　　　　　　　　　　　記                       │
│ ＊入電停止期間＊                                         │
│ 　　　　　　　　　11月7日 08:00 から 20:00               │
│ 　なお、沖縄県内69点の全震度観測点のうち入電しない自治体 │
│ 震度観測点は、35点です。                                 │
│ 本件問い合わせ先：地震火山部管理課課長補佐　加藤         │
│ 　　　　　　　　　　　　　　　　　　　03-3212-8341 （内  │
│ 線：4504）                                               │
│ 　　　　　　　　　　　　　　　　夜間休　地震火山現業     │
│ 　　　　　　　　　　　　　　　　　　　03-3211-7952       │
├──────────────────────────────────────────────────────────┤
│ VZSE40  2009-11-06 16:00:00  気象庁                      │
└──────────────────────────────────────────────────────────┘
"
`;

exports[`NO_COLOR golden snapshot (chalk.level=0) > VZSE40-notice @ wide=180 1`] = `
"
┌──────────────────────────────────────────────────────────────────────────────────────────────────────────────────────────────────────────────────────────────────────────────────┐
│ 地震・津波に関するお知らせ  発表  [通知]                                                                                                                                         │
├──────────────────────────────────────────────────────────────────────────────────────────────────────────────────────────────────────────────────────────────────────────────────┤
│ 沖縄県の震度データ入電停止のお知らせ                                                                                                                                             │
├ 本文 ────────────────────────────────────────────────────────────────────────────────────────────────────────────────────────────────────────────────────────────────────────────┤
│ ◆沖縄県の震度データ入電停止のお知らせ◆                                                                                                                                           │
│ 　沖縄県で沖縄県本庁舎の電力設備点検のため、下記期間停電となります。                                                                                                             │
│ 　停電期間中は、震度を扱うシステムの運用を停止するため、当該自治体の震度データは気象庁に入電せず、気象庁発表の地震情報に反映できないのでお知らせします。                         │
│ 　　　　　　　　　　　　　　　　記                                                                                                                                               │
│ ＊入電停止期間＊                                                                                                                                                                 │
│ 　　　　　　　　　11月7日 08:00 から 20:00                                                                                                                                       │
│ 　なお、沖縄県内69点の全震度観測点のうち入電しない自治体震度観測点は、35点です。                                                                                                 │
│ 本件問い合わせ先：地震火山部管理課課長補佐　加藤                                                                                                                                 │
│ 　　　　　　　　　　　　　　　　　　　03-3212-8341 （内線：4504）                                                                                                                │
│ 　　　　　　　　　　　　　　　　夜間休　地震火山現業                                                                                                                             │
│ 　　　　　　　　　　　　　　　　　　　03-3211-7952                                                                                                                               │
├──────────────────────────────────────────────────────────────────────────────────────────────────────────────────────────────────────────────────────────────────────────────────┤
│ VZSE40  2009-11-06 16:00:00  気象庁                                                                                                                                              │
└──────────────────────────────────────────────────────────────────────────────────────────────────────────────────────────────────────────────────────────────────────────────────┘
"
`;
