// Vitest Snapshot v1, https://vitest.dev/guide/snapshot.html

exports[`NO_COLOR golden snapshot (chalk.level=0) > 32-39_11_02_250206_VTSE41.xml @ standard=140 1`] = `
"

 大津波警報・津波警報・津波注意報・津波予報

╔══════════════════════════════════════════════════════════════════════════════════════════════════════════════════════════════════════════╗
║ 津波警報・注意報・予報  発表  [緊急]                                                                                                     ║
╠══════════════════════════════════════════════════════════════════════════════════════════════════════════════════════════════════════════╣
║ 東日本大震災クラスの津波が来襲します。                                                                                                   ║
║ 大津波警報・津波警報を発表しました。                                                                                                     ║
║ ただちに避難してください。                                                                                                               ║
╠══════════════════════════════════════════════════════════════════════════════════════════════════════════════════════════════════════════╣
║ 震源地: 三陸沖                                                                                                                           ║
║ 発生: 2011-03-11 14:46:00                                                                                                                ║
║ 位置: N38.0 E142.9                                                                                                                       ║
╠ 予報区 ══════════════════════════════════════════════════════════════════════════════════════════════════════════════════════════════════╣
║ 区分               │ 地域名               │ 波高             │ 到達予想                                                                  ║
║ 大津波警報：発表   │ 岩手県               │ 巨大             │ 津波到達中と推測                                                          ║
║                    │ 宮城県               │ 巨大             │ 2011-03-11 15:00:00                                                       ║
║                    │ 福島県               │ 巨大             │ 2011-03-11 15:10:00                                                       ║
║ 津波警報           │ 北海道太平洋沿岸中部 │ 高い             │ 2011-03-11 15:30:00                                                       ║
║                    │ 青森県太平洋沿岸     │ 高い             │ 2011-03-11 15:30:00                                                       ║
║                    │ 茨城県               │ 高い             │ 2011-03-11 15:30:00                                                       ║
║                    │ 千葉県九十九里・外房 │ 高い             │ 2011-03-11 15:20:00                                                       ║
║                    │ 伊豆諸島             │ 高い             │ 2011-03-11 15:20:00                                                       ║
║ 津波注意報         │ 北海道太平洋沿岸東部 │ ―                │ 2011-03-11 15:30:00                                                       ║
║                    │ 北海道太平洋沿岸西部 │ ―                │ 2011-03-11 15:40:00                                                       ║
║                    │ 青森県日本海沿岸     │ ―                │ 2011-03-11 16:10:00                                                       ║
║                    │ 千葉県内房           │ ―                │ 2011-03-11 15:20:00                                                       ║
║                    │ 小笠原諸島           │ ―                │ 2011-03-11 16:00:00                                                       ║
║                    │ 相模湾・三浦半島     │ ―                │ 2011-03-11 15:30:00                                                       ║
║                    │ 静岡県               │ ―                │ 2011-03-11 15:30:00                                                       ║
║                    │ 愛知県外海           │ ―                │ 2011-03-11 16:10:00                                                       ║
║                    │ 三重県南部           │ ―                │ 2011-03-11 16:00:00                                                       ║
║                    │ 和歌山県             │ ―                │ 2011-03-11 16:10:00                                                       ║
║                    │ 徳島県               │ ―                │ 2011-03-11 16:40:00                                                       ║
║                    │ 高知県               │ ―                │ 2011-03-11 16:30:00                                                       ║
║                    │ 宮崎県               │ ―                │ 2011-03-11 17:00:00                                                       ║
║                    │ 種子島・屋久島地方   │ ―                │ 2011-03-11 17:10:00                                                       ║
║                    │ 奄美諸島・トカラ列島 │ ―                │ 2011-03-11 17:10:00                                                       ║
║ 津波予報（若干の…  │ 北海道日本海沿岸南部 │ ―                │ ―                                                                         ║
║                    │ 陸奥湾               │ ―                │ ―                                                                         ║
║                    │ 東京湾内湾           │ ―                │ ―                                                                         ║
║                    │ 伊勢・三河湾         │ ―                │ ―                                                                         ║
║                    │ 大阪府               │ ―                │ ―                                                                         ║
║                    │ 兵庫県瀬戸内海沿岸   │ ―                │ ―                                                                         ║
║                    │ 淡路島南部           │ ―                │ ―                                                                         ║
║                    │ 岡山県               │ ―                │ ―                                                                         ║
║                    │ 香川県               │ ―                │ ―                                                                         ║
║                    │ 愛媛県宇和海沿岸     │ ―                │ ―                                                                         ║
║                    │ 有明・八代海         │ ―                │ ―                                                                         ║
║                    │ 長崎県西方           │ ―                │ ―                                                                         ║
║                    │ 熊本県天草灘沿岸     │ ―                │ ―                                                                         ║
║                    │ 大分県瀬戸内海沿岸   │ ―                │ ―                                                                         ║
║                    │ 大分県豊後水道沿岸   │ ―                │ ―                                                                         ║
║                    │ 鹿児島県東部         │ ―                │ ―                                                                         ║
║                    │ 鹿児島県西部         │ ―                │ ―                                                                         ║
║                    │ 沖縄本島地方         │ ―                │ ―                                                                         ║
║                    │ 大東島地方           │ ―                │ ―                                                                         ║
║                    │ 宮古島・八重山地方   │ ―                │ ―                                                                         ║
╠ サマリ ══════════════════════════════════════════════════════════════════════════════════════════════════════════════════════════════════╣
║ 大津波警報 3 区 ・ 津波警報 5 区 ・ 津波注意報 15 区 ・ 津波予報 20 区                                                                   ║
╠══════════════════════════════════════════════════════════════════════════════════════════════════════════════════════════════════════════╣
║ 東日本大震災クラスの津波が来襲します。                                                                                                   ║
║ ただちに避難してください。                                                                                                               ║
║ ＜大津波警報＞                                                                                                                           ║
║ 大きな津波が襲い甚大な被害が発生します。                                                                                                 ║
║ 沿岸部や川沿いにいる人はただちに高台や避難ビルなど安全な場所へ避難してください。                                                         ║
║ 津波は繰り返し襲ってきます。警報が解除されるまで安全な場所から離れないでください。                                                       ║
║ ＜津波警報＞                                                                                                                             ║
║ 津波による被害が発生します。                                                                                                             ║
║ 沿岸部や川沿いにいる人はただちに高台や避難ビルなど安全な場所へ避難してください。                                                         ║
║ 津波は繰り返し襲ってきます。警報が解除されるまで安全な場所から離れないでください。                                                       ║
║ ＜津波注意報＞                                                                                                                           ║
║ 海の中や海岸付近は危険です。                                                                                                             ║
║ 海の中にいる人はただちに海から上がって、海岸から離れてください。                                                                         ║
║ 潮の流れが速い状態が続きますので、注意報が解除されるまで海に入ったり海岸に近づいたりしないようにしてください。                           ║
║ ＜津波予報（若干の海面変動）＞                                                                                                           ║
║ 若干の海面変動が予想されますが、被害の心配はありません。                                                                                 ║
║ 警報が発表された沿岸部や川沿いにいる人はただちに高台や避難ビルなど安全な場所へ避難してください。                                         ║
║ 到達予想時刻は、予報区のなかで最も早く津波が到達する時刻です。場所によっては、この時刻よりもかなり遅れて津波が襲ってくることがあります。 ║
║ 到達予想時刻から津波が最も高くなるまでに数時間以上かかることがありますので、観測された津波の高さにかかわらず、警報が解除されるまで安全な ║
║ 場所から離れないでください。                                                                                                             ║
╠══════════════════════════════════════════════════════════════════════════════════════════════════════════════════════════════════════════╣
║ VTSE41  2011-03-11 14:49:00  気象庁                                                                                                      ║
╚══════════════════════════════════════════════════════════════════════════════════════════════════════════════════════════════════════════╝
"
`;

exports[`NO_COLOR golden snapshot (chalk.level=0) > 32-39_11_02_250206_VTSE41.xml @ ultra-narrow=60 1`] = `
"

 大津波警報・津波警報・津波注意報・津波予報

╔══════════════════════════════════════════════════════════╗
║ 津波警報・注意報・予報  発表  [緊急]                     ║
╠══════════════════════════════════════════════════════════╣
║ 東日本大震災クラスの津波が来襲します。                   ║
║ 大津波警報・津波警報を発表しました。                     ║
║ ただちに避難してください。                               ║
╠══════════════════════════════════════════════════════════╣
║ 震源地: 三陸沖                                           ║
║ 発生: 2011-03-11 14:46:00                                ║
║ 位置: N38.0 E142.9                                       ║
╠ 予報区 ══════════════════════════════════════════════════╣
║ 区分               │ 地域名            │ 波高            ║
║ 大津波警報：発表   │ 岩手県            │ 巨大            ║
║                    │ 宮城県            │ 巨大            ║
║                    │ 福島県            │ 巨大            ║
║ 津波警報           │ 北海道太平洋沿岸… │ 高い            ║
║                    │ 青森県太平洋沿岸  │ 高い            ║
║                    │ 茨城県            │ 高い            ║
║                    │ 千葉県九十九里・… │ 高い            ║
║                    │ 伊豆諸島          │ 高い            ║
║ 津波注意報         │ 北海道太平洋沿岸… │ ―               ║
║                    │ 北海道太平洋沿岸… │ ―               ║
║                    │ 青森県日本海沿岸  │ ―               ║
║                    │ 千葉県内房        │ ―               ║
║                    │ 小笠原諸島        │ ―               ║
║                    │ 相模湾・三浦半島  │ ―               ║
║                    │ 静岡県            │ ―               ║
║                    │ 愛知県外海        │ ―               ║
║                    │ 三重県南部        │ ―               ║
║                    │ 和歌山県          │ ―               ║
║                    │ 徳島県            │ ―               ║
║                    │ 高知県            │ ―               ║
║                    │ 宮崎県            │ ―               ║
║                    │ 種子島・屋久島地… │ ―               ║
║                    │ 奄美諸島・トカラ… │ ―               ║
║ 津波予報（若干の…  │ 北海道日本海沿岸… │ ―               ║
║                    │ 陸奥湾            │ ―               ║
║                    │ 東京湾内湾        │ ―               ║
║                    │ 伊勢・三河湾      │ ―               ║
║                    │ 大阪府            │ ―               ║
║                    │ 兵庫県瀬戸内海沿… │ ―               ║
║                    │ 淡路島南部        │ ―               ║
║                    │ 岡山県            │ ―               ║
║                    │ 香川県            │ ―               ║
║                    │ 愛媛県宇和海沿岸  │ ―               ║
║                    │ 有明・八代海      │ ―               ║
║                    │ 長崎県西方        │ ―               ║
║                    │ 熊本県天草灘沿岸  │ ―               ║
║                    │ 大分県瀬戸内海沿… │ ―               ║
║                    │ 大分県豊後水道沿… │ ―               ║
║                    │ 鹿児島県東部      │ ―               ║
║                    │ 鹿児島県西部      │ ―               ║
║                    │ 沖縄本島地方      │ ―               ║
║                    │ 大東島地方        │ ―               ║
║                    │ 宮古島・八重山地… │ ―               ║
╠ [詳細] ══════════════════════════════════════════════════╣
║ 【予報区】岩手県                                         ║
║     到達予想: 津波到達中と推測                           ║
║ 【予報区】宮城県                                         ║
║     到達予想: 2011-03-11 15:00:00                        ║
║ 【予報区】福島県                                         ║
║     到達予想: 2011-03-11 15:10:00                        ║
║ 【予報区】北海道太平洋沿岸中部                           ║
║     到達予想: 2011-03-11 15:30:00                        ║
║ 【予報区】青森県太平洋沿岸                               ║
║     到達予想: 2011-03-11 15:30:00                        ║
║ 【予報区】茨城県                                         ║
║     到達予想: 2011-03-11 15:30:00                        ║
║ 【予報区】千葉県九十九里・外房                           ║
║     到達予想: 2011-03-11 15:20:00                        ║
║ 【予報区】伊豆諸島                                       ║
║     到達予想: 2011-03-11 15:20:00                        ║
║ 【予報区】北海道太平洋沿岸東部                           ║
║     到達予想: 2011-03-11 15:30:00                        ║
║ 【予報区】北海道太平洋沿岸西部                           ║
║     到達予想: 2011-03-11 15:40:00                        ║
║ 【予報区】青森県日本海沿岸                               ║
║     到達予想: 2011-03-11 16:10:00                        ║
║ 【予報区】千葉県内房                                     ║
║     到達予想: 2011-03-11 15:20:00                        ║
║ 【予報区】小笠原諸島                                     ║
║     到達予想: 2011-03-11 16:00:00                        ║
║ 【予報区】相模湾・三浦半島                               ║
║     到達予想: 2011-03-11 15:30:00                        ║
║ 【予報区】静岡県                                         ║
║     到達予想: 2011-03-11 15:30:00                        ║
║ 【予報区】愛知県外海                                     ║
║     到達予想: 2011-03-11 16:10:00                        ║
║ 【予報区】三重県南部                                     ║
║     到達予想: 2011-03-11 16:00:00                        ║
║ 【予報区】和歌山県                                       ║
║     到達予想: 2011-03-11 16:10:00                        ║
║ 【予報区】徳島県                                         ║
║     到達予想: 2011-03-11 16:40:00                        ║
║ 【予報区】高知県                                         ║
║     到達予想: 2011-03-11 16:30:00                        ║
║ 【予報区】宮崎県                                         ║
║     到達予想: 2011-03-11 17:00:00                        ║
║ 【予報区】種子島・屋久島地方                             ║
║     到達予想: 2011-03-11 17:10:00                        ║
║ 【予報区】奄美諸島・トカラ列島                           ║
║     到達予想: 2011-03-11 17:10:00                        ║
╠ サマリ ══════════════════════════════════════════════════╣
║ 大津波警報 3 区 ・ 津波警報 5 区 ・ 津波注意報 15 区 ・… ║
╠══════════════════════════════════════════════════════════╣
║ 東日本大震災クラスの津波が来襲します。                   ║
║ ただちに避難してください。                               ║
║ ＜大津波警報＞                                           ║
║ 大きな津波が襲い甚大な被害が発生します。                 ║
║ 沿岸部や川沿いにいる人はただちに高台や避難ビルなど安全な ║
║ 場所へ避難してください。                                 ║
║ 津波は繰り返し襲ってきます。警報が解除されるまで安全な場 ║
║ 所から離れないでください。                               ║
║ ＜津波警報＞                                             ║
║ 津波による被害が発生します。                             ║
║ 沿岸部や川沿いにいる人はただちに高台や避難ビルなど安全な ║
║ 場所へ避難してください。                                 ║
║ 津波は繰り返し襲ってきます。警報が解除されるまで安全な場 ║
║ 所から離れないでください。                               ║
║ ＜津波注意報＞                                           ║
║ 海の中や海岸付近は危険です。                             ║
║ 海の中にいる人はただちに海から上がって、                 ║
║ 海岸から離れてください。                                 ║
║ 潮の流れが速い状態が続きますので、                       ║
║ 注意報が解除されるまで海に入ったり海岸に近づいたりしない ║
║ ようにしてください。                                     ║
║ ＜津波予報（若干の海面変動）＞                           ║
║ 若干の海面変動が予想されますが、被害の心配はありません。 ║
║ 警報が発表された沿岸部や川沿いにいる人はただちに高台や避 ║
║ 難ビルなど安全な場所へ避難してください。                 ║
║ 到達予想時刻は、予報区のなかで最も早く津波が到達する時刻 ║
║ です。場所によっては、この時刻よりもかなり遅れて津波が   ║
║ 襲ってくることがあります。                               ║
║ 到達予想時刻から津波が最も高くなるまでに数時間以上かかる ║
║ ことがありますので、観測された津波の高さにかかわらず、   ║
║ 警報が解除されるまで安全な場所から離れないでください。   ║
╠══════════════════════════════════════════════════════════╣
║ VTSE41  2011-03-11 14:49:00  気象庁                      ║
╚══════════════════════════════════════════════════════════╝
"
`;

exports[`NO_COLOR golden snapshot (chalk.level=0) > 32-39_11_02_250206_VTSE41.xml @ wide=180 1`] = `
"

 大津波警報・津波警報・津波注意報・津波予報

╔══════════════════════════════════════════════════════════════════════════════════════════════════════════════════════════════════════════════════════════════════════════════════╗
║ 津波警報・注意報・予報  発表  [緊急]                                                                                                                                             ║
╠══════════════════════════════════════════════════════════════════════════════════════════════════════════════════════════════════════════════════════════════════════════════════╣
║ 東日本大震災クラスの津波が来襲します。                                                                                                                                           ║
║ 大津波警報・津波警報を発表しました。                                                                                                                                             ║
║ ただちに避難してください。                                                                                                                                                       ║
╠══════════════════════════════════════════════════════════════════════════════════════════════════════════════════════════════════════════════════════════════════════════════════╣
║ 震源地: 三陸沖                                                                                                                                                                   ║
║ 発生: 2011-03-11 14:46:00                                                                                                                                                        ║
║ 位置: N38.0 E142.9                                                                                                                                                               ║
╠ 予報区 ══════════════════════════════════════════════════════════════════════════════════════════════════════════════════════════════════════════════════════════════════════════╣
║ 区分               │ 地域名               │ 波高             │ 到達予想                                                                                                          ║
║ 大津波警報：発表   │ 岩手県               │ 巨大             │ 津波到達中と推測                                                                                                  ║
║                    │ 宮城県               │ 巨大             │ 2011-03-11 15:00:00                                                                                               ║
║                    │ 福島県               │ 巨大             │ 2011-03-11 15:10:00                                                                                               ║
║ 津波警報           │ 北海道太平洋沿岸中部 │ 高い             │ 2011-03-11 15:30:00                                                                                               ║
║                    │ 青森県太平洋沿岸     │ 高い             │ 2011-03-11 15:30:00                                                                                               ║
║                    │ 茨城県               │ 高い             │ 2011-03-11 15:30:00                                                                                               ║
║                    │ 千葉県九十九里・外房 │ 高い             │ 2011-03-11 15:20:00                                                                                               ║
║                    │ 伊豆諸島             │ 高い             │ 2011-03-11 15:20:00                                                                                               ║
║ 津波注意報         │ 北海道太平洋沿岸東部 │ ―                │ 2011-03-11 15:30:00                                                                                               ║
║                    │ 北海道太平洋沿岸西部 │ ―                │ 2011-03-11 15:40:00                                                                                               ║
║                    │ 青森県日本海沿岸     │ ―                │ 2011-03-11 16:10:00                                                                                               ║
║                    │ 千葉県内房           │ ―                │ 2011-03-11 15:20:00                                                                                               ║
║                    │ 小笠原諸島           │ ―                │ 2011-03-11 16:00:00                                                                                               ║
║                    │ 相模湾・三浦半島     │ ―                │ 2011-03-11 15:30:00                                                                                               ║
║                    │ 静岡県               │ ―                │ 2011-03-11 15:30:00                                                                                               ║
║                    │ 愛知県外海           │ ―                │ 2011-03-11 16:10:00                                                                                               ║
║                    │ 三重県南部           │ ―                │ 2011-03-11 16:00:00                                                                                               ║
║                    │ 和歌山県             │ ―                │ 2011-03-11 16:10:00                                                                                               ║
║                    │ 徳島県               │ ―                │ 2011-03-11 16:40:00                                                                                               ║
║                    │ 高知県               │ ―                │ 2011-03-11 16:30:00                                                                                               ║
║                    │ 宮崎県               │ ―                │ 2011-03-11 17:00:00                                                                                               ║
║                    │ 種子島・屋久島地方   │ ―                │ 2011-03-11 17:10:00                                                                                               ║
║                    │ 奄美諸島・トカラ列島 │ ―                │ 2011-03-11 17:10:00                                                                                               ║
║ 津波予報（若干の…  │ 北海道日本海沿岸南部 │ ―                │ ―                                                                                                                 ║
║                    │ 陸奥湾               │ ―                │ ―                                                                                                                 ║
║                    │ 東京湾内湾           │ ―                │ ―                                                                                                                 ║
║                    │ 伊勢・三河湾         │ ―                │ ―                                                                                                                 ║
║                    │ 大阪府               │ ―                │ ―                                                                                                                 ║
║                    │ 兵庫県瀬戸内海沿岸   │ ―                │ ―                                                                                                                 ║
║                    │ 淡路島南部           │ ―                │ ―                                                                                                                 ║
║                    │ 岡山県               │ ―                │ ―                                                                                                                 ║
║                    │ 香川県               │ ―                │ ―                                                                                                                 ║
║                    │ 愛媛県宇和海沿岸     │ ―                │ ―                                                                                                                 ║
║                    │ 有明・八代海         │ ―                │ ―                                                                                                                 ║
║                    │ 長崎県西方           │ ―                │ ―                                                                                                                 ║
║                    │ 熊本県天草灘沿岸     │ ―                │ ―                                                                                                                 ║
║                    │ 大分県瀬戸内海沿岸   │ ―                │ ―                                                                                                                 ║
║                    │ 大分県豊後水道沿岸   │ ―                │ ―                                                                                                                 ║
║                    │ 鹿児島県東部         │ ―                │ ―                                                                                                                 ║
║                    │ 鹿児島県西部         │ ―                │ ―                                                                                                                 ║
║                    │ 沖縄本島地方         │ ―                │ ―                                                                                                                 ║
║                    │ 大東島地方           │ ―                │ ―                                                                                                                 ║
║                    │ 宮古島・八重山地方   │ ―                │ ―                                                                                                                 ║
╠ サマリ ══════════════════════════════════════════════════════════════════════════════════════════════════════════════════════════════════════════════════════════════════════════╣
║ 大津波警報 3 区 ・ 津波警報 5 区 ・ 津波注意報 15 区 ・ 津波予報 20 区                                                                                                           ║
╠══════════════════════════════════════════════════════════════════════════════════════════════════════════════════════════════════════════════════════════════════════════════════╣
║ 東日本大震災クラスの津波が来襲します。                                                                                                                                           ║
║ ただちに避難してください。                                                                                                                                                       ║
║ ＜大津波警報＞                                                                                                                                                                   ║
║ 大きな津波が襲い甚大な被害が発生します。                                                                                                                                         ║
║ 沿岸部や川沿いにいる人はただちに高台や避難ビルなど安全な場所へ避難してください。                                                                                                 ║
║ 津波は繰り返し襲ってきます。警報が解除されるまで安全な場所から離れないでください。                                                                                               ║
║ ＜津波警報＞                                                                                                                                                                     ║
║ 津波による被害が発生します。                                                                                                                                                     ║
║ 沿岸部や川沿いにいる人はただちに高台や避難ビルなど安全な場所へ避難してください。                                                                                                 ║
║ 津波は繰り返し襲ってきます。警報が解除されるまで安全な場所から離れないでください。                                                                                               ║
║ ＜津波注意報＞                                                                                                                                                                   ║
║ 海の中や海岸付近は危険です。                                                                                                                                                     ║
║ 海の中にいる人はただちに海から上がって、海岸から離れてください。                                                                                                                 ║
║ 潮の流れが速い状態が続きますので、注意報が解除されるまで海に入ったり海岸に近づいたりしないようにしてください。                                                                   ║
║ ＜津波予報（若干の海面変動）＞                                                                                                                                                   ║
║ 若干の海面変動が予想されますが、被害の心配はありません。                                                                                                                         ║
║ 警報が発表された沿岸部や川沿いにいる人はただちに高台や避難ビルなど安全な場所へ避難してください。                                                                                 ║
║ 到達予想時刻は、予報区のなかで最も早く津波が到達する時刻です。場所によっては、この時刻よりもかなり遅れて津波が襲ってくることがあります。                                         ║
║ 到達予想時刻から津波が最も高くなるまでに数時間以上かかることがありますので、観測された津波の高さにかかわらず、警報が解除されるまで安全な場所から離れないでください。             ║
╠══════════════════════════════════════════════════════════════════════════════════════════════════════════════════════════════════════════════════════════════════════════════════╣
║ VTSE41  2011-03-11 14:49:00  気象庁                                                                                                                                              ║
╚══════════════════════════════════════════════════════════════════════════════════════════════════════════════════════════════════════════════════════════════════════════════════╝
"
`;

exports[`NO_COLOR golden snapshot (chalk.level=0) > 32-39_11_03_250206_VTSE51.xml @ standard=140 1`] = `
"

 大津波警報・津波警報・津波注意報・津波予報

╔══════════════════════════════════════════════════════════════════════════════════════════════════════════════════════════════════════════╗
║ 津波情報  発表  [緊急]                                                                                                                   ║
╠══════════════════════════════════════════════════════════════════════════════════════════════════════════════════════════════════════════╣
║ 各地の満潮時刻と津波到達予想時刻をお知らせします。                                                                                       ║
╠══════════════════════════════════════════════════════════════════════════════════════════════════════════════════════════════════════════╣
║ 震源地: 三陸沖                                                                                                                           ║
║ 発生: 2011-03-11 14:46:00                                                                                                                ║
║ 位置: N38.0 E142.9                                                                                                                       ║
╠ 予報区 ══════════════════════════════════════════════════════════════════════════════════════════════════════════════════════════════════╣
║ 区分               │ 地域名               │ 波高             │ 到達予想                                                                  ║
║ 大津波警報：発表   │ 岩手県               │ 巨大             │ 津波到達中と推測                                                          ║
║                    │ 宮城県               │ 巨大             │ 2011-03-11 15:00:00                                                       ║
║                    │ 福島県               │ 巨大             │ 2011-03-11 15:10:00                                                       ║
║ 津波警報           │ 北海道太平洋沿岸中部 │ 高い             │ 2011-03-11 15:30:00                                                       ║
║                    │ 青森県太平洋沿岸     │ 高い             │ 2011-03-11 15:30:00                                                       ║
║                    │ 茨城県               │ 高い             │ 2011-03-11 15:30:00                                                       ║
║                    │ 千葉県九十九里・外房 │ 高い             │ 2011-03-11 15:20:00                                                       ║
║                    │ 伊豆諸島             │ 高い             │ 2011-03-11 15:20:00                                                       ║
║ 津波注意報         │ 北海道太平洋沿岸東部 │ ―                │ 2011-03-11 15:30:00                                                       ║
║                    │ 北海道太平洋沿岸西部 │ ―                │ 2011-03-11 15:40:00                                                       ║
║                    │ 青森県日本海沿岸     │ ―                │ 2011-03-11 16:10:00                                                       ║
║                    │ 千葉県内房           │ ―                │ 2011-03-11 15:20:00                                                       ║
║                    │ 小笠原諸島           │ ―                │ 2011-03-11 16:00:00                                                       ║
║                    │ 相模湾・三浦半島     │ ―                │ 2011-03-11 15:30:00                                                       ║
║                    │ 静岡県               │ ―                │ 2011-03-11 15:30:00                                                       ║
║                    │ 愛知県外海           │ ―                │ 2011-03-11 16:10:00                                                       ║
║                    │ 三重県南部           │ ―                │ 2011-03-11 16:00:00                                                       ║
║                    │ 和歌山県             │ ―                │ 2011-03-11 16:10:00                                                       ║
║                    │ 徳島県               │ ―                │ 2011-03-11 16:40:00                                                       ║
║                    │ 高知県               │ ―                │ 2011-03-11 16:30:00                                                       ║
║                    │ 宮崎県               │ ―                │ 2011-03-11 17:00:00                                                       ║
║                    │ 種子島・屋久島地方   │ ―                │ 2011-03-11 17:10:00                                                       ║
║                    │ 奄美諸島・トカラ列島 │ ―                │ 2011-03-11 17:10:00                                                       ║
║ 津波予報（若干の…  │ 北海道日本海沿岸南部 │ ―                │ ―                                                                         ║
║                    │ 陸奥湾               │ ―                │ ―                                                                         ║
║                    │ 東京湾内湾           │ ―                │ ―                                                                         ║
║                    │ 伊勢・三河湾         │ ―                │ ―                                                                         ║
║                    │ 大阪府               │ ―                │ ―                                                                         ║
║                    │ 兵庫県瀬戸内海沿岸   │ ―                │ ―                                                                         ║
║                    │ 淡路島南部           │ ―                │ ―                                                                         ║
║                    │ 岡山県               │ ―                │ ―                                                                         ║
║                    │ 香川県               │ ―                │ ―                                                                         ║
║                    │ 愛媛県宇和海沿岸     │ ―                │ ―                                                                         ║
║                    │ 有明・八代海         │ ―                │ ―                                                                         ║
║                    │ 長崎県西方           │ ―                │ ―                                                                         ║
║                    │ 熊本県天草灘沿岸     │ ―                │ ―                                                                         ║
║                    │ 大分県瀬戸内海沿岸   │ ―                │ ―                                                                         ║
║                    │ 大分県豊後水道沿岸   │ ―                │ ―                                                                         ║
║                    │ 鹿児島県東部         │ ―                │ ―                                                                         ║
║                    │ 鹿児島県西部         │ ―                │ ―                                                                         ║
║                    │ 沖縄本島地方         │ ―                │ ―                                                                         ║
║                    │ 大東島地方           │ ―                │ ―                                                                         ║
║                    │ 宮古島・八重山地方   │ ―                │ ―                                                                         ║
╠ 満潮・到達予想 ══════════════════════════════════════════════════════════════════════════════════════════════════════════════════════════╣
║ 地域名             │ 観測点             │ 到達予想                       │ 満潮時刻                                                      ║
║ 岩手県             │ 宮古               │ 2011-03-11 15:20:00            │ 2011-03-11 19:43:00                                           ║
║                    │ 大船渡             │ 2011-03-11 15:10:00            │ 2011-03-11 19:46:00                                           ║
║                    │ 釜石               │ 2011-03-11 15:10:00            │ 2011-03-11 19:47:00                                           ║
║                    │ 久慈港             │ 2011-03-11 15:40:00            │ 2011-03-11 19:36:00                                           ║
║ 宮城県             │ 石巻市鮎川         │ 2011-03-11 15:10:00            │ 2011-03-11 19:54:00                                           ║
║                    │ 仙台港             │ 2011-03-11 15:40:00            │ 2011-03-11 19:55:00                                           ║
║ 福島県             │ いわき市小名浜     │ 2011-03-11 15:30:00            │ 2011-03-11 20:09:00                                           ║
║                    │ 相馬               │ 2011-03-11 15:40:00            │ 2011-03-11 20:01:00                                           ║
║ 北海道太平洋沿岸…  │ 浦河               │ 2011-03-11 15:40:00            │ 2011-03-11 19:31:00                                           ║
║                    │ 十勝港             │ 2011-03-11 15:50:00            │ 2011-03-11 19:24:00                                           ║
║                    │ えりも町庶野       │ 2011-03-11 15:40:00            │ 2011-03-11 19:36:00                                           ║
║ 青森県太平洋沿岸   │ 八戸               │ 2011-03-11 15:50:00            │ 2011-03-11 19:30:00                                           ║
║                    │ むつ市関根浜       │ 2011-03-11 15:50:00            │ 2011-03-11 19:25:00                                           ║
║                    │ むつ小川原港       │ 2011-03-11 15:40:00            │ 2011-03-11 19:34:00                                           ║
║ 茨城県             │ 大洗               │ 2011-03-11 15:30:00            │ 2011-03-11 20:14:00                                           ║
║                    │ 神栖市鹿島港       │ 2011-03-11 15:30:00            │ 2011-03-11 20:12:00                                           ║
║ 千葉県九十九里・…  │ 銚子               │ 2011-03-11 15:30:00            │ 2011-03-11 20:23:00                                           ║
║ 伊豆諸島           │ 伊豆大島岡田       │ 2011-03-11 15:30:00            │ 2011-03-11 20:57:00                                           ║
║                    │ 三宅島坪田         │ 2011-03-11 15:30:00            │ 2011-03-11 21:18:00                                           ║
║                    │ 八丈島八重根       │ 2011-03-11 15:40:00            │ 2011-03-11 21:38:00                                           ║
║                    │ 神津島神津島港     │ 2011-03-11 15:40:00            │ 2011-03-11 21:36:00                                           ║
║                    │ 三宅島阿古         │ 2011-03-11 15:30:00            │ 2011-03-11 21:16:00                                           ║
║                    │ 八丈島神湊         │ 2011-03-11 15:40:00            │ 2011-03-11 21:22:00                                           ║
║ 北海道太平洋沿岸…  │ 釧路               │ 2011-03-11 15:40:00            │ 2011-03-11 19:27:00                                           ║
║                    │ 根室市花咲         │ 2011-03-11 15:50:00            │ 2011-03-11 19:28:00                                           ║
║                    │ 根室港             │ 2011-03-11 16:10:00            │ 2011-03-11 19:08:00                                           ║
║                    │ 浜中町霧多布港     │ 2011-03-11 15:50:00            │ 2011-03-11 19:23:00                                           ║
║ 北海道太平洋沿岸…  │ 函館               │ 2011-03-11 16:10:00            │ 2011-03-11 19:27:00                                           ║
║                    │ 苫小牧西港         │ 2011-03-11 16:00:00            │ 2011-03-11 19:30:00                                           ║
║                    │ 福島町吉岡         │ 2011-03-11 16:20:00            │ 2011-03-11 19:58:00                                           ║
║                    │ 苫小牧東港         │ 2011-03-11 16:00:00            │ 2011-03-11 19:34:00                                           ║
║                    │ 白老港             │ 2011-03-11 16:00:00            │ 2011-03-11 19:25:00                                           ║
║                    │ 渡島森港           │ 2011-03-11 16:20:00            │ 2011-03-11 18:52:00                                           ║
║                    │ 室蘭港             │ 2011-03-11 16:10:00            │ 2011-03-11 18:43:00                                           ║
║ 青森県日本海沿岸   │ 深浦               │ 2011-03-11 16:40:00            │ 2011-03-11 17:33:00                                           ║
║                    │ 竜飛               │ 2011-03-11 16:20:00            │ 2011-03-11 19:39:00                                           ║
║ 千葉県内房         │ 館山市布良         │ 2011-03-11 15:30:00            │ 2011-03-11 20:44:00                                           ║
║ 小笠原諸島         │ 父島二見           │ 2011-03-11 16:10:00            │ 2011-03-11 22:08:00                                           ║
║ 相模湾・三浦半島   │ 小田原             │ 2011-03-11 15:30:00            │ 2011-03-11 20:51:00                                           ║
║                    │ 三浦市油壺         │ 2011-03-11 15:30:00            │ 2011-03-11 21:00:00                                           ║
║ 静岡県             │ 沼津市内浦         │ 2011-03-11 16:00:00            │ 2011-03-11 21:36:00                                           ║
║                    │ 清水               │ 2011-03-11 15:50:00            │ 2011-03-11 21:37:00                                           ║
║                    │ 南伊豆町石廊崎     │ 2011-03-11 15:50:00            │ 2011-03-11 21:40:00                                           ║
║                    │ 御前崎             │ 2011-03-11 16:00:00            │ 2011-03-11 21:41:00                                           ║
║                    │ 舞阪               │ 2011-03-11 16:10:00            │ 2011-03-11 22:04:00                                           ║
║                    │ 下田港             │ 2011-03-11 15:40:00            │ 2011-03-11 21:30:00                                           ║
║                    │ 伊東               │ 2011-03-11 15:30:00            │ 2011-03-11 21:03:00                                           ║
║                    │ 西伊豆町田子       │ 2011-03-11 15:50:00            │ 2011-03-11 21:35:00                                           ║
║                    │ 焼津               │ 2011-03-11 15:50:00            │ 2011-03-11 21:33:00                                           ║
║ 愛知県外海         │ 田原市赤羽根       │ 2011-03-11 16:20:00            │ 2011-03-11 21:57:00                                           ║
║ 三重県南部         │ 鳥羽               │ 2011-03-11 16:30:00            │ 2011-03-11 22:00:00                                           ║
║                    │ 尾鷲               │ 2011-03-11 16:20:00            │ 2011-03-11 21:53:00                                           ║
║                    │ 熊野市遊木         │ 2011-03-11 16:10:00            │ 2011-03-11 21:51:00                                           ║
║ 和歌山県           │ 那智勝浦町浦神     │ 2011-03-11 16:10:00            │ 2011-03-11 21:56:00                                           ║
║                    │ 串本町袋港         │ 2011-03-11 16:20:00            │ 2011-03-11 22:03:00                                           ║
║                    │ 和歌山             │ 2011-03-11 17:20:00            │ 2011-03-11 22:36:00                                           ║
║                    │ 御坊市祓井戸       │ 2011-03-11 16:30:00            │ 2011-03-11 22:01:00                                           ║
║                    │ 白浜町堅田         │ 2011-03-11 16:20:00            │ 2011-03-11 21:57:00                                           ║
║ 徳島県             │ 小松島             │ 2011-03-11 17:10:00            │ 2011-03-11 22:19:00                                           ║
║                    │ 徳島由岐           │ 2011-03-11 16:40:00            │ 2011-03-11 21:58:00                                           ║
║ 高知県             │ 室戸市室戸岬       │ 2011-03-11 16:30:00            │ 2011-03-11 22:05:00                                           ║
║                    │ 高知               │ 2011-03-11 17:00:00            │ 2011-03-11 22:09:00                                           ║
║                    │ 土佐清水           │ 2011-03-11 16:50:00            │ 2011-03-11 22:11:00                                           ║
║                    │ 須崎港             │ 2011-03-11 16:50:00            │ 2011-03-11 22:07:00                                           ║
║ 宮崎県             │ 日向市細島         │ 2011-03-11 17:10:00            │ 2011-03-11 22:19:00                                           ║
║                    │ 日南市油津         │ 2011-03-11 17:00:00            │ 2011-03-11 22:16:00                                           ║
║                    │ 宮崎港             │ 2011-03-11 17:10:00            │ 2011-03-11 22:19:00                                           ║
║ 種子島・屋久島地方 │ 種子島西之表       │ 2011-03-11 17:30:00            │ 2011-03-11 22:52:00                                           ║
║                    │ 種子島熊野         │ 2011-03-11 17:10:00            │ 2011-03-11 22:22:00                                           ║
║ 奄美諸島・トカラ…  │ 中之島             │ 2011-03-11 17:10:00            │ 2011-03-11 22:59:00                                           ║
║                    │ 奄美市小湊         │ 2011-03-11 17:20:00            │ 2011-03-11 22:43:00                                           ║
║                    │ 奄美市名瀬         │ 2011-03-11 17:30:00            │ 2011-03-11 23:01:00                                           ║
╠ サマリ ══════════════════════════════════════════════════════════════════════════════════════════════════════════════════════════════════╣
║ 大津波警報 3 区 ・ 津波警報 5 区 ・ 津波注意報 15 区 ・ 津波予報 20 区                                                                   ║
╠══════════════════════════════════════════════════════════════════════════════════════════════════════════════════════════════════════════╣
║ 津波と満潮が重なると、津波はより高くなりますので一層厳重な警戒が必要です。                                                               ║
╠══════════════════════════════════════════════════════════════════════════════════════════════════════════════════════════════════════════╣
║ VTSE51  2011-03-11 14:50:00  気象庁                                                                                                      ║
╚══════════════════════════════════════════════════════════════════════════════════════════════════════════════════════════════════════════╝
"
`;

exports[`NO_COLOR golden snapshot (chalk.level=0) > 32-39_11_03_250206_VTSE51.xml @ ultra-narrow=60 1`] = `
"

 大津波警報・津波警報・津波注意報・津波予報

╔══════════════════════════════════════════════════════════╗
║ 津波情報  発表  [緊急]                                   ║
╠══════════════════════════════════════════════════════════╣
║ 各地の満潮時刻と津波到達予想時刻をお知らせします。       ║
╠══════════════════════════════════════════════════════════╣
║ 震源地: 三陸沖                                           ║
║ 発生: 2011-03-11 14:46:00                                ║
║ 位置: N38.0 E142.9                                       ║
╠ 予報区 ══════════════════════════════════════════════════╣
║ 区分               │ 地域名            │ 波高            ║
║ 大津波警報：発表   │ 岩手県            │ 巨大            ║
║                    │ 宮城県            │ 巨大            ║
║                    │ 福島県            │ 巨大            ║
║ 津波警報           │ 北海道太平洋沿岸… │ 高い            ║
║                    │ 青森県太平洋沿岸  │ 高い            ║
║                    │ 茨城県            │ 高い            ║
║                    │ 千葉県九十九里・… │ 高い            ║
║                    │ 伊豆諸島          │ 高い            ║
║ 津波注意報         │ 北海道太平洋沿岸… │ ―               ║
║                    │ 北海道太平洋沿岸… │ ―               ║
║                    │ 青森県日本海沿岸  │ ―               ║
║                    │ 千葉県内房        │ ―               ║
║                    │ 小笠原諸島        │ ―               ║
║                    │ 相模湾・三浦半島  │ ―               ║
║                    │ 静岡県            │ ―               ║
║                    │ 愛知県外海        │ ―               ║
║                    │ 三重県南部        │ ―               ║
║                    │ 和歌山県          │ ―               ║
║                    │ 徳島県            │ ―               ║
║                    │ 高知県            │ ―               ║
║                    │ 宮崎県            │ ―               ║
║                    │ 種子島・屋久島地… │ ―               ║
║                    │ 奄美諸島・トカラ… │ ―               ║
║ 津波予報（若干の…  │ 北海道日本海沿岸… │ ―               ║
║                    │ 陸奥湾            │ ―               ║
║                    │ 東京湾内湾        │ ―               ║
║                    │ 伊勢・三河湾      │ ―               ║
║                    │ 大阪府            │ ―               ║
║                    │ 兵庫県瀬戸内海沿… │ ―               ║
║                    │ 淡路島南部        │ ―               ║
║                    │ 岡山県            │ ―               ║
║                    │ 香川県            │ ―               ║
║                    │ 愛媛県宇和海沿岸  │ ―               ║
║                    │ 有明・八代海      │ ―               ║
║                    │ 長崎県西方        │ ―               ║
║                    │ 熊本県天草灘沿岸  │ ―               ║
║                    │ 大分県瀬戸内海沿… │ ―               ║
║                    │ 大分県豊後水道沿… │ ―               ║
║                    │ 鹿児島県東部      │ ―               ║
║                    │ 鹿児島県西部      │ ―               ║
║                    │ 沖縄本島地方      │ ―               ║
║                    │ 大東島地方        │ ―               ║
║                    │ 宮古島・八重山地… │ ―               ║
╠ 満潮・到達予想 ══════════════════════════════════════════╣
║ 地域名           │ 観測点          │ 到達予想            ║
║ 岩手県           │ 宮古            │ 2011-03-11 15:20:00 ║
║                  │ 大船渡          │ 2011-03-11 15:10:00 ║
║                  │ 釜石            │ 2011-03-11 15:10:00 ║
║                  │ 久慈港          │ 2011-03-11 15:40:00 ║
║ 宮城県           │ 石巻市鮎川      │ 2011-03-11 15:10:00 ║
║                  │ 仙台港          │ 2011-03-11 15:40:00 ║
║ 福島県           │ いわき市小名浜  │ 2011-03-11 15:30:00 ║
║                  │ 相馬            │ 2011-03-11 15:40:00 ║
║ 北海道太平洋沿…  │ 浦河            │ 2011-03-11 15:40:00 ║
║                  │ 十勝港          │ 2011-03-11 15:50:00 ║
║                  │ えりも町庶野    │ 2011-03-11 15:40:00 ║
║ 青森県太平洋沿岸 │ 八戸            │ 2011-03-11 15:50:00 ║
║                  │ むつ市関根浜    │ 2011-03-11 15:50:00 ║
║                  │ むつ小川原港    │ 2011-03-11 15:40:00 ║
║ 茨城県           │ 大洗            │ 2011-03-11 15:30:00 ║
║                  │ 神栖市鹿島港    │ 2011-03-11 15:30:00 ║
║ 千葉県九十九里…  │ 銚子            │ 2011-03-11 15:30:00 ║
║ 伊豆諸島         │ 伊豆大島岡田    │ 2011-03-11 15:30:00 ║
║                  │ 三宅島坪田      │ 2011-03-11 15:30:00 ║
║                  │ 八丈島八重根    │ 2011-03-11 15:40:00 ║
║                  │ 神津島神津島港  │ 2011-03-11 15:40:00 ║
║                  │ 三宅島阿古      │ 2011-03-11 15:30:00 ║
║                  │ 八丈島神湊      │ 2011-03-11 15:40:00 ║
║ 北海道太平洋沿…  │ 釧路            │ 2011-03-11 15:40:00 ║
║                  │ 根室市花咲      │ 2011-03-11 15:50:00 ║
║                  │ 根室港          │ 2011-03-11 16:10:00 ║
║                  │ 浜中町霧多布港  │ 2011-03-11 15:50:00 ║
║ 北海道太平洋沿…  │ 函館            │ 2011-03-11 16:10:00 ║
║                  │ 苫小牧西港      │ 2011-03-11 16:00:00 ║
║                  │ 福島町吉岡      │ 2011-03-11 16:20:00 ║
║                  │ 苫小牧東港      │ 2011-03-11 16:00:00 ║
║                  │ 白老港          │ 2011-03-11 16:00:00 ║
║                  │ 渡島森港        │ 2011-03-11 16:20:00 ║
║                  │ 室蘭港          │ 2011-03-11 16:10:00 ║
║ 青森県日本海沿岸 │ 深浦            │ 2011-03-11 16:40:00 ║
║                  │ 竜飛            │ 2011-03-11 16:20:00 ║
║ 千葉県内房       │ 館山市布良      │ 2011-03-11 15:30:00 ║
║ 小笠原諸島       │ 父島二見        │ 2011-03-11 16:10:00 ║
║ 相模湾・三浦半島 │ 小田原          │ 2011-03-11 15:30:00 ║
║                  │ 三浦市油壺      │ 2011-03-11 15:30:00 ║
║ 静岡県           │ 沼津市内浦      │ 2011-03-11 16:00:00 ║
║                  │ 清水            │ 2011-03-11 15:50:00 ║
║                  │ 南伊豆町石廊崎  │ 2011-03-11 15:50:00 ║
║                  │ 御前崎          │ 2011-03-11 16:00:00 ║
║                  │ 舞阪            │ 2011-03-11 16:10:00 ║
║                  │ 下田港          │ 2011-03-11 15:40:00 ║
║                  │ 伊東            │ 2011-03-11 15:30:00 ║
║                  │ 西伊豆町田子    │ 2011-03-11 15:50:00 ║
║                  │ 焼津            │ 2011-03-11 15:50:00 ║
║ 愛知県外海       │ 田原市赤羽根    │ 2011-03-11 16:20:00 ║
║ 三重県南部       │ 鳥羽            │ 2011-03-11 16:30:00 ║
║                  │ 尾鷲            │ 2011-03-11 16:20:00 ║
║                  │ 熊野市遊木      │ 2011-03-11 16:10:00 ║
║ 和歌山県         │ 那智勝浦町浦神  │ 2011-03-11 16:10:00 ║
║                  │ 串本町袋港      │ 2011-03-11 16:20:00 ║
║                  │ 和歌山          │ 2011-03-11 17:20:00 ║
║                  │ 御坊市祓井戸    │ 2011-03-11 16:30:00 ║
║                  │ 白浜町堅田      │ 2011-03-11 16:20:00 ║
║ 徳島県           │ 小松島          │ 2011-03-11 17:10:00 ║
║                  │ 徳島由岐        │ 2011-03-11 16:40:00 ║
║ 高知県           │ 室戸市室戸岬    │ 2011-03-11 16:30:00 ║
║                  │ 高知            │ 2011-03-11 17:00:00 ║
║                  │ 土佐清水        │ 2011-03-11 16:50:00 ║
║                  │ 須崎港          │ 2011-03-11 16:50:00 ║
║ 宮崎県           │ 日向市細島      │ 2011-03-11 17:10:00 ║
║                  │ 日南市油津      │ 2011-03-11 17:00:00 ║
║                  │ 宮崎港          │ 2011-03-11 17:10:00 ║
║ 種子島・屋久島…  │ 種子島西之表    │ 2011-03-11 17:30:00 ║
║                  │ 種子島熊野      │ 2011-03-11 17:10:00 ║
║ 奄美諸島・トカ…  │ 中之島          │ 2011-03-11 17:10:00 ║
║                  │ 奄美市小湊      │ 2011-03-11 17:20:00 ║
║                  │ 奄美市名瀬      │ 2011-03-11 17:30:00 ║
╠ [詳細] ══════════════════════════════════════════════════╣
║ 【予報区】岩手県                                         ║
║     到達予想: 津波到達中と推測                           ║
║ 【予報区】宮城県                                         ║
║     到達予想: 2011-03-11 15:00:00                        ║
║ 【予報区】福島県                                         ║
║     到達予想: 2011-03-11 15:10:00                        ║
║ 【予報区】北海道太平洋沿岸中部                           ║
║     到達予想: 2011-03-11 15:30:00                        ║
║ 【予報区】青森県太平洋沿岸                               ║
║     到達予想: 2011-03-11 15:30:00                        ║
║ 【予報区】茨城県                                         ║
║     到達予想: 2011-03-11 15:30:00                        ║
║ 【予報区】千葉県九十九里・外房                           ║
║     到達予想: 2011-03-11 15:20:00                        ║
║ 【予報区】伊豆諸島                                       ║
║     到達予想: 2011-03-11 15:20:00                        ║
║ 【予報区】北海道太平洋沿岸東部                           ║
║     到達予想: 2011-03-11 15:30:00                        ║
║ 【予報区】北海道太平洋沿岸西部                           ║
║     到達予想: 2011-03-11 15:40:00                        ║
║ 【予報区】青森県日本海沿岸                               ║
║     到達予想: 2011-03-11 16:10:00                        ║
║ 【予報区】千葉県内房                                     ║
║     到達予想: 2011-03-11 15:20:00                        ║
║ 【予報区】小笠原諸島                                     ║
║     到達予想: 2011-03-11 16:00:00                        ║
║ 【予報区】相模湾・三浦半島                               ║
║     到達予想: 2011-03-11 15:30:00                        ║
║ 【予報区】静岡県                                         ║
║     到達予想: 2011-03-11 15:30:00                        ║
║ 【予報区】愛知県外海                                     ║
║     到達予想: 2011-03-11 16:10:00                        ║
║ 【予報区】三重県南部                                     ║
║     到達予想: 2011-03-11 16:00:00                        ║
║ 【予報区】和歌山県                                       ║
║     到達予想: 2011-03-11 16:10:00                        ║
║ 【予報区】徳島県                                         ║
║     到達予想: 2011-03-11 16:40:00                        ║
║ 【予報区】高知県                                         ║
║     到達予想: 2011-03-11 16:30:00                        ║
║ 【予報区】宮崎県                                         ║
║     到達予想: 2011-03-11 17:00:00                        ║
║ 【予報区】種子島・屋久島地方                             ║
║     到達予想: 2011-03-11 17:10:00                        ║
║ 【予報区】奄美諸島・トカラ列島                           ║
║     到達予想: 2011-03-11 17:10:00                        ║
║ 【満潮・到達予想】宮古                                   ║
║     満潮時刻: 2011-03-11 19:43:00                        ║
║ 【満潮・到達予想】大船渡                                 ║
║     満潮時刻: 2011-03-11 19:46:00                        ║
║ 【満潮・到達予想】釜石                                   ║
║     満潮時刻: 2011-03-11 19:47:00                        ║
║ 【満潮・到達予想】久慈港                                 ║
║     満潮時刻: 2011-03-11 19:36:00                        ║
║ 【満潮・到達予想】石巻市鮎川                             ║
║     満潮時刻: 2011-03-11 19:54:00                        ║
║ 【満潮・到達予想】仙台港                                 ║
║     満潮時刻: 2011-03-11 19:55:00                        ║
║ 【満潮・到達予想】いわき市小名浜                         ║
║     満潮時刻: 2011-03-11 20:09:00                        ║
╠ [詳細] (65 entry 省略) ══════════════════════════════════╣
╠ サマリ ══════════════════════════════════════════════════╣
║ 大津波警報 3 区 ・ 津波警報 5 区 ・ 津波注意報 15 区 ・… ║
╠══════════════════════════════════════════════════════════╣
║ 津波と満潮が重なると、津波はより高くなりますので一層厳重 ║
║ な警戒が必要です。                                       ║
╠══════════════════════════════════════════════════════════╣
║ VTSE51  2011-03-11 14:50:00  気象庁                      ║
╚══════════════════════════════════════════════════════════╝
"
`;

exports[`NO_COLOR golden snapshot (chalk.level=0) > 32-39_11_03_250206_VTSE51.xml @ wide=180 1`] = `
"

 大津波警報・津波警報・津波注意報・津波予報

╔══════════════════════════════════════════════════════════════════════════════════════════════════════════════════════════════════════════════════════════════════════════════════╗
║ 津波情報  発表  [緊急]                                                                                                                                                           ║
╠══════════════════════════════════════════════════════════════════════════════════════════════════════════════════════════════════════════════════════════════════════════════════╣
║ 各地の満潮時刻と津波到達予想時刻をお知らせします。                                                                                                                               ║
╠══════════════════════════════════════════════════════════════════════════════════════════════════════════════════════════════════════════════════════════════════════════════════╣
║ 震源地: 三陸沖                                                                                                                                                                   ║
║ 発生: 2011-03-11 14:46:00                                                                                                                                                        ║
║ 位置: N38.0 E142.9                                                                                                                                                               ║
╠ 予報区 ══════════════════════════════════════════════════════════════════════════════════════════════════════════════════════════════════════════════════════════════════════════╣
║ 区分               │ 地域名               │ 波高             │ 到達予想                                                                                                          ║
║ 大津波警報：発表   │ 岩手県               │ 巨大             │ 津波到達中と推測                                                                                                  ║
║                    │ 宮城県               │ 巨大             │ 2011-03-11 15:00:00                                                                                               ║
║                    │ 福島県               │ 巨大             │ 2011-03-11 15:10:00                                                                                               ║
║ 津波警報           │ 北海道太平洋沿岸中部 │ 高い             │ 2011-03-11 15:30:00                                                                                               ║
║                    │ 青森県太平洋沿岸     │ 高い             │ 2011-03-11 15:30:00                                                                                               ║
║                    │ 茨城県               │ 高い             │ 2011-03-11 15:30:00                                                                                               ║
║                    │ 千葉県九十九里・外房 │ 高い             │ 2011-03-11 15:20:00                                                                                               ║
║                    │ 伊豆諸島             │ 高い             │ 2011-03-11 15:20:00                                                                                               ║
║ 津波注意報         │ 北海道太平洋沿岸東部 │ ―                │ 2011-03-11 15:30:00                                                                                               ║
║                    │ 北海道太平洋沿岸西部 │ ―                │ 2011-03-11 15:40:00                                                                                               ║
║                    │ 青森県日本海沿岸     │ ―                │ 2011-03-11 16:10:00                                                                                               ║
║                    │ 千葉県内房           │ ―                │ 2011-03-11 15:20:00                                                                                               ║
║                    │ 小笠原諸島           │ ―                │ 2011-03-11 16:00:00                                                                                               ║
║                    │ 相模湾・三浦半島     │ ―                │ 2011-03-11 15:30:00                                                                                               ║
║                    │ 静岡県               │ ―                │ 2011-03-11 15:30:00                                                                                               ║
║                    │ 愛知県外海           │ ―                │ 2011-03-11 16:10:00                                                                                               ║
║                    │ 三重県南部           │ ―                │ 2011-03-11 16:00:00                                                                                               ║
║                    │ 和歌山県             │ ―                │ 2011-03-11 16:10:00                                                                                               ║
║                    │ 徳島県               │ ―                │ 2011-03-11 16:40:00                                                                                               ║
║                    │ 高知県               │ ―                │ 2011-03-11 16:30:00                                                                                               ║
║                    │ 宮崎県               │ ―                │ 2011-03-11 17:00:00                                                                                               ║
║                    │ 種子島・屋久島地方   │ ―                │ 2011-03-11 17:10:00                                                                                               ║
║                    │ 奄美諸島・トカラ列島 │ ―                │ 2011-03-11 17:10:00                                                                                               ║
║ 津波予報（若干の…  │ 北海道日本海沿岸南部 │ ―                │ ―                                                                                                                 ║
║                    │ 陸奥湾               │ ―                │ ―                                                                                                                 ║
║                    │ 東京湾内湾           │ ―                │ ―                                                                                                                 ║
║                    │ 伊勢・三河湾         │ ―                │ ―                                                                                                                 ║
║                    │ 大阪府               │ ―                │ ―                                                                                                                 ║
║                    │ 兵庫県瀬戸内海沿岸   │ ―                │ ―                                                                                                                 ║
║                    │ 淡路島南部           │ ―                │ ―                                                                                                                 ║
║                    │ 岡山県               │ ―                │ ―                                                                                                                 ║
║                    │ 香川県               │ ―                │ ―                                                                                                                 ║
║                    │ 愛媛県宇和海沿岸     │ ―                │ ―                                                                                                                 ║
║                    │ 有明・八代海         │ ―                │ ―                                                                                                                 ║
║                    │ 長崎県西方           │ ―                │ ―                                                                                                                 ║
║                    │ 熊本県天草灘沿岸     │ ―                │ ―                                                                                                                 ║
║                    │ 大分県瀬戸内海沿岸   │ ―                │ ―                                                                                                                 ║
║                    │ 大分県豊後水道沿岸   │ ―                │ ―                                                                                                                 ║
║                    │ 鹿児島県東部         │ ―                │ ―                                                                                                                 ║
║                    │ 鹿児島県西部         │ ―                │ ―                                                                                                                 ║
║                    │ 沖縄本島地方         │ ―                │ ―                                                                                                                 ║
║                    │ 大東島地方           │ ―                │ ―                                                                                                                 ║
║                    │ 宮古島・八重山地方   │ ―                │ ―                                                                                                                 ║
╠ 満潮・到達予想 ══════════════════════════════════════════════════════════════════════════════════════════════════════════════════════════════════════════════════════════════════╣
║ 地域名             │ 観測点             │ 到達予想                       │ 満潮時刻                                                                                              ║
║ 岩手県             │ 宮古               │ 2011-03-11 15:20:00            │ 2011-03-11 19:43:00                                                                                   ║
║                    │ 大船渡             │ 2011-03-11 15:10:00            │ 2011-03-11 19:46:00                                                                                   ║
║                    │ 釜石               │ 2011-03-11 15:10:00            │ 2011-03-11 19:47:00                                                                                   ║
║                    │ 久慈港             │ 2011-03-11 15:40:00            │ 2011-03-11 19:36:00                                                                                   ║
║ 宮城県             │ 石巻市鮎川         │ 2011-03-11 15:10:00            │ 2011-03-11 19:54:00                                                                                   ║
║                    │ 仙台港             │ 2011-03-11 15:40:00            │ 2011-03-11 19:55:00                                                                                   ║
║ 福島県             │ いわき市小名浜     │ 2011-03-11 15:30:00            │ 2011-03-11 20:09:00                                                                                   ║
║                    │ 相馬               │ 2011-03-11 15:40:00            │ 2011-03-11 20:01:00                                                                                   ║
║ 北海道太平洋沿岸…  │ 浦河               │ 2011-03-11 15:40:00            │ 2011-03-11 19:31:00                                                                                   ║
║                    │ 十勝港             │ 2011-03-11 15:50:00            │ 2011-03-11 19:24:00                                                                                   ║
║                    │ えりも町庶野       │ 2011-03-11 15:40:00            │ 2011-03-11 19:36:00                                                                                   ║
║ 青森県太平洋沿岸   │ 八戸               │ 2011-03-11 15:50:00            │ 2011-03-11 19:30:00                                                                                   ║
║                    │ むつ市関根浜       │ 2011-03-11 15:50:00            │ 2011-03-11 19:25:00                                                                                   ║
║                    │ むつ小川原港       │ 2011-03-11 15:40:00            │ 2011-03-11 19:34:00                                                                                   ║
║ 茨城県             │ 大洗               │ 2011-03-11 15:30:00            │ 2011-03-11 20:14:00                                                                                   ║
║                    │ 神栖市鹿島港       │ 2011-03-11 15:30:00            │ 2011-03-11 20:12:00                                                                                   ║
║ 千葉県九十九里・…  │ 銚子               │ 2011-03-11 15:30:00            │ 2011-03-11 20:23:00                                                                                   ║
║ 伊豆諸島           │ 伊豆大島岡田       │ 2011-03-11 15:30:00            │ 2011-03-11 20:57:00                                                                                   ║
║                    │ 三宅島坪田         │ 2011-03-11 15:30:00            │ 2011-03-11 21:18:00                                                                                   ║
║                    │ 八丈島八重根       │ 2011-03-11 15:40:00            │ 2011-03-11 21:38:00                                                                                   ║
║                    │ 神津島神津島港     │ 2011-03-11 15:40:00            │ 2011-03-11 21:36:00                                                                                   ║
║                    │ 三宅島阿古         │ 2011-03-11 15:30:00            │ 2011-03-11 21:16:00                                                                                   ║
║                    │ 八丈島神湊         │ 2011-03-11 15:40:00            │ 2011-03-11 21:22:00                                                                                   ║
║ 北海道太平洋沿岸…  │ 釧路               │ 2011-03-11 15:40:00            │ 2011-03-11 19:27:00                                                                                   ║
║                    │ 根室市花咲         │ 2011-03-11 15:50:00            │ 2011-03-11 19:28:00                                                                                   ║
║                    │ 根室港             │ 2011-03-11 16:10:00            │ 2011-03-11 19:08:00                                                                                   ║
║                    │ 浜中町霧多布港     │ 2011-03-11 15:50:00            │ 2011-03-11 19:23:00                                                                                   ║
║ 北海道太平洋沿岸…  │ 函館               │ 2011-03-11 16:10:00            │ 2011-03-11 19:27:00                                                                                   ║
║                    │ 苫小牧西港         │ 2011-03-11 16:00:00            │ 2011-03-11 19:30:00                                                                                   ║
║                    │ 福島町吉岡         │ 2011-03-11 16:20:00            │ 2011-03-11 19:58:00                                                                                   ║
║                    │ 苫小牧東港         │ 2011-03-11 16:00:00            │ 2011-03-11 19:34:00                                                                                   ║
║                    │ 白老港             │ 2011-03-11 16:00:00            │ 2011-03-11 19:25:00                                                                                   ║
║                    │ 渡島森港           │ 2011-03-11 16:20:00            │ 2011-03-11 18:52:00                                                                                   ║
║                    │ 室蘭港             │ 2011-03-11 16:10:00            │ 2011-03-11 18:43:00                                                                                   ║
║ 青森県日本海沿岸   │ 深浦               │ 2011-03-11 16:40:00            │ 2011-03-11 17:33:00                                                                                   ║
║                    │ 竜飛               │ 2011-03-11 16:20:00            │ 2011-03-11 19:39:00                                                                                   ║
║ 千葉県内房         │ 館山市布良         │ 2011-03-11 15:30:00            │ 2011-03-11 20:44:00                                                                                   ║
║ 小笠原諸島         │ 父島二見           │ 2011-03-11 16:10:00            │ 2011-03-11 22:08:00                                                                                   ║
║ 相模湾・三浦半島   │ 小田原             │ 2011-03-11 15:30:00            │ 2011-03-11 20:51:00                                                                                   ║
║                    │ 三浦市油壺         │ 2011-03-11 15:30:00            │ 2011-03-11 21:00:00                                                                                   ║
║ 静岡県             │ 沼津市内浦         │ 2011-03-11 16:00:00            │ 2011-03-11 21:36:00                                                                                   ║
║                    │ 清水               │ 2011-03-11 15:50:00            │ 2011-03-11 21:37:00                                                                                   ║
║                    │ 南伊豆町石廊崎     │ 2011-03-11 15:50:00            │ 2011-03-11 21:40:00                                                                                   ║
║                    │ 御前崎             │ 2011-03-11 16:00:00            │ 2011-03-11 21:41:00                                                                                   ║
║                    │ 舞阪               │ 2011-03-11 16:10:00            │ 2011-03-11 22:04:00                                                                                   ║
║                    │ 下田港             │ 2011-03-11 15:40:00            │ 2011-03-11 21:30:00                                                                                   ║
║                    │ 伊東               │ 2011-03-11 15:30:00            │ 2011-03-11 21:03:00                                                                                   ║
║                    │ 西伊豆町田子       │ 2011-03-11 15:50:00            │ 2011-03-11 21:35:00                                                                                   ║
║                    │ 焼津               │ 2011-03-11 15:50:00            │ 2011-03-11 21:33:00                                                                                   ║
║ 愛知県外海         │ 田原市赤羽根       │ 2011-03-11 16:20:00            │ 2011-03-11 21:57:00                                                                                   ║
║ 三重県南部         │ 鳥羽               │ 2011-03-11 16:30:00            │ 2011-03-11 22:00:00                                                                                   ║
║                    │ 尾鷲               │ 2011-03-11 16:20:00            │ 2011-03-11 21:53:00                                                                                   ║
║                    │ 熊野市遊木         │ 2011-03-11 16:10:00            │ 2011-03-11 21:51:00                                                                                   ║
║ 和歌山県           │ 那智勝浦町浦神     │ 2011-03-11 16:10:00            │ 2011-03-11 21:56:00                                                                                   ║
║                    │ 串本町袋港         │ 2011-03-11 16:20:00            │ 2011-03-11 22:03:00                                                                                   ║
║                    │ 和歌山             │ 2011-03-11 17:20:00            │ 2011-03-11 22:36:00                                                                                   ║
║                    │ 御坊市祓井戸       │ 2011-03-11 16:30:00            │ 2011-03-11 22:01:00                                                                                   ║
║                    │ 白浜町堅田         │ 2011-03-11 16:20:00            │ 2011-03-11 21:57:00                                                                                   ║
║ 徳島県             │ 小松島             │ 2011-03-11 17:10:00            │ 2011-03-11 22:19:00                                                                                   ║
║                    │ 徳島由岐           │ 2011-03-11 16:40:00            │ 2011-03-11 21:58:00                                                                                   ║
║ 高知県             │ 室戸市室戸岬       │ 2011-03-11 16:30:00            │ 2011-03-11 22:05:00                                                                                   ║
║                    │ 高知               │ 2011-03-11 17:00:00            │ 2011-03-11 22:09:00                                                                                   ║
║                    │ 土佐清水           │ 2011-03-11 16:50:00            │ 2011-03-11 22:11:00                                                                                   ║
║                    │ 須崎港             │ 2011-03-11 16:50:00            │ 2011-03-11 22:07:00                                                                                   ║
║ 宮崎県             │ 日向市細島         │ 2011-03-11 17:10:00            │ 2011-03-11 22:19:00                                                                                   ║
║                    │ 日南市油津         │ 2011-03-11 17:00:00            │ 2011-03-11 22:16:00                                                                                   ║
║                    │ 宮崎港             │ 2011-03-11 17:10:00            │ 2011-03-11 22:19:00                                                                                   ║
║ 種子島・屋久島地方 │ 種子島西之表       │ 2011-03-11 17:30:00            │ 2011-03-11 22:52:00                                                                                   ║
║                    │ 種子島熊野         │ 2011-03-11 17:10:00            │ 2011-03-11 22:22:00                                                                                   ║
║ 奄美諸島・トカラ…  │ 中之島             │ 2011-03-11 17:10:00            │ 2011-03-11 22:59:00                                                                                   ║
║                    │ 奄美市小湊         │ 2011-03-11 17:20:00            │ 2011-03-11 22:43:00                                                                                   ║
║                    │ 奄美市名瀬         │ 2011-03-11 17:30:00            │ 2011-03-11 23:01:00                                                                                   ║
╠ サマリ ══════════════════════════════════════════════════════════════════════════════════════════════════════════════════════════════════════════════════════════════════════════╣
║ 大津波警報 3 区 ・ 津波警報 5 区 ・ 津波注意報 15 区 ・ 津波予報 20 区                                                                                                           ║
╠══════════════════════════════════════════════════════════════════════════════════════════════════════════════════════════════════════════════════════════════════════════════════╣
║ 津波と満潮が重なると、津波はより高くなりますので一層厳重な警戒が必要です。                                                                                                       ║
╠══════════════════════════════════════════════════════════════════════════════════════════════════════════════════════════════════════════════════════════════════════════════════╣
║ VTSE51  2011-03-11 14:50:00  気象庁                                                                                                                                              ║
╚══════════════════════════════════════════════════════════════════════════════════════════════════════════════════════════════════════════════════════════════════════════════════╝
"
`;

exports[`NO_COLOR golden snapshot (chalk.level=0) > 38-39_03_01_210805_VTSE41.xml @ standard=140 1`] = `
"
┌──────────────────────────────────────────────────────────────────────────────────────────────────────────────────────────────────────────┐
│ 津波警報・注意報・予報  取消  [取消]                                                                                                     │
├──────────────────────────────────────────────────────────────────────────────────────────────────────────────────────────────────────────┤
│ 津波注意報を取り消します。                                                                                                               │
├──────────────────────────────────────────────────────────────────────────────────────────────────────────────────────────────────────────┤
│ VTSE41  2021-08-05 12:56:00  気象庁                                                                                                      │
└──────────────────────────────────────────────────────────────────────────────────────────────────────────────────────────────────────────┘
"
`;

exports[`NO_COLOR golden snapshot (chalk.level=0) > 38-39_03_01_210805_VTSE41.xml @ ultra-narrow=60 1`] = `
"
┌──────────────────────────────────────────────────────────┐
│ 津波警報・注意報・予報  取消  [取消]                     │
├──────────────────────────────────────────────────────────┤
│ 津波注意報を取り消します。                               │
├──────────────────────────────────────────────────────────┤
│ VTSE41  2021-08-05 12:56:00  気象庁                      │
└──────────────────────────────────────────────────────────┘
"
`;

exports[`NO_COLOR golden snapshot (chalk.level=0) > 38-39_03_01_210805_VTSE41.xml @ wide=180 1`] = `
"
┌──────────────────────────────────────────────────────────────────────────────────────────────────────────────────────────────────────────────────────────────────────────────────┐
│ 津波警報・注意報・予報  取消  [取消]                                                                                                                                             │
├──────────────────────────────────────────────────────────────────────────────────────────────────────────────────────────────────────────────────────────────────────────────────┤
│ 津波注意報を取り消します。                                                                                                                                                       │
├──────────────────────────────────────────────────────────────────────────────────────────────────────────────────────────────────────────────────────────────────────────────────┤
│ VTSE41  2021-08-05 12:56:00  気象庁                                                                                                                                              │
└──────────────────────────────────────────────────────────────────────────────────────────────────────────────────────────────────────────────────────────────────────────────────┘
"
`;

exports[`NO_COLOR golden snapshot (chalk.level=0) > 61_11_01_250206_VTSE52.xml @ standard=140 1`] = `
"

 沖合の津波情報

┌──────────────────────────────────────────────────────────────────────────────────────────────────────────────────────────────────────────┐
│ 沖合の津波情報  発表  [情報]                                                                                                             │
├──────────────────────────────────────────────────────────────────────────────────────────────────────────────────────────────────────────┤
│ 震源地: 三陸沖                                                                                                                           │
│ 発生: 2011-03-11 14:46:00                                                                                                                │
│ 位置: N38.0 E142.9                                                                                                                       │
├ 沖合観測 ────────────────────────────────────────────────────────────────────────────────────────────────────────────────────────────────┤
│ 観測点               │ センサー           │ 初動             │ 最大波高                 │ 到達時刻                                       │
│ 岩手釜石沖           │ ＧＰＳ波浪計       │ 引き             │ 観測中                   │ 2011-03-11 14:50:00                            │
│ 岩手宮古沖           │ ＧＰＳ波浪計       │ 引き             │ 観測中                   │ 2011-03-11 14:50:00                            │
│ 岩手沖９０ｋｍＡ     │ 水圧計             │ 押し             │ 観測中                   │ 2011-03-11 14:48:00                            │
├ 沿岸推定 ────────────────────────────────────────────────────────────────────────────────────────────────────────────────────────────────┤
│ 地域名               │ 波高             │ 到達予想                                                                                       │
│ 岩手県               │ 巨大             │ 2011-03-11 14:55:00                                                                            │
├──────────────────────────────────────────────────────────────────────────────────────────────────────────────────────────────────────────┤
│ 沖合での観測値であり、沿岸では津波はさらに高くなります。                                                                                 │
├──────────────────────────────────────────────────────────────────────────────────────────────────────────────────────────────────────────┤
│ VTSE52  2011-03-11 14:50:00  気象庁                                                                                                      │
└──────────────────────────────────────────────────────────────────────────────────────────────────────────────────────────────────────────┘
"
`;

exports[`NO_COLOR golden snapshot (chalk.level=0) > 61_11_01_250206_VTSE52.xml @ ultra-narrow=60 1`] = `
"

 沖合の津波情報

┌──────────────────────────────────────────────────────────┐
│ 沖合の津波情報  発表  [情報]                             │
├──────────────────────────────────────────────────────────┤
│ 震源地: 三陸沖                                           │
│ 発生: 2011-03-11 14:46:00                                │
│ 位置: N38.0 E142.9                                       │
├ 沖合観測 ────────────────────────────────────────────────┤
│ 観測点               │ 最大波高                          │
│ 岩手釜石沖           │ 観測中                            │
│ 岩手宮古沖           │ 観測中                            │
│ 岩手沖９０ｋｍＡ     │ 観測中                            │
├ 沿岸推定 ────────────────────────────────────────────────┤
│ 地域名               │ 波高                              │
│ 岩手県               │ 巨大                              │
├ [詳細] ──────────────────────────────────────────────────┤
│ 【沖合観測】岩手釜石沖                                   │
│     センサー: ＧＰＳ波浪計                               │
│     初動: 引き                                           │
│     到達時刻: 2011-03-11 14:50:00                        │
│ 【沖合観測】岩手宮古沖                                   │
│     センサー: ＧＰＳ波浪計                               │
│     初動: 引き                                           │
│     到達時刻: 2011-03-11 14:50:00                        │
│ 【沖合観測】岩手沖９０ｋｍＡ                             │
│     センサー: 水圧計                                     │
│     初動: 押し                                           │
│     到達時刻: 2011-03-11 14:48:00                        │
│ 【沿岸推定】岩手県                                       │
│     到達予想: 2011-03-11 14:55:00                        │
├──────────────────────────────────────────────────────────┤
│ 沖合での観測値であり、沿岸では津波はさらに高くなります。 │
├──────────────────────────────────────────────────────────┤
│ VTSE52  2011-03-11 14:50:00  気象庁                      │
└──────────────────────────────────────────────────────────┘
"
`;

exports[`NO_COLOR golden snapshot (chalk.level=0) > 61_11_01_250206_VTSE52.xml @ wide=180 1`] = `
"

 沖合の津波情報

┌──────────────────────────────────────────────────────────────────────────────────────────────────────────────────────────────────────────────────────────────────────────────────┐
│ 沖合の津波情報  発表  [情報]                                                                                                                                                     │
├──────────────────────────────────────────────────────────────────────────────────────────────────────────────────────────────────────────────────────────────────────────────────┤
│ 震源地: 三陸沖                                                                                                                                                                   │
│ 発生: 2011-03-11 14:46:00                                                                                                                                                        │
│ 位置: N38.0 E142.9                                                                                                                                                               │
├ 沖合観測 ────────────────────────────────────────────────────────────────────────────────────────────────────────────────────────────────────────────────────────────────────────┤
│ 観測点               │ センサー           │ 初動             │ 最大波高                 │ 到達時刻                                                                               │
│ 岩手釜石沖           │ ＧＰＳ波浪計       │ 引き             │ 観測中                   │ 2011-03-11 14:50:00                                                                    │
│ 岩手宮古沖           │ ＧＰＳ波浪計       │ 引き             │ 観測中                   │ 2011-03-11 14:50:00                                                                    │
│ 岩手沖９０ｋｍＡ     │ 水圧計             │ 押し             │ 観測中                   │ 2011-03-11 14:48:00                                                                    │
├ 沿岸推定 ────────────────────────────────────────────────────────────────────────────────────────────────────────────────────────────────────────────────────────────────────────┤
│ 地域名               │ 波高             │ 到達予想                                                                                                                               │
│ 岩手県               │ 巨大             │ 2011-03-11 14:55:00                                                                                                                    │
├──────────────────────────────────────────────────────────────────────────────────────────────────────────────────────────────────────────────────────────────────────────────────┤
│ 沖合での観測値であり、沿岸では津波はさらに高くなります。                                                                                                                         │
├──────────────────────────────────────────────────────────────────────────────────────────────────────────────────────────────────────────────────────────────────────────────────┤
│ VTSE52  2011-03-11 14:50:00  気象庁                                                                                                                                              │
└──────────────────────────────────────────────────────────────────────────────────────────────────────────────────────────────────────────────────────────────────────────────────┘
"
`;
