// Vitest Snapshot v1, https://vitest.dev/guide/snapshot.html

exports[`displayTyphoonAnalysisInfo > 2020形式: 実況ブロック+5日予報テーブル (NO_COLOR snapshot) 1`] = `
"undefined
┌──────────────────────────────────────────────────────────┐
│ 台風解析・予報情報  発表  [情報]  台風発生予想           │
├──────────────────────────────────────────────────────────┤
│   ▸ 実況 (09-28 15:00)                                   │
│     熱帯低気圧(TD)   マリアナ諸島                        │
│     中心気圧 1002 hPa   移動 西 20km/h                   │
│     最大風速 15 m/s (瞬間 23 m/s)                        │
│     強風域 なし / 暴風域 なし                            │
├──────────────────────────────────────────────────────────┤
│   ▸ ５日予報                                             │
│       時刻: +１２h                                       │
│       階級: 台風                                         │
│       中心位置: 沖ノ鳥島近海                             │
│       気圧:  998                                         │
│       最大風速: 18(25)                                   │
│       予報円: 110km                                      │
│                                                          │
│       時刻: +２４h                                       │
│       階級: 台風                                         │
│       中心位置: 沖ノ鳥島近海                             │
│       気圧:  998                                         │
│       最大風速: 18(25)                                   │
│       予報円: 150km                                      │
│                                                          │
│       時刻: +４８h                                       │
│       階級: 台風                                         │
│       中心位置: 沖ノ鳥島近海                             │
│       気圧:  996                                         │
│       最大風速: 20(30)                                   │
│       予報円: 220km                                      │
│                                                          │
│       時刻: +７２h                                       │
│       階級: 台風                                         │
│       中心位置: 南大東島近海                             │
│       気圧:  999                                         │
│       最大風速: 20(30)                                   │
│       予報円: 390km                                      │
│                                                          │
│       時刻: +９６h                                       │
│       階級: 台風                                         │
│       中心位置: 九州の南                                 │
│       気圧:  999                                         │
│       最大風速: 20(30)                                   │
│       予報円: 500km                                      │
│                                                          │
│       時刻: +１２０h                                     │
│       階級: 熱帯低気圧                                   │
│       中心位置: 九州の西                                 │
│       気圧: 1004                                         │
│       最大風速:   0(0)                                   │
│       予報円: 750km                                      │
│                                                          │
├──────────────────────────────────────────────────────────┤
│ VPTW60  2020-09-28 15:50:00  気象庁予報部                │
└──────────────────────────────────────────────────────────┘
undefined"
`;
