// Vitest Snapshot v1, https://vitest.dev/guide/snapshot.html

exports[`NO_COLOR golden snapshot (chalk.level=0) > VFVO50-Lv3-alert @ standard=140 1`] = `
"
╔══════════════════════════════════════════════════════════════════════════════════════════════════════════════════════════════════════════╗
║  噴火警報（火口周辺）  [警告]                                                                                                            ║
║  浅間山                                                                                                                                  ║
╠══════════════════════════════════════════════════════════════════════════════════════════════════════════════════════════════════════════╣
║  ＜浅間山に火口周辺警報（噴火警戒レベル３、入山規制）を発表＞                                                                            ║
║  　山頂火口から概ね４ｋｍの範囲で大きな噴石や火砕流に警戒してください 。                                                                 ║
║  ＜噴火警戒レベルを１（活火山であることに留意）から３（入山規制）に引上げ＞                                                              ║
╟──────────────────────────────────────────────────────────────────────────────────────────────────────────────────────────────────────────╢
║  Lv1 → Lv3 レベル３（入山規制）  (引上げ)                                                                                                ║
║  対象: 群馬県嬬恋村, 長野県小諸市, 長野県軽井沢町, 長野県御代田町                                                                        ║
╟──────────────────────────────────────────────────────────────────────────────────────────────────────────────────────────────────────────╢
║  浅間山では、２２日の夜間に山頂で明瞭な火映が観測されました。また、２２日に入り火山性地震がやや多い状態で経過しています。                ║
║  　これらのことから、今後、居住地域近くまで影響を及ぼす噴火が発生する可能性があると予想されます。                                        ║
╠══════════════════════════════════════════════════════════════════════════════════════════════════════════════════════════════════════════╣
║ VFVO50  2020-05-22 13:03:00  気象庁                                                                                                      ║
╚══════════════════════════════════════════════════════════════════════════════════════════════════════════════════════════════════════════╝
"
`;

exports[`NO_COLOR golden snapshot (chalk.level=0) > VFVO50-Lv3-alert @ ultra-narrow=60 1`] = `
"
╔══════════════════════════════════════════════════════════╗
║  噴火警報（火口周辺）  [警告]                            ║
║  浅間山                                                  ║
╠══════════════════════════════════════════════════════════╣
║  ＜浅間山に火口周辺警報（噴火警戒レベル３、              ║
║  入山規制）を発表＞                                      ║
║  　山頂火口から概ね４ｋｍの範囲で大きな噴石や火砕流に警  ║
║  戒してください 。                                       ║
║  ＜噴火警戒レベルを１（活火山であることに留意）から３    ║
║  （入山規制）に引上げ＞                                  ║
╟──────────────────────────────────────────────────────────╢
║  Lv1 → Lv3 レベル３（入山規制）  (引上げ)                ║
║  対象: 群馬県嬬恋村, 長野県小諸市, 長野県軽井沢町,       ║
║        長野県御代田町                                    ║
╟──────────────────────────────────────────────────────────╢
║  浅間山では、２２日の夜間に山頂で明瞭な火映が観測されま  ║
║ した。また、２２日に入り火山性地震がやや多い状態で経過し ║
║ ています。                                               ║
║  　これらのことから、今後、居住地域近くまで影響を及ぼす  ║
║ 噴火が発生する可能性があると予想されます。               ║
╠══════════════════════════════════════════════════════════╣
║ VFVO50  2020-05-22 13:03:00  気象庁                      ║
╚══════════════════════════════════════════════════════════╝
"
`;

exports[`NO_COLOR golden snapshot (chalk.level=0) > VFVO50-Lv3-alert @ wide=180 1`] = `
"
╔══════════════════════════════════════════════════════════════════════════════════════════════════════════════════════════════════════════════════════════════════════════════════╗
║  噴火警報（火口周辺）  [警告]                                                                                                                                                    ║
║  浅間山                                                                                                                                                                          ║
╠══════════════════════════════════════════════════════════════════════════════════════════════════════════════════════════════════════════════════════════════════════════════════╣
║  ＜浅間山に火口周辺警報（噴火警戒レベル３、入山規制）を発表＞                                                                                                                    ║
║  　山頂火口から概ね４ｋｍの範囲で大きな噴石や火砕流に警戒してください 。                                                                                                         ║
║  ＜噴火警戒レベルを１（活火山であることに留意）から３（入山規制）に引上げ＞                                                                                                      ║
╟──────────────────────────────────────────────────────────────────────────────────────────────────────────────────────────────────────────────────────────────────────────────────╢
║  Lv1 → Lv3 レベル３（入山規制）  (引上げ)                                                                                                                                        ║
║  対象: 群馬県嬬恋村, 長野県小諸市, 長野県軽井沢町, 長野県御代田町                                                                                                                ║
╟──────────────────────────────────────────────────────────────────────────────────────────────────────────────────────────────────────────────────────────────────────────────────╢
║  浅間山では、２２日の夜間に山頂で明瞭な火映が観測されました。また、２２日に入り火山性地震がやや多い状態で経過しています。                                                        ║
║  　これらのことから、今後、居住地域近くまで影響を及ぼす噴火が発生する可能性があると予想されます。                                                                                ║
╠══════════════════════════════════════════════════════════════════════════════════════════════════════════════════════════════════════════════════════════════════════════════════╣
║ VFVO50  2020-05-22 13:03:00  気象庁                                                                                                                                              ║
╚══════════════════════════════════════════════════════════════════════════════════════════════════════════════════════════════════════════════════════════════════════════════════╝
"
`;

exports[`NO_COLOR golden snapshot (chalk.level=0) > VFVO52-eruption @ standard=140 1`] = `
"
┌──────────────────────────────────────────────────────────────────────────────────────────────────────────────────────────────────────────┐
│  噴火に関する火山観測報  [情報]                                                                                                          │
│  浅間山                                                                                                                                  │
├──────────────────────────────────────────────────────────────────────────────────────────────────────────────────────────────────────────┤
│  火山：浅間山                                                                                                                            │
│  日時：2020年05月22日14時45分（220545UTC）                                                                                               │
│  現象：噴火                                                                                                                              │
├──────────────────────────────────────────────────────────────────────────────────────────────────────────────────────────────────────────┤
│  噴火                                                                                                                                    │
│  噴煙: 高度不明                                                                                                                          │
├──────────────────────────────────────────────────────────────────────────────────────────────────────────────────────────────────────────┤
│ VFVO52  2020-05-22 14:49:00  気象庁                                                                                                      │
└──────────────────────────────────────────────────────────────────────────────────────────────────────────────────────────────────────────┘
"
`;

exports[`NO_COLOR golden snapshot (chalk.level=0) > VFVO52-eruption @ ultra-narrow=60 1`] = `
"
┌──────────────────────────────────────────────────────────┐
│  噴火に関する火山観測報  [情報]                          │
│  浅間山                                                  │
├──────────────────────────────────────────────────────────┤
│  火山：浅間山                                            │
│  日時：2020年05月22日14時45分（220545UTC）               │
│  現象：噴火                                              │
├──────────────────────────────────────────────────────────┤
│  噴火                                                    │
│  噴煙: 高度不明                                          │
├──────────────────────────────────────────────────────────┤
│ VFVO52  2020-05-22 14:49:00  気象庁                      │
└──────────────────────────────────────────────────────────┘
"
`;

exports[`NO_COLOR golden snapshot (chalk.level=0) > VFVO52-eruption @ wide=180 1`] = `
"
┌──────────────────────────────────────────────────────────────────────────────────────────────────────────────────────────────────────────────────────────────────────────────────┐
│  噴火に関する火山観測報  [情報]                                                                                                                                                  │
│  浅間山                                                                                                                                                                          │
├──────────────────────────────────────────────────────────────────────────────────────────────────────────────────────────────────────────────────────────────────────────────────┤
│  火山：浅間山                                                                                                                                                                    │
│  日時：2020年05月22日14時45分（220545UTC）                                                                                                                                       │
│  現象：噴火                                                                                                                                                                      │
├──────────────────────────────────────────────────────────────────────────────────────────────────────────────────────────────────────────────────────────────────────────────────┤
│  噴火                                                                                                                                                                            │
│  噴煙: 高度不明                                                                                                                                                                  │
├──────────────────────────────────────────────────────────────────────────────────────────────────────────────────────────────────────────────────────────────────────────────────┤
│ VFVO52  2020-05-22 14:49:00  気象庁                                                                                                                                              │
└──────────────────────────────────────────────────────────────────────────────────────────────────────────────────────────────────────────────────────────────────────────────────┘
"
`;

exports[`NO_COLOR golden snapshot (chalk.level=0) > VFVO53-ashfall-regular @ standard=140 1`] = `
"
┌──────────────────────────────────────────────────────────────────────────────────────────────────────────────────────────────────────────┐
│  降灰予報（定時）  [通知]                                                                                                                │
│  桜島                                                                                                                                    │
├──────────────────────────────────────────────────────────────────────────────────────────────────────────────────────────────────────────┤
│  現在、桜島は噴火警戒レベル３（入山規制）です。桜島で噴火が発生した場合には、１７日２１時から２４時までは火口から北東方向に降灰が予想さ  │
│  れます。                                                                                                                                │
├──────────────────────────────────────────────────────────────────────────────────────────────────────────────────────────────────────────┤
│  小さな噴石の落下  降灰  28地域                                                                                                          │
├──────────────────────────────────────────────────────────────────────────────────────────────────────────────────────────────────────────┤
│  １７日１５時から１８日９時までに噴火が発生した場合には、以下の方向・距離に降灰及び小さな噴石の落下が予想されます。                      │
│                                                                                                                                          │
│  　時刻　　　　　　　　　　　　火口からの方向　　　　　降灰の距離　小さな噴石の距離                                                      │
│  　１７日１５時から１８時まで　東（鹿屋市輝北方向）　　１００ｋｍ　５ｋｍ                                                                │
│  　１７日１８時から２１時まで　東（鹿屋市輝北方向）　　８０ｋｍ　　４ｋｍ                                                                │
│  　１７日２１時から２４時まで　北東（霧島市福山方向）　９０ｋｍ　　４ｋｍ                                                                │
│  　１８日００時から０３時まで　北東（霧島市福山方向）　９０ｋｍ　　４ｋｍ                                                                │
│  　１８日０３時から０６時まで　北東（霧島市福山方向）　１１０ｋｍ　６ｋｍ                                                                │
│  　１８日０６時から０９時まで　北東（霧島市福山方向）　１２０ｋｍ　６ｋｍ                                                                │
│                                                                                                                                          │
│  (以下省略、全15行)                                                                                                                      │
├ 降灰予報 05-17 15:00〜18:00 ─────────────────────────────────────────────────────────────────────────────────────────────────────────────┤
│ 小さな噴石の落下 │ 鹿児島県鹿児島市, 鹿児島県垂水市                                                                                      │
│ 降灰             │ 宮崎県都城市, 宮崎県日南市, 宮崎県串間市, 鹿児島県鹿児島市, 鹿児島県鹿屋市, 鹿児島県垂水市,                           │
│                  │ 鹿児島県曽於市, 鹿児島県霧島市, 鹿児島県志布志市, 鹿児島県大崎町                                                      │
├ 05-17 18:00〜21:00 ──────────────────────────────────────────────────────────────────────────────────────────────────────────────────────┤
│ 小さな噴石の落下 │ 鹿児島県鹿児島市, 鹿児島県垂水市                                                                                      │
│ 降灰             │ 宮崎県宮崎市, 宮崎県都城市, 宮崎県日南市, 宮崎県串間市, 宮崎県三股町, 鹿児島県鹿児島市,                               │
│                  │ 鹿児島県鹿屋市, 鹿児島県垂水市, 鹿児島県曽於市, 鹿児島県霧島市, 鹿児島県志布志市, 鹿児島県大崎町,                     │
│                  │ 鹿児島県東串良町, 鹿児島県錦江町, 鹿児島県肝付町                                                                      │
├ 05-17 21:00〜05-18 00:00 ────────────────────────────────────────────────────────────────────────────────────────────────────────────────┤
│ 小さな噴石の落下 │ 鹿児島県鹿児島市                                                                                                      │
│ 降灰             │ 宮崎県宮崎市, 宮崎県都城市, 宮崎県日南市, 宮崎県三股町, 鹿児島県鹿児島市, 鹿児島県鹿屋市,                             │
│                  │ 鹿児島県垂水市, 鹿児島県曽於市, 鹿児島県霧島市, 鹿児島県志布志市, 鹿児島県大崎町, 鹿児島県東串良町,                   │
│                  │ 鹿児島県肝付町                                                                                                        │
│ ほか 3 時間帯（最大: 小さな噴石の落下）                                                                                                  │
├ サマリ ──────────────────────────────────────────────────────────────────────────────────────────────────────────────────────────────────┤
│  最大 小さな噴石の落下 ・ 28 地域 ・ 6 時間帯                                                                                            │
├──────────────────────────────────────────────────────────────────────────────────────────────────────────────────────────────────────────┤
│ VFVO53  2021-05-17 14:00:00  気象庁                                                                                                      │
└──────────────────────────────────────────────────────────────────────────────────────────────────────────────────────────────────────────┘
"
`;

exports[`NO_COLOR golden snapshot (chalk.level=0) > VFVO53-ashfall-regular @ ultra-narrow=60 1`] = `
"
┌──────────────────────────────────────────────────────────┐
│  降灰予報（定時）  [通知]                                │
│  桜島                                                    │
├──────────────────────────────────────────────────────────┤
│  現在、桜島は噴火警戒レベル３（入山規制）です。          │
│  桜島で噴火が発生した場合には、１７日２１時から２４時ま  │
│  では火口から北東方向に降灰が予想されます。              │
├──────────────────────────────────────────────────────────┤
│  小さな噴石の落下  降灰  28地域                          │
├──────────────────────────────────────────────────────────┤
│  １７日１５時から１８日９時までに噴火が発生した場合に    │
│ は、以下の方向・距離に降灰及び小さな噴石の落下が予想され │
│ ます。                                                   │
│                                                          │
│  　時刻　　　　　　　　　　　　火口からの方向　　　　　  │
│ 降灰の距離　小さな噴石の距離                             │
│  　１７日１５時から１８時まで　東（鹿屋市輝北方向）　　  │
│ １００ｋｍ　５ｋｍ                                       │
│  　１７日１８時から２１時まで　東（鹿屋市輝北方向）　　  │
│ ８０ｋｍ　　４ｋｍ                                       │
│  (以下省略、全28行)                                      │
├ 降灰予報 05-17 15:00〜18:00 ─────────────────────────────┤
│ 小さな噴石の落下 │ 鹿児島県鹿児島市, 鹿児島県垂水市      │
│ 降灰             │ 宮崎県都城市, 宮崎県日南市,           │
│                  │ 宮崎県串間市, 鹿児島県鹿児島市,       │
│                  │ 鹿児島県鹿屋市, 鹿児島県垂水市,       │
│                  │ 鹿児島県曽於市, 鹿児島県霧島市,       │
│                  │ 鹿児島県志布志市, 鹿児島県大崎町      │
├ 05-17 18:00〜21:00 ──────────────────────────────────────┤
│ 小さな噴石の落下 │ 鹿児島県鹿児島市, 鹿児島県垂水市      │
│ 降灰             │ 宮崎県宮崎市, 宮崎県都城市,           │
│                  │ 宮崎県日南市, 宮崎県串間市,           │
│                  │ 宮崎県三股町, 鹿児島県鹿児島市,       │
│                  │ 鹿児島県鹿屋市, 鹿児島県垂水市,       │
│                  │ 鹿児島県曽於市, 鹿児島県霧島市,       │
│                  │ 鹿児島県志布志市, 鹿児島県大崎町,     │
│                  │ 鹿児島県東串良町, 鹿児島県錦江町,     │
│                  │ 鹿児島県肝付町                        │
├ 05-17 21:00〜05-18 00:00 ────────────────────────────────┤
│ 小さな噴石の落下 │ 鹿児島県鹿児島市                      │
│ 降灰             │ 宮崎県宮崎市, 宮崎県都城市,           │
│                  │ 宮崎県日南市, 宮崎県三股町,           │
│                  │ 鹿児島県鹿児島市, 鹿児島県鹿屋市,     │
│                  │ 鹿児島県垂水市, 鹿児島県曽於市,       │
│                  │ 鹿児島県霧島市, 鹿児島県志布志市,     │
│                  │ 鹿児島県大崎町, 鹿児島県東串良町,     │
│                  │ 鹿児島県肝付町                        │
│ ほか 3 時間帯（最大: 小さな噴石の落下）                  │
├ サマリ ──────────────────────────────────────────────────┤
│  最大 小さな噴石の落下 ・ 28 地域 ・ 6 時間帯            │
├──────────────────────────────────────────────────────────┤
│ VFVO53  2021-05-17 14:00:00  気象庁                      │
└──────────────────────────────────────────────────────────┘
"
`;

exports[`NO_COLOR golden snapshot (chalk.level=0) > VFVO53-ashfall-regular @ wide=180 1`] = `
"
┌──────────────────────────────────────────────────────────────────────────────────────────────────────────────────────────────────────────────────────────────────────────────────┐
│  降灰予報（定時）  [通知]                                                                                                                                                        │
│  桜島                                                                                                                                                                            │
├──────────────────────────────────────────────────────────────────────────────────────────────────────────────────────────────────────────────────────────────────────────────────┤
│  現在、桜島は噴火警戒レベル３（入山規制）です。桜島で噴火が発生した場合には、１７日２１時から２４時までは火口から北東方向に降灰が予想されます。                                  │
├──────────────────────────────────────────────────────────────────────────────────────────────────────────────────────────────────────────────────────────────────────────────────┤
│  小さな噴石の落下  降灰  28地域                                                                                                                                                  │
├──────────────────────────────────────────────────────────────────────────────────────────────────────────────────────────────────────────────────────────────────────────────────┤
│  １７日１５時から１８日９時までに噴火が発生した場合には、以下の方向・距離に降灰及び小さな噴石の落下が予想されます。                                                              │
│                                                                                                                                                                                  │
│  　時刻　　　　　　　　　　　　火口からの方向　　　　　降灰の距離　小さな噴石の距離                                                                                              │
│  　１７日１５時から１８時まで　東（鹿屋市輝北方向）　　１００ｋｍ　５ｋｍ                                                                                                        │
│  　１７日１８時から２１時まで　東（鹿屋市輝北方向）　　８０ｋｍ　　４ｋｍ                                                                                                        │
│  　１７日２１時から２４時まで　北東（霧島市福山方向）　９０ｋｍ　　４ｋｍ                                                                                                        │
│  　１８日００時から０３時まで　北東（霧島市福山方向）　９０ｋｍ　　４ｋｍ                                                                                                        │
│  　１８日０３時から０６時まで　北東（霧島市福山方向）　１１０ｋｍ　６ｋｍ                                                                                                        │
│  　１８日０６時から０９時まで　北東（霧島市福山方向）　１２０ｋｍ　６ｋｍ                                                                                                        │
│                                                                                                                                                                                  │
│  (以下省略、全15行)                                                                                                                                                              │
├ 降灰予報 05-17 15:00〜18:00 ─────────────────────────────────────────────────────────────────────────────────────────────────────────────────────────────────────────────────────┤
│ 小さな噴石の落下 │ 鹿児島県鹿児島市, 鹿児島県垂水市                                                                                                                              │
│ 降灰             │ 宮崎県都城市, 宮崎県日南市, 宮崎県串間市, 鹿児島県鹿児島市, 鹿児島県鹿屋市, 鹿児島県垂水市, 鹿児島県曽於市, 鹿児島県霧島市, 鹿児島県志布志市, 鹿児島県大崎町  │
├ 05-17 18:00〜21:00 ──────────────────────────────────────────────────────────────────────────────────────────────────────────────────────────────────────────────────────────────┤
│ 小さな噴石の落下 │ 鹿児島県鹿児島市, 鹿児島県垂水市                                                                                                                              │
│ 降灰             │ 宮崎県宮崎市, 宮崎県都城市, 宮崎県日南市, 宮崎県串間市, 宮崎県三股町, 鹿児島県鹿児島市, 鹿児島県鹿屋市, 鹿児島県垂水市, 鹿児島県曽於市, 鹿児島県霧島市,       │
│                  │ 鹿児島県志布志市, 鹿児島県大崎町, 鹿児島県東串良町, 鹿児島県錦江町, 鹿児島県肝付町                                                                            │
├ 05-17 21:00〜05-18 00:00 ────────────────────────────────────────────────────────────────────────────────────────────────────────────────────────────────────────────────────────┤
│ 小さな噴石の落下 │ 鹿児島県鹿児島市                                                                                                                                              │
│ 降灰             │ 宮崎県宮崎市, 宮崎県都城市, 宮崎県日南市, 宮崎県三股町, 鹿児島県鹿児島市, 鹿児島県鹿屋市, 鹿児島県垂水市, 鹿児島県曽於市, 鹿児島県霧島市, 鹿児島県志布志市,   │
│                  │ 鹿児島県大崎町, 鹿児島県東串良町, 鹿児島県肝付町                                                                                                              │
│ ほか 3 時間帯（最大: 小さな噴石の落下）                                                                                                                                          │
├ サマリ ──────────────────────────────────────────────────────────────────────────────────────────────────────────────────────────────────────────────────────────────────────────┤
│  最大 小さな噴石の落下 ・ 28 地域 ・ 6 時間帯                                                                                                                                    │
├──────────────────────────────────────────────────────────────────────────────────────────────────────────────────────────────────────────────────────────────────────────────────┤
│ VFVO53  2021-05-17 14:00:00  気象庁                                                                                                                                              │
└──────────────────────────────────────────────────────────────────────────────────────────────────────────────────────────────────────────────────────────────────────────────────┘
"
`;

exports[`NO_COLOR golden snapshot (chalk.level=0) > VFVO53-batch-synthetic @ standard=140 1`] = `
"
┌──────────────────────────────────────────────────────────────────────────────────────────────────────────────────────────────────────────┐
│  降灰予報（定時） 2火山  [通知]                                                                                                          │
├──────────────────────────────────────────────────────────────────────────────────────────────────────────────────────────────────────────┤
│  2火山  注目2  計28地域                                                                                                                  │
├──────────────────────────────────────────────────────────────────────────────────────────────────────────────────────────────────────────┤
│ 火山                     │ 最大降灰         │ 注目地域                                                                                   │
│ 桜島                     │ 小さな噴石の落下 │ 鹿児島県鹿児島市, 鹿児島県垂水市                                                           │
│ 合成山                   │ 多量             │ 宮崎県都城市, 宮崎県日南市, 宮崎県串間市                                                   │
├ [詳細] ──────────────────────────────────────────────────────────────────────────────────────────────────────────────────────────────────┤
│ 桜島                                                                                                                                     │
│     時間帯数: 6 時間帯                                                                                                                   │
│ 合成山                                                                                                                                   │
│     時間帯数: 6 時間帯                                                                                                                   │
├ サマリ ──────────────────────────────────────────────────────────────────────────────────────────────────────────────────────────────────┤
│  注目 2 火山 ・ 全 2 火山                                                                                                                │
├──────────────────────────────────────────────────────────────────────────────────────────────────────────────────────────────────────────┤
│ VFVO53  2021-05-17 14:00:00  気象庁                                                                                                      │
└──────────────────────────────────────────────────────────────────────────────────────────────────────────────────────────────────────────┘
"
`;

exports[`NO_COLOR golden snapshot (chalk.level=0) > VFVO53-batch-synthetic @ ultra-narrow=60 1`] = `
"
┌──────────────────────────────────────────────────────────┐
│  降灰予報（定時） 2火山  [通知]                          │
├──────────────────────────────────────────────────────────┤
│  2火山  注目2  計28地域                                  │
├──────────────────────────────────────────────────────────┤
│ 火山                     │ 最大降灰                      │
│ 桜島                     │ 小さな噴石の落下              │
│ 合成山                   │ 多量                          │
├ [詳細] ──────────────────────────────────────────────────┤
│ 桜島                                                     │
│     注目地域: 鹿児島県鹿児島市, 鹿児島県垂水市           │
│     時間帯数: 6 時間帯                                   │
│ 合成山                                                   │
│     注目地域: 宮崎県都城市, 宮崎県日南市, 宮崎県串間市   │
│     時間帯数: 6 時間帯                                   │
├ サマリ ──────────────────────────────────────────────────┤
│  注目 2 火山 ・ 全 2 火山                                │
├──────────────────────────────────────────────────────────┤
│ VFVO53  2021-05-17 14:00:00  気象庁                      │
└──────────────────────────────────────────────────────────┘
"
`;

exports[`NO_COLOR golden snapshot (chalk.level=0) > VFVO53-batch-synthetic @ wide=180 1`] = `
"
┌──────────────────────────────────────────────────────────────────────────────────────────────────────────────────────────────────────────────────────────────────────────────────┐
│  降灰予報（定時） 2火山  [通知]                                                                                                                                                  │
├──────────────────────────────────────────────────────────────────────────────────────────────────────────────────────────────────────────────────────────────────────────────────┤
│  2火山  注目2  計28地域                                                                                                                                                          │
├──────────────────────────────────────────────────────────────────────────────────────────────────────────────────────────────────────────────────────────────────────────────────┤
│ 火山                     │ 最大降灰         │ 注目地域                                                                         │ 時間帯数                                        │
│ 桜島                     │ 小さな噴石の落下 │ 鹿児島県鹿児島市, 鹿児島県垂水市                                                 │ 6                                               │
│ 合成山                   │ 多量             │ 宮崎県都城市, 宮崎県日南市, 宮崎県串間市                                         │ 6                                               │
├ サマリ ──────────────────────────────────────────────────────────────────────────────────────────────────────────────────────────────────────────────────────────────────────────┤
│  注目 2 火山 ・ 全 2 火山                                                                                                                                                        │
├──────────────────────────────────────────────────────────────────────────────────────────────────────────────────────────────────────────────────────────────────────────────────┤
│ VFVO53  2021-05-17 14:00:00  気象庁                                                                                                                                              │
└──────────────────────────────────────────────────────────────────────────────────────────────────────────────────────────────────────────────────────────────────────────────────┘
"
`;

exports[`NO_COLOR golden snapshot (chalk.level=0) > VFVO60-plume @ standard=140 1`] = `
"
┌──────────────────────────────────────────────────────────────────────────────────────────────────────────────────────────────────────────┐
│  桜島　推定噴煙流向報  [情報]                                                                                                            │
│  桜島                                                                                                                                    │
├──────────────────────────────────────────────────────────────────────────────────────────────────────────────────────────────────────────┤
│  爆発  1800m  南東                                                                                                                       │
│  火口: 南岳山頂火口                                                                                                                      │
│  噴煙: 火口上1800m                                                                                                                       │
│  流向: 南東                                                                                                                              │
├ 風向 ────────────────────────────────────────────────────────────────────────────────────────────────────────────────────────────────────┤
│ 高度             │ 風向(°)   │ 風速                                                                                                      │
│ 海抜0FT          │ 30°       │ 17kt                                                                                                      │
│ 海抜9000FT       │ 50°       │ 8kt                                                                                                       │
│ 海抜18000FT      │ 270°      │ 10kt                                                                                                      │
│ 海抜27000FT      │ 200°      │ 21kt                                                                                                      │
│ 海抜36000FT      │ 170°      │ 6kt                                                                                                       │
│  他 41 高度 (間引き)                                                                                                                     │
├──────────────────────────────────────────────────────────────────────────────────────────────────────────────────────────────────────────┤
│ VFVO60  2021-05-27 13:08:00  気象庁                                                                                                      │
└──────────────────────────────────────────────────────────────────────────────────────────────────────────────────────────────────────────┘
"
`;

exports[`NO_COLOR golden snapshot (chalk.level=0) > VFVO60-plume @ ultra-narrow=60 1`] = `
"
┌──────────────────────────────────────────────────────────┐
│  桜島　推定噴煙流向報  [情報]                            │
│  桜島                                                    │
├──────────────────────────────────────────────────────────┤
│  爆発  1800m  南東                                       │
│  火口: 南岳山頂火口                                      │
│  噴煙: 火口上1800m                                       │
│  流向: 南東                                              │
├ 風向 ────────────────────────────────────────────────────┤
│ 高度             │ 風向(°)   │ 風速                      │
│ 海抜0FT          │ 30°       │ 17kt                      │
│ 海抜9000FT       │ 50°       │ 8kt                       │
│ 海抜18000FT      │ 270°      │ 10kt                      │
│ 海抜27000FT      │ 200°      │ 21kt                      │
│ 海抜36000FT      │ 170°      │ 6kt                       │
│  他 41 高度 (間引き)                                     │
├──────────────────────────────────────────────────────────┤
│ VFVO60  2021-05-27 13:08:00  気象庁                      │
└──────────────────────────────────────────────────────────┘
"
`;

exports[`NO_COLOR golden snapshot (chalk.level=0) > VFVO60-plume @ wide=180 1`] = `
"
┌──────────────────────────────────────────────────────────────────────────────────────────────────────────────────────────────────────────────────────────────────────────────────┐
│  桜島　推定噴煙流向報  [情報]                                                                                                                                                    │
│  桜島                                                                                                                                                                            │
├──────────────────────────────────────────────────────────────────────────────────────────────────────────────────────────────────────────────────────────────────────────────────┤
│  爆発  1800m  南東                                                                                                                                                               │
│  火口: 南岳山頂火口                                                                                                                                                              │
│  噴煙: 火口上1800m                                                                                                                                                               │
│  流向: 南東                                                                                                                                                                      │
├ 風向 ────────────────────────────────────────────────────────────────────────────────────────────────────────────────────────────────────────────────────────────────────────────┤
│ 高度             │ 風向(°)   │ 風速                                                                                                                                              │
│ 海抜0FT          │ 30°       │ 17kt                                                                                                                                              │
│ 海抜9000FT       │ 50°       │ 8kt                                                                                                                                               │
│ 海抜18000FT      │ 270°      │ 10kt                                                                                                                                              │
│ 海抜27000FT      │ 200°      │ 21kt                                                                                                                                              │
│ 海抜36000FT      │ 170°      │ 6kt                                                                                                                                               │
│  他 41 高度 (間引き)                                                                                                                                                             │
├──────────────────────────────────────────────────────────────────────────────────────────────────────────────────────────────────────────────────────────────────────────────────┤
│ VFVO60  2021-05-27 13:08:00  気象庁                                                                                                                                              │
└──────────────────────────────────────────────────────────────────────────────────────────────────────────────────────────────────────────────────────────────────────────────────┘
"
`;
