// Vitest Snapshot v1, https://vitest.dev/guide/snapshot.html

exports[`NO_COLOR golden snapshot (chalk.level=0) > 15_16_01_241031_VPWW56.xml @ standard=80 1`] = `
"

 ★ L4 土砂災害危険警報　宗谷地方　昇格 1

╔══════════════════════════════════════════════════════════════════════════════╗
║ 宗谷地方土砂災害警報・注意報  発表  [緊急]                                   ║
╠   ★ 危険警報 (L4)    ════════════════════════════════════════════════════════╣
║ 級   種別                 地域            状態                               ║
║ ★    L4 土砂災害危険警報  宗谷北部           ▲ 警→危                         ║
╠    △ 注意報 (L2)     ════════════════════════════════════════════════════════╣
║ 級   種別                 地域            状態                               ║
║ △    L2 土砂災害注意報    宗谷南部             継続                          ║
║ △    L2 土砂災害注意報    利尻・礼文           継続                          ║
╠[詳細]════════════════════════════════════════════════════════════════════════╣
║   L4 土砂災害危険警報 宗谷北部 … 一部                                        ║
╠[補足]════════════════════════════════════════════════════════════════════════╣
║   [レベル４土砂災害危険警報の補足情報] 避難が必要となる危険な状況となってい  ║
║ ます。崖の近くや谷の出口など土砂災害警戒区域等にお住まいの方は、             ║
║ 市町村から発令される避難指示などの情報に留意し、少しでも安全な場所への速やか ║
║ な避難を心がけてください。                                                   ║
╠[行動の目安]══════════════════════════════════════════════════════════════════╣
║   ★ L4 危険警報 → 危険な場所から全員避難                                     ║
║   △ L2 注意報   → 避難行動を確認                                             ║
╠══════════════════════════════════════════════════════════════════════════════╣
║ VPWW56  2020-06-22 23:00:00  稚内地方気象台                                  ║
╚══════════════════════════════════════════════════════════════════════════════╝
"
`;

exports[`NO_COLOR golden snapshot (chalk.level=0) > 15_16_01_241031_VPWW56.xml @ ultra-narrow=60 1`] = `
"

 ★ L4 土砂災害危険警報　宗谷地方　昇格 1

╔══════════════════════════════════════════════════════════╗
║ 宗谷地方土砂災害警報・注意報  発表  [緊急]               ║
╠   ★ 危険警報 (L4)    ════════════════════════════════════╣
║ 級   種別                 地域                           ║
║ ★    L4 土砂災害危険警報  宗谷北部                       ║
╠    △ 注意報 (L2)     ════════════════════════════════════╣
║ 級   種別                 地域                           ║
║ △    L2 土砂災害注意報    宗谷南部                       ║
║ △    L2 土砂災害注意報    利尻・礼文                     ║
╠[詳細]════════════════════════════════════════════════════╣
║   L4 土砂災害危険警報 宗谷北部 … ▲ 警→危 / 一部          ║
║   L2 土砂災害注意報 宗谷南部 … 継続                      ║
║   L2 土砂災害注意報 利尻・礼文 … 継続                    ║
╠[補足]════════════════════════════════════════════════════╣
║   [レベル４土砂災害危険警報の補足情報] 避難が必要となる  ║
║ 危険な状況となっています。崖の近くや谷の出口など土砂災害 ║
║ 警戒区域等にお住まいの方は、市町村から発令される避難指示 ║
║ などの情報に留意し、少しでも安全な場所への速やかな避難を ║
║ 心がけてください。                                       ║
╠[行動の目安]══════════════════════════════════════════════╣
║   ★ L4 危険警報 → 危険な場所から全員避難                 ║
║   △ L2 注意報   → 避難行動を確認                         ║
╠══════════════════════════════════════════════════════════╣
║ VPWW56  2020-06-22 23:00:00  稚内地方気象台              ║
╚══════════════════════════════════════════════════════════╝
"
`;

exports[`NO_COLOR golden snapshot (chalk.level=0) > 15_16_01_241031_VPWW56.xml @ wide=140 1`] = `
"

 ★ L4 土砂災害危険警報　宗谷地方　昇格 1

╔══════════════════════════════════════════════════════════════════════════════════════════════════════════════════════════════════════════╗
║ 宗谷地方土砂災害警報・注意報  発表  [緊急]                                                                                               ║
╠   ★ 危険警報 (L4)    ════════════════════════════════════════════════════════════════════════════════════════════════════════════════════╣
║ 級   種別                 地域            状態           備考                                                                            ║
║ ★    L4 土砂災害危険警報  宗谷北部           ▲ 警→危     一部                                                                            ║
╠    △ 注意報 (L2)     ════════════════════════════════════════════════════════════════════════════════════════════════════════════════════╣
║ 級   種別                 地域            状態           備考                                                                            ║
║ △    L2 土砂災害注意報    宗谷南部             継続      全域                                                                            ║
║ △    L2 土砂災害注意報    利尻・礼文           継続      全域                                                                            ║
╠[補足]════════════════════════════════════════════════════════════════════════════════════════════════════════════════════════════════════╣
║   [レベル４土砂災害危険警報の補足情報] 避難が必要となる危険な状況となっています。崖の近くや谷の出口など土砂災害警戒区域等にお住まいの方  ║
║ は、市町村から発令される避難指示などの情報に留意し、少しでも安全な場所への速やかな避難を心がけてください。                               ║
╠[行動の目安]══════════════════════════════════════════════════════════════════════════════════════════════════════════════════════════════╣
║   ★ L4 危険警報 → 危険な場所から全員避難                                                                                                 ║
║   △ L2 注意報   → 避難行動を確認                                                                                                         ║
╠══════════════════════════════════════════════════════════════════════════════════════════════════════════════════════════════════════════╣
║ VPWW56  2020-06-22 23:00:00  稚内地方気象台                                                                                              ║
╚══════════════════════════════════════════════════════════════════════════════════════════════════════════════════════════════════════════╝
"
`;

exports[`NO_COLOR golden snapshot (chalk.level=0) > 15_16_07_250825_VPWW61.xml @ standard=80 1`] = `
"
┌──────────────────────────────────────────────────────────────────────────────┐
│ 宗谷地方雷・融雪・濃霧・乾燥・なだれ・低温・霜・着雪・着氷注意報  発表       │
│ [情報]                                                                       │
├       △ 注意報       ────────────────────────────────────────────────────────┤
│ 級   種別                 地域            状態                               │
│ △    雷注意報             宗谷北部          発表 ▲新規                       │
│ △    融雪注意報           宗谷北部             継続                          │
│ △    低温注意報           宗谷北部             継続                          │
│ △    濃霧注意報           宗谷南部             継続                          │
│ △    乾燥注意報           宗谷南部             継続                          │
│ △    なだれ注意報         宗谷南部             継続                          │
│ △    霜注意報             利尻・礼文           継続                          │
│ △    着氷注意報           利尻・礼文           継続                          │
│ △    着雪注意報           利尻・礼文           継続                          │
├[詳細]────────────────────────────────────────────────────────────────────────┤
│   雷注意報 宗谷北部 … 一部                                                   │
│   融雪注意報 宗谷北部 … 一部                                                 │
│   低温注意報 宗谷北部 … 一部                                                 │
│   濃霧注意報 宗谷南部 … 一部                                                 │
│   乾燥注意報 宗谷南部 … 一部                                                 │
│   なだれ注意報 宗谷南部 … 一部                                               │
│   霜注意報 利尻・礼文 … 一部                                                 │
│   着氷注意報 利尻・礼文 … 一部                                               │
│   着雪注意報 利尻・礼文 … 一部                                               │
├[行動の目安]──────────────────────────────────────────────────────────────────┤
│   △ 注意報 → 最新情報に注意し備える                                          │
├──────────────────────────────────────────────────────────────────────────────┤
│ VPWW61  2020-06-22 23:00:00  稚内地方気象台                                  │
└──────────────────────────────────────────────────────────────────────────────┘
"
`;

exports[`NO_COLOR golden snapshot (chalk.level=0) > 15_16_07_250825_VPWW61.xml @ ultra-narrow=60 1`] = `
"
┌──────────────────────────────────────────────────────────┐
│ 宗谷地方雷・融雪・濃霧・乾燥・なだれ・低温・霜・着雪・…  │
│ 発表  [情報]                                             │
├       △ 注意報       ────────────────────────────────────┤
│ 級   種別                 地域                           │
│ △    雷注意報             宗谷北部                       │
│ △    融雪注意報           宗谷北部                       │
│ △    低温注意報           宗谷北部                       │
│ △    濃霧注意報           宗谷南部                       │
│ △    乾燥注意報           宗谷南部                       │
│ △    なだれ注意報         宗谷南部                       │
│ △    霜注意報             利尻・礼文                     │
│ △    着氷注意報           利尻・礼文                     │
│ △    着雪注意報           利尻・礼文                     │
├[詳細]────────────────────────────────────────────────────┤
│   雷注意報 宗谷北部 … 発表 ▲新規 / 一部                  │
│   融雪注意報 宗谷北部 … 継続 / 一部                      │
│   低温注意報 宗谷北部 … 継続 / 一部                      │
│   濃霧注意報 宗谷南部 … 継続 / 一部                      │
│   乾燥注意報 宗谷南部 … 継続 / 一部                      │
│   なだれ注意報 宗谷南部 … 継続 / 一部                    │
│   霜注意報 利尻・礼文 … 継続 / 一部                      │
│   着氷注意報 利尻・礼文 … 継続 / 一部                    │
│   着雪注意報 利尻・礼文 … 継続 / 一部                    │
├[行動の目安]──────────────────────────────────────────────┤
│   △ 注意報 → 最新情報に注意し備える                      │
├──────────────────────────────────────────────────────────┤
│ VPWW61  2020-06-22 23:00:00  稚内地方気象台              │
└──────────────────────────────────────────────────────────┘
"
`;

exports[`NO_COLOR golden snapshot (chalk.level=0) > 15_16_07_250825_VPWW61.xml @ wide=140 1`] = `
"
┌──────────────────────────────────────────────────────────────────────────────────────────────────────────────────────────────────────────┐
│ 宗谷地方雷・融雪・濃霧・乾燥・なだれ・低温・霜・着雪・着氷注意報  発表  [情報]                                                           │
├       △ 注意報       ────────────────────────────────────────────────────────────────────────────────────────────────────────────────────┤
│ 級   種別                 地域            状態           備考                                                                            │
│ △    雷注意報             宗谷北部          発表 ▲新規   一部                                                                            │
│ △    融雪注意報           宗谷北部             継続      一部                                                                            │
│ △    低温注意報           宗谷北部             継続      一部                                                                            │
│ △    濃霧注意報           宗谷南部             継続      一部                                                                            │
│ △    乾燥注意報           宗谷南部             継続      一部                                                                            │
│ △    なだれ注意報         宗谷南部             継続      一部                                                                            │
│ △    霜注意報             利尻・礼文           継続      一部                                                                            │
│ △    着氷注意報           利尻・礼文           継続      一部                                                                            │
│ △    着雪注意報           利尻・礼文           継続      一部                                                                            │
├[行動の目安]──────────────────────────────────────────────────────────────────────────────────────────────────────────────────────────────┤
│   △ 注意報 → 最新情報に注意し備える                                                                                                      │
├──────────────────────────────────────────────────────────────────────────────────────────────────────────────────────────────────────────┤
│ VPWW61  2020-06-22 23:00:00  稚内地方気象台                                                                                              │
└──────────────────────────────────────────────────────────────────────────────────────────────────────────────────────────────────────────┘
"
`;

exports[`NO_COLOR golden snapshot (chalk.level=0) > 15_17_01_251222_VPWW55.xml @ standard=80 1`] = `
"

 ☆ L3 大雨警報　東部　解除 1

╔══════════════════════════════════════════════════════════════════════════════╗
║ 島根県大雨警報・注意報  発表  [警告]                                         ║
╠     ☆ 警報 (L3)      ════════════════════════════════════════════════════════╣
║ 級   種別                 地域            状態                               ║
║ ☆    L3 大雨警報          松江地区             継続                          ║
║ ☆    L3 大雨警報          出雲地区             継続                          ║
║ ☆    L3 大雨警報          雲南地区             継続                          ║
║ ☆    L3 大雨警報          大田邑智地区         継続                          ║
║ ☆    L3 大雨警報          浜田地区             継続                          ║
║ ☆    L3 大雨警報          益田地区             継続                          ║
╠        ▼ 解除        ════════════════════════════════════════════════════════╣
║ 級   種別                 地域            状態                               ║
║ ▼    大雨注意報           隠岐                ▼解除                          ║
╠[詳細]════════════════════════════════════════════════════════════════════════╣
║   L3 大雨警報 雲南地区 … 一部                                                ║
║   L3 大雨警報 大田邑智地区 … 一部                                            ║
║   大雨注意報 隠岐 … 一部                                                     ║
╠[行動の目安]══════════════════════════════════════════════════════════════════╣
║   ☆ L3 警報 → 高齢者等は避難                                                 ║
╠══════════════════════════════════════════════════════════════════════════════╣
║ VPWW55  2024-11-02 11:19:00  松江地方気象台                                  ║
╚══════════════════════════════════════════════════════════════════════════════╝
"
`;

exports[`NO_COLOR golden snapshot (chalk.level=0) > 15_17_01_251222_VPWW55.xml @ ultra-narrow=60 1`] = `
"

 ☆ L3 大雨警報　東部　解除 1

╔══════════════════════════════════════════════════════════╗
║ 島根県大雨警報・注意報  発表  [警告]                     ║
╠     ☆ 警報 (L3)      ════════════════════════════════════╣
║ 級   種別                 地域                           ║
║ ☆    L3 大雨警報          松江地区                       ║
║ ☆    L3 大雨警報          出雲地区                       ║
║ ☆    L3 大雨警報          雲南地区                       ║
║ ☆    L3 大雨警報          大田邑智地区                   ║
║ ☆    L3 大雨警報          浜田地区                       ║
║ ☆    L3 大雨警報          益田地区                       ║
╠        ▼ 解除        ════════════════════════════════════╣
║ 級   種別                 地域                           ║
║ ▼    大雨注意報           隠岐                           ║
╠[詳細]════════════════════════════════════════════════════╣
║   L3 大雨警報 松江地区 … 継続                            ║
║   L3 大雨警報 出雲地区 … 継続                            ║
║   L3 大雨警報 雲南地区 … 継続 / 一部                     ║
║   L3 大雨警報 大田邑智地区 … 継続 / 一部                 ║
║   L3 大雨警報 浜田地区 … 継続                            ║
║   L3 大雨警報 益田地区 … 継続                            ║
║   大雨注意報 隠岐 … ▼解除 / 一部                         ║
╠[行動の目安]══════════════════════════════════════════════╣
║   ☆ L3 警報 → 高齢者等は避難                             ║
╠══════════════════════════════════════════════════════════╣
║ VPWW55  2024-11-02 11:19:00  松江地方気象台              ║
╚══════════════════════════════════════════════════════════╝
"
`;

exports[`NO_COLOR golden snapshot (chalk.level=0) > 15_17_01_251222_VPWW55.xml @ wide=140 1`] = `
"

 ☆ L3 大雨警報　東部　解除 1

╔══════════════════════════════════════════════════════════════════════════════════════════════════════════════════════════════════════════╗
║ 島根県大雨警報・注意報  発表  [警告]                                                                                                     ║
╠     ☆ 警報 (L3)      ════════════════════════════════════════════════════════════════════════════════════════════════════════════════════╣
║ 級   種別                 地域            状態           備考                                                                            ║
║ ☆    L3 大雨警報          松江地区             継続      全域                                                                            ║
║ ☆    L3 大雨警報          出雲地区             継続      全域                                                                            ║
║ ☆    L3 大雨警報          雲南地区             継続      一部                                                                            ║
║ ☆    L3 大雨警報          大田邑智地区         継続      一部                                                                            ║
║ ☆    L3 大雨警報          浜田地区             継続      全域                                                                            ║
║ ☆    L3 大雨警報          益田地区             継続      全域                                                                            ║
╠        ▼ 解除        ════════════════════════════════════════════════════════════════════════════════════════════════════════════════════╣
║ 級   種別                 地域            状態           備考                                                                            ║
║ ▼    大雨注意報           隠岐                ▼解除      一部                                                                            ║
╠[行動の目安]══════════════════════════════════════════════════════════════════════════════════════════════════════════════════════════════╣
║   ☆ L3 警報 → 高齢者等は避難                                                                                                             ║
╠══════════════════════════════════════════════════════════════════════════════════════════════════════════════════════════════════════════╣
║ VPWW55  2024-11-02 11:19:00  松江地方気象台                                                                                              ║
╚══════════════════════════════════════════════════════════════════════════════════════════════════════════════════════════════════════════╝
"
`;
