// Vitest Snapshot v1, https://vitest.dev/guide/snapshot.html

exports[`displayWeatherExplanation - VMCJ53-55 潮位セクション > NO_COLOR snapshot: VMCJ53 大潮 / VMCJ55 副振動 / VMCJ55 千葉・大潮 1`] = `
"
┌──────────────────────────────────────────────────────────────────────────────┐
│ 全般気象解説情報（潮位）  発表  [情報]                                       │
│ 全般気象解説情報（大潮）                                                     │
├──────────────────────────────────────────────────────────────────────────────┤
│  大潮                                                                        │
├──────────────────────────────────────────────────────────────────────────────┤
│ [対象地域]                                                                   │
│   全国                                                                       │
├──────────────────────────────────────────────────────────────────────────────┤
│ [ヘッドライン]                                                               │
│   １１月１６日の満月の前後は大潮の時期にあたり、満潮の時間帯を中心に潮位が高 │
│   くなります。東北地方の太平洋沿岸、北陸地方及び西日本の沿岸の一部では、     │
│   海岸や河口付近の低い土地で浸水や冠水のおそれがあります。                   │
├──────────────────────────────────────────────────────────────────────────────┤
│   ▸ 概況                                                                     │
│     １１月１６日の満月の前後は大潮の時期にあたるため、                       │
│     満潮の時間帯を中心に潮位が高くなります。                                 │
├──────────────────────────────────────────────────────────────────────────────┤
│   ▸ 防災事項                                                                 │
│     東北地方の太平洋沿岸、北陸地方、中国地方、四国地方、                     │
│     九州北部地方（山口県を含む）及び九州南部の沿岸の一部では、               │
│     １１月１４日から１１月２１日にかけて、満潮の時間帯を中心に海岸や河口付近 │
│     の低い土地で浸水や冠水のおそれがありますので注意してください。           │
│      なお、この期間中に低気圧の通過等があった場合や、                        │
│      短時間に海面が昇降を繰り返す副振動の発生等があった場合は、              │
│      さらに潮位が上昇する可能性があります。                                  │
├──────────────────────────────────────────────────────────────────────────────┤
│   ▸ 付加情報                                                                 │
│     平成２３年（２０１１年）東北地方太平洋沖地震の影響により、               │
│     東北地方から関東地方北部の太平洋沿岸では現在も地震の前より地盤が低くなっ │
│     ている地域があります。                                                   │
│      また、令和６年能登半島地震の影響により、石川県の沿岸の一部では浸水や冠  │
│      水の起きやすくなっているところがあります。                              │
│      今後発表される高潮警報・注意報や気象解説情報に十分留意してください。    │
├──────────────────────────────────────────────────────────────────────────────┤
│ VMCJ53  2024-11-13 11:15:00  気象庁                                          │
└──────────────────────────────────────────────────────────────────────────────┘
"
`;

exports[`displayWeatherExplanation - VMCJ53-55 潮位セクション > NO_COLOR snapshot: VMCJ53 大潮 / VMCJ55 副振動 / VMCJ55 千葉・大潮 2`] = `
"
┌──────────────────────────────────────────────────────────────────────────────┐
│ 府県気象解説情報（潮位）  発表  [情報]                                       │
│ 胆振・日高地方気象解説情報（副振動）                                         │
├──────────────────────────────────────────────────────────────────────────────┤
│  副振動                                                                      │
├──────────────────────────────────────────────────────────────────────────────┤
│ [対象地域]                                                                   │
│   胆振地方, 日高地方                                                         │
├──────────────────────────────────────────────────────────────────────────────┤
│ [ヘッドライン]                                                               │
│   胆振・日高地方の沿岸では、最大で約８０センチの顕著な海面昇降が発生していま │
│   す。海面の昇降やこれに伴って生じる強い流れにより、船舶や海上係留物への被害 │
│   が生じる恐れがあります。                                                   │
├──────────────────────────────────────────────────────────────────────────────┤
│   ▸ 概況                                                                     │
│     胆振・日高地方の沿岸では、９月１９日昼過ぎから顕著な海面昇降が発生してい │
│     ます。                                                                   │
├──────────────────────────────────────────────────────────────────────────────┤
│   ▸ 観測実況                                                                 │
│     １９日１３時０５分までに観測された海面昇降の山から谷の高さの最大値の発生 │
│     時刻と高さ及び周期は以下のとおりです。（速報値）                         │
│     観測された海面昇降の山から谷の高さの最大値の発生時刻と高さ及び周期（速報 │
│     値）                                                                     │
│     苫小牧東（港湾局）  １９日１２時２０分ごろ　約８０センチ　約６０分       │
├──────────────────────────────────────────────────────────────────────────────┤
│   ▸ 防災事項                                                                 │
│     この海面昇降は副振動と呼ばれ、湾内や海峡などで時々発生します。           │
│     高潮や津波とは原因が異なり、海面上の気圧の微小な振動によって引き起こされ │
│     たものと考えられます。                                                   │
│     今後も大きい海面の昇降や強い流れが繰り返し発生する可能性がありますので、 │
│     船舶や海上係留物への被害に注意してください。                             │
├──────────────────────────────────────────────────────────────────────────────┤
│   ▸ 付加情報                                                                 │
│     今後発表される高潮警報・注意報や潮位情報に十分留意してください。         │
├──────────────────────────────────────────────────────────────────────────────┤
│   ▸ 予想: 次の満潮・干潮時刻                                                 │
│     次の満潮・干潮時刻は、以下のとおりです。                                 │
│     苫小牧東（港湾局）  [９月１９日] 満潮時刻　１９日１７時０２分            │
│     苫小牧東（港湾局）  [９月１９日] 干潮時刻　１９日２３時４０分            │
│     苫小牧西（港湾局）  [９月１９日] 満潮時刻　１９日１７時０１分            │
│     苫小牧西（港湾局）  [９月１９日] 干潮時刻　１９日２３時３９分            │
├──────────────────────────────────────────────────────────────────────────────┤
│ VMCJ55  2023-09-19 13:23:00  室蘭地方気象台                                  │
└──────────────────────────────────────────────────────────────────────────────┘
"
`;

exports[`displayWeatherExplanation - VMCJ53-55 潮位セクション > NO_COLOR snapshot: VMCJ53 大潮 / VMCJ55 副振動 / VMCJ55 千葉・大潮 3`] = `
"
┌──────────────────────────────────────────────────────────────────────────────┐
│ 府県気象解説情報（潮位）  発表  [情報]                                       │
│ 千葉県気象解説情報（大潮による高い潮位）                                     │
├──────────────────────────────────────────────────────────────────────────────┤
│  大潮                                                                        │
├──────────────────────────────────────────────────────────────────────────────┤
│ [対象地域]                                                                   │
│   北西部, 北東部, 南部                                                       │
├──────────────────────────────────────────────────────────────────────────────┤
│ [ヘッドライン]                                                               │
│   千葉県の沿岸では、７月４日から７月１０日にかけて満潮の時間帯を中心に潮位が │
│   高くなるため、海岸や河口付近の低い土地では浸水や冠水のおそれがあります。   │
├──────────────────────────────────────────────────────────────────────────────┤
│   ▸ 概況                                                                     │
│     夏から秋にかけては、海水温が高いなどの影響で、平常時の潮位が年間で高い時 │
│     期となります。                                                           │
│      ７月６日の新月の前後は大潮の時期にあたるため、満潮の時間帯を中心に潮位  │
│      が高くなる所があります。                                                │
├──────────────────────────────────────────────────────────────────────────────┤
│   ▸ 防災事項                                                                 │
│     千葉県の沿岸では、７月４日から７月１０日にかけて、                       │
│     満潮の時間帯を中心に海岸や河口付近の低い土地で浸水や冠水のおそれがありま │
│     すので注意してください。                                                 │
│      また、この期間中に台風や低気圧が接近・通過した場合や、                  │
│      海面が短時間に昇降を繰り返す副振動の発生等があった場合には、            │
│      さらに潮位が上昇する可能性があります。                                  │
├──────────────────────────────────────────────────────────────────────────────┤
│   ▸ 付加情報                                                                 │
│     今後発表される高潮警報・注意報や潮位情報に十分留意してください。         │
├──────────────────────────────────────────────────────────────────────────────┤
│   ▸ 予想: 予想される満潮時刻及び平常時の潮位（標高で表示）                   │
│     銚子漁港  [７月　４日] 満潮 ０１時０１分　５０センチ                     │
│     銚子漁港  [７月　４日] 満潮 １６時４５分　３６センチ                     │
│     銚子漁港  [７月　５日] 満潮 ０１時５５分　５３センチ                     │
│     銚子漁港  [７月　５日] 満潮 １７時２３分　３９センチ                     │
│     銚子漁港  [７月　６日] 満潮 ０２時４５分　５６センチ                     │
│     銚子漁港  [７月　６日] 満潮 １７時５６分　３９センチ                     │
│     銚子漁港  [７月　７日] 満潮 ０３時３２分　５７センチ                     │
│     銚子漁港  [７月　７日] 満潮 １８時２５分　３８センチ                     │
│     銚子漁港  [７月　８日] 満潮 ０４時１５分　５７センチ                     │
│     銚子漁港  [７月　８日] 満潮 １８時５２分　３６センチ                     │
│     銚子漁港  [７月　９日] 満潮 ０４時５７分　５４センチ                     │
│     銚子漁港  [７月　９日] 満潮 １９時１７分　３５センチ                     │
│     銚子漁港  [７月１０日] 満潮 ０５時３７分　４８センチ                     │
│     銚子漁港  [７月１０日] 満潮 １９時４０分　３５センチ                     │
│     布良  [７月　４日] 満潮 ０１時４６分　６２センチ                         │
│     布良  [７月　４日] 満潮 １６時５４分　５６センチ                         │
│     布良  [７月　５日] 満潮 ０２時３７分　６５センチ                         │
│     布良  [７月　５日] 満潮 １７時３４分　５９センチ                         │
│     布良  [７月　６日] 満潮 ０３時２５分　６８センチ                         │
│     布良  [７月　６日] 満潮 １８時０８分　５９センチ                         │
│     布良  [７月　７日] 満潮 ０４時０９分　６９センチ                         │
│     布良  [７月　７日] 満潮 １８時４０分　５８センチ                         │
│     布良  [７月　８日] 満潮 ０４時５０分　６８センチ                         │
│     布良  [７月　８日] 満潮 １９時０８分　５６センチ                         │
│     布良  [７月　９日] 満潮 ０５時３０分　６５センチ                         │
│     布良  [７月　９日] 満潮 １９時３５分　５４センチ                         │
│     布良  [７月１０日] 満潮 ０６時１０分　５９センチ                         │
│     布良  [７月１０日] 満潮 ２０時００分　５２センチ                         │
├──────────────────────────────────────────────────────────────────────────────┤
│ VMCJ55  2024-07-03 11:17:00  銚子地方気象台                                  │
└──────────────────────────────────────────────────────────────────────────────┘
"
`;
