// Vitest Snapshot v1, https://vitest.dev/guide/snapshot.html

exports[`fixture スナップショット固定 (spec T4/T5 受け入れ基準) > VFVO56 fixture 4 件すべてで読み下せる一文 (改行・連続全角空白なし) 1`] = `
[
  "噴火速報：御嶽山で午前11時53分ごろ、噴火が発生しました。",
  "噴火速報：御嶽山で午前11時53分ごろ、噴火したもようが発生しました。",
  "噴火速報：御嶽山で午前11時52分ごろ、噴火したもようが発生しました。",
  "噴火速報を取り消します。",
]
`;

exports[`fixture スナップショット固定 (spec T4/T5 受け入れ基準) > VPAW51 fixture 8 件すべてで headline 単独ではない一文が生成される 1`] = `
[
  "東北地方では１２月１０日頃からの約５日間、かなりの高温となる可能性があります（確率30%以上）。",
  "東北地方では１２月１０日頃からの約５日間、かなりの低温となる可能性があります（確率30%以上）。",
  "東北地方では１２月１０日頃からの約５日間、大雪となる可能性があります（確率30%以上）。",
  "東北地方では１１月２６日頃からの約５日間、大雪となる可能性があります（確率30%以上）。",
  "東北地方では１２月１０日頃からの約５日間、かなりの低温となる可能性があります（確率30%以上）。ほか1件。",
  "東北地方では１２月１０日頃からの約５日間、かなりの低温となる可能性があります（確率30%以上）。ほか1件。",
  "東北地方では１２月１０日頃からの約５日間、かなりの高温となる可能性があります（確率30%以上）。ほか1件。",
  "東北地方では１２月１０日頃からの約５日間、かなりの高温となる可能性があります（確率30%以上）。ほか1件。",
]
`;
